2026-09-06T05:20:00+00:00 WARNING Laravel returned an error status {"path":"\/api\/v1\/chat","status":429}
2026-09-06T09:30:02+00:00 WARNING Laravel returned an error status {"path":"\/api\/v1\/chat","status":401}
2026-09-06T09:30:19+00:00 WARNING Laravel returned an error status {"path":"\/api\/v1\/conversations?per_page=5","status":401}
2026-09-06T09:30:21+00:00 WARNING Laravel returned an error status {"path":"\/api\/v1\/site","status":401}
2026-09-06T09:30:23+00:00 WARNING Laravel returned an error status {"path":"\/api\/v1\/usage","status":401}
2026-09-06T09:30:26+00:00 WARNING Laravel returned an error status {"path":"\/api\/v1\/site","status":401}
2026-09-06T09:30:29+00:00 WARNING Laravel returned an error status {"path":"\/api\/v1\/usage","status":401}
2026-09-06T09:30:29+00:00 WARNING Laravel returned an error status {"path":"\/api\/v1\/site","status":401}
2026-09-06T09:30:36+00:00 WARNING Laravel returned an error status {"path":"\/api\/v1\/site","status":401}
2026-09-06T09:30:36+00:00 WARNING Laravel returned an error status {"path":"\/api\/v1\/events","status":401}
2026-09-06T09:30:36+00:00 WARNING Laravel returned an error status {"path":"\/api\/v1\/conversations?per_page=5","status":401}
2026-09-06T09:34:22+00:00 WARNING Laravel returned an error status {"path":"\/api\/v1\/site","status":401}
2026-09-06T09:34:22+00:00 WARNING Laravel returned an error status {"path":"\/api\/v1\/usage","status":401}
2026-09-06T09:34:22+00:00 WARNING Laravel returned an error status {"path":"\/api\/v1\/site","status":401}
2026-09-06T09:34:24+00:00 WARNING Laravel returned an error status {"path":"\/api\/v1\/usage","status":401}
2026-09-06T09:34:24+00:00 WARNING Laravel returned an error status {"path":"\/api\/v1\/site","status":401}
2026-09-06T09:34:26+00:00 WARNING Laravel returned an error status {"path":"\/api\/v1\/conversations?per_page=25","status":401}
2026-09-06T09:34:43+00:00 WARNING Laravel returned an error status {"path":"\/api\/v1\/chat","status":401}
2026-09-06T09:34:50+00:00 WARNING Laravel returned an error status {"path":"\/api\/v1\/conversations?per_page=25","status":401}
2026-09-06T09:34:54+00:00 WARNING Laravel returned an error status {"path":"\/api\/v1\/conversations?per_page=25","status":401}
2026-09-06T09:35:01+00:00 WARNING Laravel returned an error status {"path":"\/api\/v1\/conversations?per_page=25","status":401}
2026-09-06T09:35:01+00:00 WARNING Laravel returned an error status {"path":"\/api\/v1\/conversations?per_page=25","status":401}
2026-09-06T09:35:02+00:00 WARNING Laravel returned an error status {"path":"\/api\/v1\/conversations?per_page=25","status":401}
2026-09-06T09:35:02+00:00 WARNING Laravel returned an error status {"path":"\/api\/v1\/conversations?per_page=25","status":401}
2026-09-06T09:35:02+00:00 WARNING Laravel returned an error status {"path":"\/api\/v1\/conversations?per_page=25","status":401}
2026-09-06T09:35:03+00:00 WARNING Laravel returned an error status {"path":"\/api\/v1\/conversations?per_page=25","status":401}
2026-09-06T09:35:05+00:00 WARNING Laravel returned an error status {"path":"\/api\/v1\/usage","status":401}
2026-09-06T09:35:05+00:00 WARNING Laravel returned an error status {"path":"\/api\/v1\/site","status":401}
2026-09-06T09:35:18+00:00 WARNING Laravel returned an error status {"path":"\/api\/v1\/site","status":401}
2026-09-06T10:00:53+00:00 WARNING Laravel returned an error status {"path":"\/api\/v1\/site","status":404}
2026-09-06T10:04:33+00:00 WARNING Laravel returned an error status {"path":"\/api\/v1\/chat","status":404}
2026-09-06T10:05:19+00:00 WARNING Laravel returned an error status {"path":"\/api\/v1\/conversations?per_page=25","status":401}
2026-09-06T10:05:24+00:00 WARNING Laravel returned an error status {"path":"\/api\/v1\/conversations?per_page=25","status":401}
2026-09-06T10:05:24+00:00 WARNING Laravel returned an error status {"path":"\/api\/v1\/conversations?per_page=25","status":401}
2026-09-06T10:05:24+00:00 WARNING Laravel returned an error status {"path":"\/api\/v1\/conversations?per_page=25","status":401}
2026-09-06T10:05:25+00:00 WARNING Laravel returned an error status {"path":"\/api\/v1\/conversations?per_page=25","status":401}
2026-09-06T10:05:25+00:00 WARNING Laravel returned an error status {"path":"\/api\/v1\/conversations?per_page=25","status":401}
2026-09-06T10:05:25+00:00 WARNING Laravel returned an error status {"path":"\/api\/v1\/conversations?per_page=25","status":401}
2026-09-06T10:05:25+00:00 WARNING Laravel returned an error status {"path":"\/api\/v1\/conversations?per_page=25","status":401}
2026-09-06T10:05:26+00:00 WARNING Laravel returned an error status {"path":"\/api\/v1\/conversations?per_page=25","status":401}
2026-09-06T10:05:27+00:00 WARNING Laravel returned an error status {"path":"\/api\/v1\/conversations?per_page=25","status":401}
2026-09-06T10:05:27+00:00 WARNING Laravel returned an error status {"path":"\/api\/v1\/conversations?per_page=25","status":401}
2026-09-06T10:05:27+00:00 WARNING Laravel returned an error status {"path":"\/api\/v1\/conversations?per_page=25","status":401}
2026-09-06T10:05:27+00:00 WARNING Laravel returned an error status {"path":"\/api\/v1\/conversations?per_page=25","status":401}
2026-09-06T10:05:27+00:00 WARNING Laravel returned an error status {"path":"\/api\/v1\/conversations?per_page=25","status":401}
2026-09-06T10:06:20+00:00 WARNING Laravel returned an error status {"path":"\/api\/v1\/chat","status":404}
2026-09-06T10:07:24+00:00 WARNING Laravel returned an error status {"path":"\/api\/v1\/chat","status":429}
2026-09-06T10:09:12+00:00 WARNING Laravel returned an error status {"path":"\/api\/v1\/chat","status":404}
2026-09-06T10:09:25+00:00 WARNING Laravel returned an error status {"path":"\/api\/v1\/chat","status":404}
2026-09-06T10:21:29+00:00 WARNING Laravel returned an error status {"path":"\/api\/v1\/conversations\/edff3259-84b7-4c79-83b6-8255f6572c28\/messages?visitor_id=ce2c6e2f-3a4d-47b3-b0a9-08eafeb2ac99&after_id=0","status":401}
2026-09-06T10:21:38+00:00 WARNING Laravel returned an error status {"path":"\/api\/v1\/conversations\/edff3259-84b7-4c79-83b6-8255f6572c28\/messages?visitor_id=ce2c6e2f-3a4d-47b3-b0a9-08eafeb2ac99&after_id=0","status":401}
2026-09-06T10:21:43+00:00 WARNING Laravel returned an error status {"path":"\/api\/v1\/conversations\/edff3259-84b7-4c79-83b6-8255f6572c28\/messages?visitor_id=ce2c6e2f-3a4d-47b3-b0a9-08eafeb2ac99&after_id=0","status":401}
2026-09-06T10:21:48+00:00 WARNING Laravel returned an error status {"path":"\/api\/v1\/conversations\/edff3259-84b7-4c79-83b6-8255f6572c28\/messages?visitor_id=ce2c6e2f-3a4d-47b3-b0a9-08eafeb2ac99&after_id=0","status":401}
2026-09-06T10:21:53+00:00 WARNING Laravel returned an error status {"path":"\/api\/v1\/conversations\/edff3259-84b7-4c79-83b6-8255f6572c28\/messages?visitor_id=ce2c6e2f-3a4d-47b3-b0a9-08eafeb2ac99&after_id=0","status":401}
2026-09-06T10:21:58+00:00 WARNING Laravel returned an error status {"path":"\/api\/v1\/conversations\/edff3259-84b7-4c79-83b6-8255f6572c28\/messages?visitor_id=ce2c6e2f-3a4d-47b3-b0a9-08eafeb2ac99&after_id=0","status":401}
2026-09-06T10:22:03+00:00 WARNING Laravel returned an error status {"path":"\/api\/v1\/conversations\/edff3259-84b7-4c79-83b6-8255f6572c28\/messages?visitor_id=ce2c6e2f-3a4d-47b3-b0a9-08eafeb2ac99&after_id=0","status":401}
2026-09-06T10:22:08+00:00 WARNING Laravel returned an error status {"path":"\/api\/v1\/conversations\/edff3259-84b7-4c79-83b6-8255f6572c28\/messages?visitor_id=ce2c6e2f-3a4d-47b3-b0a9-08eafeb2ac99&after_id=0","status":401}
2026-09-06T10:22:13+00:00 WARNING Laravel returned an error status {"path":"\/api\/v1\/conversations\/edff3259-84b7-4c79-83b6-8255f6572c28\/messages?visitor_id=ce2c6e2f-3a4d-47b3-b0a9-08eafeb2ac99&after_id=0","status":401}
2026-09-06T10:22:18+00:00 WARNING Laravel returned an error status {"path":"\/api\/v1\/conversations\/edff3259-84b7-4c79-83b6-8255f6572c28\/messages?visitor_id=ce2c6e2f-3a4d-47b3-b0a9-08eafeb2ac99&after_id=0","status":401}
2026-09-06T10:22:23+00:00 WARNING Laravel returned an error status {"path":"\/api\/v1\/conversations\/edff3259-84b7-4c79-83b6-8255f6572c28\/messages?visitor_id=ce2c6e2f-3a4d-47b3-b0a9-08eafeb2ac99&after_id=0","status":401}
2026-09-06T10:22:39+00:00 WARNING Laravel returned an error status {"path":"\/api\/v1\/chat","status":429}
2026-09-06T10:24:07+00:00 WARNING Laravel returned an error status {"path":"\/api\/v1\/conversations\/0a2ed520-30c8-4beb-b6f1-8d3f1f09b5a7\/messages?visitor_id=a6e33bb5-c131-4721-9f74-2e382c5cb98c&after_id=0","status":401}
2026-09-06T10:24:20+00:00 WARNING Laravel returned an error status {"path":"\/api\/v1\/conversations\/0a2ed520-30c8-4beb-b6f1-8d3f1f09b5a7\/messages?visitor_id=a6e33bb5-c131-4721-9f74-2e382c5cb98c&after_id=0","status":401}
2026-09-06T10:24:24+00:00 WARNING Laravel returned an error status {"path":"\/api\/v1\/conversations\/0a2ed520-30c8-4beb-b6f1-8d3f1f09b5a7\/messages?visitor_id=a6e33bb5-c131-4721-9f74-2e382c5cb98c&after_id=0","status":401}
2026-09-06T10:24:29+00:00 WARNING Laravel returned an error status {"path":"\/api\/v1\/conversations\/0a2ed520-30c8-4beb-b6f1-8d3f1f09b5a7\/messages?visitor_id=a6e33bb5-c131-4721-9f74-2e382c5cb98c&after_id=0","status":401}
2026-09-06T10:24:34+00:00 WARNING Laravel returned an error status {"path":"\/api\/v1\/conversations\/0a2ed520-30c8-4beb-b6f1-8d3f1f09b5a7\/messages?visitor_id=a6e33bb5-c131-4721-9f74-2e382c5cb98c&after_id=0","status":401}
2026-09-06T10:24:39+00:00 WARNING Laravel returned an error status {"path":"\/api\/v1\/conversations\/0a2ed520-30c8-4beb-b6f1-8d3f1f09b5a7\/messages?visitor_id=a6e33bb5-c131-4721-9f74-2e382c5cb98c&after_id=0","status":401}
2026-09-06T10:24:44+00:00 WARNING Laravel returned an error status {"path":"\/api\/v1\/conversations\/0a2ed520-30c8-4beb-b6f1-8d3f1f09b5a7\/messages?visitor_id=a6e33bb5-c131-4721-9f74-2e382c5cb98c&after_id=0","status":401}
2026-09-06T10:24:49+00:00 WARNING Laravel returned an error status {"path":"\/api\/v1\/conversations\/0a2ed520-30c8-4beb-b6f1-8d3f1f09b5a7\/messages?visitor_id=a6e33bb5-c131-4721-9f74-2e382c5cb98c&after_id=0","status":401}
2026-09-06T10:24:54+00:00 WARNING Laravel returned an error status {"path":"\/api\/v1\/conversations\/0a2ed520-30c8-4beb-b6f1-8d3f1f09b5a7\/messages?visitor_id=a6e33bb5-c131-4721-9f74-2e382c5cb98c&after_id=0","status":401}
2026-09-06T10:24:59+00:00 WARNING Laravel returned an error status {"path":"\/api\/v1\/conversations\/0a2ed520-30c8-4beb-b6f1-8d3f1f09b5a7\/messages?visitor_id=a6e33bb5-c131-4721-9f74-2e382c5cb98c&after_id=0","status":401}
2026-09-06T10:25:04+00:00 WARNING Laravel returned an error status {"path":"\/api\/v1\/conversations\/0a2ed520-30c8-4beb-b6f1-8d3f1f09b5a7\/messages?visitor_id=a6e33bb5-c131-4721-9f74-2e382c5cb98c&after_id=0","status":401}
2026-09-06T10:25:09+00:00 WARNING Laravel returned an error status {"path":"\/api\/v1\/conversations\/0a2ed520-30c8-4beb-b6f1-8d3f1f09b5a7\/messages?visitor_id=a6e33bb5-c131-4721-9f74-2e382c5cb98c&after_id=0","status":401}
2026-09-06T10:25:14+00:00 WARNING Laravel returned an error status {"path":"\/api\/v1\/conversations\/0a2ed520-30c8-4beb-b6f1-8d3f1f09b5a7\/messages?visitor_id=a6e33bb5-c131-4721-9f74-2e382c5cb98c&after_id=0","status":401}
2026-09-06T10:25:19+00:00 WARNING Laravel returned an error status {"path":"\/api\/v1\/conversations\/0a2ed520-30c8-4beb-b6f1-8d3f1f09b5a7\/messages?visitor_id=a6e33bb5-c131-4721-9f74-2e382c5cb98c&after_id=0","status":401}
2026-09-06T10:25:24+00:00 WARNING Laravel returned an error status {"path":"\/api\/v1\/conversations\/0a2ed520-30c8-4beb-b6f1-8d3f1f09b5a7\/messages?visitor_id=a6e33bb5-c131-4721-9f74-2e382c5cb98c&after_id=0","status":401}
2026-09-06T10:25:29+00:00 WARNING Laravel returned an error status {"path":"\/api\/v1\/conversations\/0a2ed520-30c8-4beb-b6f1-8d3f1f09b5a7\/messages?visitor_id=a6e33bb5-c131-4721-9f74-2e382c5cb98c&after_id=0","status":401}
2026-09-06T10:26:42+00:00 WARNING Laravel returned an error status {"path":"\/api\/v1\/conversations\/edff3259-84b7-4c79-83b6-8255f6572c28\/messages?visitor_id=ce2c6e2f-3a4d-47b3-b0a9-08eafeb2ac99&after_id=0","status":401}
2026-09-06T10:26:54+00:00 WARNING Laravel returned an error status {"path":"\/api\/v1\/conversations\/0a2ed520-30c8-4beb-b6f1-8d3f1f09b5a7\/messages?visitor_id=a6e33bb5-c131-4721-9f74-2e382c5cb98c&after_id=0","status":401}
2026-09-06T10:26:59+00:00 WARNING Laravel returned an error status {"path":"\/api\/v1\/conversations\/0a2ed520-30c8-4beb-b6f1-8d3f1f09b5a7\/messages?visitor_id=a6e33bb5-c131-4721-9f74-2e382c5cb98c&after_id=0","status":401}
2026-09-06T10:27:04+00:00 WARNING Laravel returned an error status {"path":"\/api\/v1\/conversations\/0a2ed520-30c8-4beb-b6f1-8d3f1f09b5a7\/messages?visitor_id=a6e33bb5-c131-4721-9f74-2e382c5cb98c&after_id=0","status":401}
2026-09-06T10:27:14+00:00 WARNING Laravel returned an error status {"path":"\/api\/v1\/conversations\/0a2ed520-30c8-4beb-b6f1-8d3f1f09b5a7\/messages?visitor_id=a6e33bb5-c131-4721-9f74-2e382c5cb98c&after_id=0","status":401}
2026-09-06T10:27:19+00:00 WARNING Laravel returned an error status {"path":"\/api\/v1\/conversations\/0a2ed520-30c8-4beb-b6f1-8d3f1f09b5a7\/messages?visitor_id=a6e33bb5-c131-4721-9f74-2e382c5cb98c&after_id=0","status":401}
2026-09-06T10:27:24+00:00 WARNING Laravel returned an error status {"path":"\/api\/v1\/conversations\/0a2ed520-30c8-4beb-b6f1-8d3f1f09b5a7\/messages?visitor_id=a6e33bb5-c131-4721-9f74-2e382c5cb98c&after_id=0","status":401}
2026-09-06T10:32:47+00:00 WARNING Laravel returned an error status {"path":"\/api\/v1\/conversations\/0a2ed520-30c8-4beb-b6f1-8d3f1f09b5a7\/messages?after_id=69","status":401}
2026-09-06T10:34:24+00:00 WARNING Laravel returned an error status {"path":"\/api\/v1\/chat","status":429}
2026-09-06T10:34:35+00:00 WARNING Laravel returned an error status {"path":"\/api\/v1\/chat","status":429}
2026-09-06T10:35:52+00:00 WARNING Laravel returned an error status {"path":"\/api\/v1\/conversations?per_page=25&mode=human","status":401}
2026-09-06T10:35:56+00:00 WARNING Laravel returned an error status {"path":"\/api\/v1\/conversations?per_page=25&mode=ai","status":401}
2026-09-06T10:36:00+00:00 WARNING Laravel returned an error status {"path":"\/api\/v1\/conversations?per_page=25&mode=human","status":401}
2026-09-06T10:36:02+00:00 WARNING Laravel returned an error status {"path":"\/api\/v1\/conversations?per_page=25","status":401}
2026-09-06T10:39:41+00:00 WARNING Laravel returned an error status {"path":"\/api\/v1\/conversations\/0a2ed520-30c8-4beb-b6f1-8d3f1f09b5a7\/messages?visitor_id=a6e33bb5-c131-4721-9f74-2e382c5cb98c","status":401}
2026-09-06T10:39:44+00:00 WARNING Laravel returned an error status {"path":"\/api\/v1\/chat","status":401}
2026-09-06T10:39:46+00:00 WARNING Laravel returned an error status {"path":"\/api\/v1\/conversations\/0a2ed520-30c8-4beb-b6f1-8d3f1f09b5a7\/messages?visitor_id=a6e33bb5-c131-4721-9f74-2e382c5cb98c","status":401}
2026-09-06T10:39:51+00:00 WARNING Laravel returned an error status {"path":"\/api\/v1\/conversations\/0a2ed520-30c8-4beb-b6f1-8d3f1f09b5a7\/messages?visitor_id=a6e33bb5-c131-4721-9f74-2e382c5cb98c","status":401}
2026-09-06T10:39:56+00:00 WARNING Laravel returned an error status {"path":"\/api\/v1\/conversations\/0a2ed520-30c8-4beb-b6f1-8d3f1f09b5a7\/messages?visitor_id=a6e33bb5-c131-4721-9f74-2e382c5cb98c","status":401}
2026-09-06T10:40:01+00:00 WARNING Laravel returned an error status {"path":"\/api\/v1\/conversations\/0a2ed520-30c8-4beb-b6f1-8d3f1f09b5a7\/messages?visitor_id=a6e33bb5-c131-4721-9f74-2e382c5cb98c","status":401}
2026-09-06T10:40:06+00:00 WARNING Laravel returned an error status {"path":"\/api\/v1\/conversations\/0a2ed520-30c8-4beb-b6f1-8d3f1f09b5a7\/messages?visitor_id=a6e33bb5-c131-4721-9f74-2e382c5cb98c","status":401}
2026-09-06T10:40:11+00:00 WARNING Laravel returned an error status {"path":"\/api\/v1\/conversations\/0a2ed520-30c8-4beb-b6f1-8d3f1f09b5a7\/messages?visitor_id=a6e33bb5-c131-4721-9f74-2e382c5cb98c","status":401}
2026-09-06T10:40:16+00:00 WARNING Laravel returned an error status {"path":"\/api\/v1\/conversations\/0a2ed520-30c8-4beb-b6f1-8d3f1f09b5a7\/messages?visitor_id=a6e33bb5-c131-4721-9f74-2e382c5cb98c","status":401}
2026-09-06T10:40:21+00:00 WARNING Laravel returned an error status {"path":"\/api\/v1\/conversations\/0a2ed520-30c8-4beb-b6f1-8d3f1f09b5a7\/messages?visitor_id=a6e33bb5-c131-4721-9f74-2e382c5cb98c","status":401}
2026-09-06T10:41:05+00:00 WARNING Laravel returned an error status {"path":"\/api\/v1\/chat","status":429}
2026-09-06T10:48:38+00:00 ERROR Laravel request failed {"path":"\/api\/v1\/conversations\/0a2ed520-30c8-4beb-b6f1-8d3f1f09b5a7\/messages?visitor_id=a6e33bb5-c131-4721-9f74-2e382c5cb98c&after_id=78","code":"http_request_failed"}
2026-09-06T10:48:44+00:00 ERROR Laravel request failed {"path":"\/api\/v1\/conversations\/0a2ed520-30c8-4beb-b6f1-8d3f1f09b5a7\/messages?visitor_id=a6e33bb5-c131-4721-9f74-2e382c5cb98c&after_id=78","code":"http_request_failed"}
2026-09-06T10:48:49+00:00 ERROR Laravel request failed {"path":"\/api\/v1\/conversations\/0a2ed520-30c8-4beb-b6f1-8d3f1f09b5a7\/messages?visitor_id=a6e33bb5-c131-4721-9f74-2e382c5cb98c&after_id=78","code":"http_request_failed"}
2026-09-06T10:49:36+00:00 WARNING Laravel returned an error status {"path":"\/api\/v1\/conversations\/0a2ed520-30c8-4beb-b6f1-8d3f1f09b5a7\/messages?visitor_id=a6e33bb5-c131-4721-9f74-2e382c5cb98c&after_id=78","status":404}
2026-09-06T10:49:38+00:00 WARNING Laravel returned an error status {"path":"\/api\/v1\/conversations\/0a2ed520-30c8-4beb-b6f1-8d3f1f09b5a7\/messages?visitor_id=a6e33bb5-c131-4721-9f74-2e382c5cb98c&after_id=78","status":404}
2026-09-06T10:49:44+00:00 WARNING Laravel returned an error status {"path":"\/api\/v1\/conversations\/0a2ed520-30c8-4beb-b6f1-8d3f1f09b5a7\/messages?visitor_id=a6e33bb5-c131-4721-9f74-2e382c5cb98c&after_id=78","status":404}
2026-09-06T10:49:50+00:00 WARNING Laravel returned an error status {"path":"\/api\/v1\/conversations\/0a2ed520-30c8-4beb-b6f1-8d3f1f09b5a7\/messages?visitor_id=a6e33bb5-c131-4721-9f74-2e382c5cb98c&after_id=78","status":404}
2026-09-06T10:49:55+00:00 WARNING Laravel returned an error status {"path":"\/api\/v1\/conversations\/0a2ed520-30c8-4beb-b6f1-8d3f1f09b5a7\/messages?visitor_id=a6e33bb5-c131-4721-9f74-2e382c5cb98c&after_id=78","status":404}
2026-09-06T10:50:01+00:00 WARNING Laravel returned an error status {"path":"\/api\/v1\/conversations\/0a2ed520-30c8-4beb-b6f1-8d3f1f09b5a7\/messages?visitor_id=a6e33bb5-c131-4721-9f74-2e382c5cb98c&after_id=78","status":404}
2026-09-06T10:50:07+00:00 WARNING Laravel returned an error status {"path":"\/api\/v1\/conversations\/0a2ed520-30c8-4beb-b6f1-8d3f1f09b5a7\/messages?visitor_id=a6e33bb5-c131-4721-9f74-2e382c5cb98c&after_id=78","status":404}
2026-09-06T10:50:14+00:00 WARNING Laravel returned an error status {"path":"\/api\/v1\/conversations\/0a2ed520-30c8-4beb-b6f1-8d3f1f09b5a7\/messages?visitor_id=a6e33bb5-c131-4721-9f74-2e382c5cb98c&after_id=78","status":404}
2026-09-06T10:50:19+00:00 WARNING Laravel returned an error status {"path":"\/api\/v1\/conversations\/0a2ed520-30c8-4beb-b6f1-8d3f1f09b5a7\/messages?visitor_id=a6e33bb5-c131-4721-9f74-2e382c5cb98c&after_id=78","status":404}
2026-09-06T10:50:25+00:00 WARNING Laravel returned an error status {"path":"\/api\/v1\/conversations\/0a2ed520-30c8-4beb-b6f1-8d3f1f09b5a7\/messages?visitor_id=a6e33bb5-c131-4721-9f74-2e382c5cb98c&after_id=78","status":404}
2026-09-06T10:50:31+00:00 WARNING Laravel returned an error status {"path":"\/api\/v1\/conversations\/0a2ed520-30c8-4beb-b6f1-8d3f1f09b5a7\/messages?visitor_id=a6e33bb5-c131-4721-9f74-2e382c5cb98c&after_id=78","status":404}
2026-09-06T10:50:37+00:00 WARNING Laravel returned an error status {"path":"\/api\/v1\/conversations\/0a2ed520-30c8-4beb-b6f1-8d3f1f09b5a7\/messages?visitor_id=a6e33bb5-c131-4721-9f74-2e382c5cb98c&after_id=78","status":404}
2026-09-06T10:50:43+00:00 WARNING Laravel returned an error status {"path":"\/api\/v1\/conversations\/0a2ed520-30c8-4beb-b6f1-8d3f1f09b5a7\/messages?visitor_id=a6e33bb5-c131-4721-9f74-2e382c5cb98c&after_id=78","status":404}
2026-09-06T10:50:49+00:00 WARNING Laravel returned an error status {"path":"\/api\/v1\/conversations\/0a2ed520-30c8-4beb-b6f1-8d3f1f09b5a7\/messages?visitor_id=a6e33bb5-c131-4721-9f74-2e382c5cb98c&after_id=78","status":404}
2026-09-06T10:50:55+00:00 WARNING Laravel returned an error status {"path":"\/api\/v1\/conversations\/0a2ed520-30c8-4beb-b6f1-8d3f1f09b5a7\/messages?visitor_id=a6e33bb5-c131-4721-9f74-2e382c5cb98c&after_id=78","status":404}
2026-09-06T10:51:01+00:00 WARNING Laravel returned an error status {"path":"\/api\/v1\/conversations\/0a2ed520-30c8-4beb-b6f1-8d3f1f09b5a7\/messages?visitor_id=a6e33bb5-c131-4721-9f74-2e382c5cb98c&after_id=78","status":404}
2026-09-06T10:51:07+00:00 WARNING Laravel returned an error status {"path":"\/api\/v1\/conversations\/0a2ed520-30c8-4beb-b6f1-8d3f1f09b5a7\/messages?visitor_id=a6e33bb5-c131-4721-9f74-2e382c5cb98c&after_id=78","status":404}
2026-09-06T10:51:13+00:00 WARNING Laravel returned an error status {"path":"\/api\/v1\/conversations\/0a2ed520-30c8-4beb-b6f1-8d3f1f09b5a7\/messages?visitor_id=a6e33bb5-c131-4721-9f74-2e382c5cb98c&after_id=78","status":404}
2026-09-06T10:51:19+00:00 WARNING Laravel returned an error status {"path":"\/api\/v1\/conversations\/0a2ed520-30c8-4beb-b6f1-8d3f1f09b5a7\/messages?visitor_id=a6e33bb5-c131-4721-9f74-2e382c5cb98c&after_id=78","status":404}
2026-09-06T10:51:25+00:00 WARNING Laravel returned an error status {"path":"\/api\/v1\/conversations\/0a2ed520-30c8-4beb-b6f1-8d3f1f09b5a7\/messages?visitor_id=a6e33bb5-c131-4721-9f74-2e382c5cb98c&after_id=78","status":404}
2026-09-06T10:51:31+00:00 WARNING Laravel returned an error status {"path":"\/api\/v1\/conversations\/0a2ed520-30c8-4beb-b6f1-8d3f1f09b5a7\/messages?visitor_id=a6e33bb5-c131-4721-9f74-2e382c5cb98c&after_id=78","status":404}
2026-09-06T10:51:37+00:00 WARNING Laravel returned an error status {"path":"\/api\/v1\/conversations\/0a2ed520-30c8-4beb-b6f1-8d3f1f09b5a7\/messages?visitor_id=a6e33bb5-c131-4721-9f74-2e382c5cb98c&after_id=78","status":404}
2026-09-06T10:51:44+00:00 WARNING Laravel returned an error status {"path":"\/api\/v1\/conversations\/0a2ed520-30c8-4beb-b6f1-8d3f1f09b5a7\/messages?visitor_id=a6e33bb5-c131-4721-9f74-2e382c5cb98c&after_id=78","status":404}
2026-09-06T10:51:49+00:00 WARNING Laravel returned an error status {"path":"\/api\/v1\/conversations\/0a2ed520-30c8-4beb-b6f1-8d3f1f09b5a7\/messages?visitor_id=a6e33bb5-c131-4721-9f74-2e382c5cb98c&after_id=78","status":404}
2026-09-06T10:51:55+00:00 WARNING Laravel returned an error status {"path":"\/api\/v1\/conversations\/0a2ed520-30c8-4beb-b6f1-8d3f1f09b5a7\/messages?visitor_id=a6e33bb5-c131-4721-9f74-2e382c5cb98c&after_id=78","status":404}
2026-09-06T10:52:01+00:00 WARNING Laravel returned an error status {"path":"\/api\/v1\/conversations\/0a2ed520-30c8-4beb-b6f1-8d3f1f09b5a7\/messages?visitor_id=a6e33bb5-c131-4721-9f74-2e382c5cb98c&after_id=78","status":404}
2026-09-06T10:53:07+00:00 WARNING Laravel returned an error status {"path":"\/api\/v1\/conversations\/0a2ed520-30c8-4beb-b6f1-8d3f1f09b5a7\/messages?visitor_id=a6e33bb5-c131-4721-9f74-2e382c5cb98c&after_id=78","status":404}
2026-09-06T10:53:13+00:00 WARNING Laravel returned an error status {"path":"\/api\/v1\/conversations\/0a2ed520-30c8-4beb-b6f1-8d3f1f09b5a7\/messages?visitor_id=a6e33bb5-c131-4721-9f74-2e382c5cb98c&after_id=78","status":404}
2026-09-06T10:53:19+00:00 WARNING Laravel returned an error status {"path":"\/api\/v1\/conversations\/0a2ed520-30c8-4beb-b6f1-8d3f1f09b5a7\/messages?visitor_id=a6e33bb5-c131-4721-9f74-2e382c5cb98c&after_id=78","status":404}
2026-09-06T10:53:25+00:00 WARNING Laravel returned an error status {"path":"\/api\/v1\/conversations\/0a2ed520-30c8-4beb-b6f1-8d3f1f09b5a7\/messages?visitor_id=a6e33bb5-c131-4721-9f74-2e382c5cb98c&after_id=78","status":404}
2026-09-06T10:53:32+00:00 WARNING Laravel returned an error status {"path":"\/api\/v1\/conversations\/0a2ed520-30c8-4beb-b6f1-8d3f1f09b5a7\/messages?visitor_id=a6e33bb5-c131-4721-9f74-2e382c5cb98c&after_id=78","status":404}
2026-09-06T10:53:37+00:00 WARNING Laravel returned an error status {"path":"\/api\/v1\/conversations\/0a2ed520-30c8-4beb-b6f1-8d3f1f09b5a7\/messages?visitor_id=a6e33bb5-c131-4721-9f74-2e382c5cb98c&after_id=78","status":404}
2026-09-06T10:53:44+00:00 WARNING Laravel returned an error status {"path":"\/api\/v1\/conversations\/0a2ed520-30c8-4beb-b6f1-8d3f1f09b5a7\/messages?visitor_id=a6e33bb5-c131-4721-9f74-2e382c5cb98c&after_id=78","status":404}
2026-09-06T10:53:49+00:00 WARNING Laravel returned an error status {"path":"\/api\/v1\/conversations\/0a2ed520-30c8-4beb-b6f1-8d3f1f09b5a7\/messages?visitor_id=a6e33bb5-c131-4721-9f74-2e382c5cb98c&after_id=78","status":404}
2026-09-06T10:53:55+00:00 WARNING Laravel returned an error status {"path":"\/api\/v1\/conversations\/0a2ed520-30c8-4beb-b6f1-8d3f1f09b5a7\/messages?visitor_id=a6e33bb5-c131-4721-9f74-2e382c5cb98c&after_id=78","status":404}
2026-09-06T10:54:01+00:00 WARNING Laravel returned an error status {"path":"\/api\/v1\/conversations\/0a2ed520-30c8-4beb-b6f1-8d3f1f09b5a7\/messages?visitor_id=a6e33bb5-c131-4721-9f74-2e382c5cb98c&after_id=78","status":404}
2026-09-06T10:54:07+00:00 WARNING Laravel returned an error status {"path":"\/api\/v1\/conversations\/0a2ed520-30c8-4beb-b6f1-8d3f1f09b5a7\/messages?visitor_id=a6e33bb5-c131-4721-9f74-2e382c5cb98c&after_id=78","status":404}
2026-09-06T10:54:13+00:00 WARNING Laravel returned an error status {"path":"\/api\/v1\/conversations\/0a2ed520-30c8-4beb-b6f1-8d3f1f09b5a7\/messages?visitor_id=a6e33bb5-c131-4721-9f74-2e382c5cb98c&after_id=78","status":404}
2026-09-06T10:54:19+00:00 WARNING Laravel returned an error status {"path":"\/api\/v1\/conversations\/0a2ed520-30c8-4beb-b6f1-8d3f1f09b5a7\/messages?visitor_id=a6e33bb5-c131-4721-9f74-2e382c5cb98c&after_id=78","status":404}
2026-09-06T10:54:25+00:00 WARNING Laravel returned an error status {"path":"\/api\/v1\/conversations\/0a2ed520-30c8-4beb-b6f1-8d3f1f09b5a7\/messages?visitor_id=a6e33bb5-c131-4721-9f74-2e382c5cb98c&after_id=78","status":404}
2026-09-06T10:54:31+00:00 WARNING Laravel returned an error status {"path":"\/api\/v1\/conversations\/0a2ed520-30c8-4beb-b6f1-8d3f1f09b5a7\/messages?visitor_id=a6e33bb5-c131-4721-9f74-2e382c5cb98c&after_id=78","status":404}
2026-09-06T10:54:37+00:00 WARNING Laravel returned an error status {"path":"\/api\/v1\/conversations\/0a2ed520-30c8-4beb-b6f1-8d3f1f09b5a7\/messages?visitor_id=a6e33bb5-c131-4721-9f74-2e382c5cb98c&after_id=78","status":404}
2026-09-06T10:54:44+00:00 WARNING Laravel returned an error status {"path":"\/api\/v1\/conversations\/0a2ed520-30c8-4beb-b6f1-8d3f1f09b5a7\/messages?visitor_id=a6e33bb5-c131-4721-9f74-2e382c5cb98c&after_id=78","status":404}
2026-09-06T10:54:49+00:00 WARNING Laravel returned an error status {"path":"\/api\/v1\/conversations\/0a2ed520-30c8-4beb-b6f1-8d3f1f09b5a7\/messages?visitor_id=a6e33bb5-c131-4721-9f74-2e382c5cb98c&after_id=78","status":404}
2026-09-06T10:54:55+00:00 WARNING Laravel returned an error status {"path":"\/api\/v1\/conversations\/0a2ed520-30c8-4beb-b6f1-8d3f1f09b5a7\/messages?visitor_id=a6e33bb5-c131-4721-9f74-2e382c5cb98c&after_id=78","status":404}
2026-09-06T10:55:01+00:00 WARNING Laravel returned an error status {"path":"\/api\/v1\/conversations\/0a2ed520-30c8-4beb-b6f1-8d3f1f09b5a7\/messages?visitor_id=a6e33bb5-c131-4721-9f74-2e382c5cb98c&after_id=78","status":404}
2026-09-06T10:55:07+00:00 WARNING Laravel returned an error status {"path":"\/api\/v1\/conversations\/0a2ed520-30c8-4beb-b6f1-8d3f1f09b5a7\/messages?visitor_id=a6e33bb5-c131-4721-9f74-2e382c5cb98c&after_id=78","status":404}
2026-09-06T10:55:14+00:00 WARNING Laravel returned an error status {"path":"\/api\/v1\/conversations\/0a2ed520-30c8-4beb-b6f1-8d3f1f09b5a7\/messages?visitor_id=a6e33bb5-c131-4721-9f74-2e382c5cb98c&after_id=78","status":404}
2026-09-06T10:55:19+00:00 WARNING Laravel returned an error status {"path":"\/api\/v1\/conversations\/0a2ed520-30c8-4beb-b6f1-8d3f1f09b5a7\/messages?visitor_id=a6e33bb5-c131-4721-9f74-2e382c5cb98c&after_id=78","status":404}
2026-09-06T10:55:25+00:00 WARNING Laravel returned an error status {"path":"\/api\/v1\/conversations\/0a2ed520-30c8-4beb-b6f1-8d3f1f09b5a7\/messages?visitor_id=a6e33bb5-c131-4721-9f74-2e382c5cb98c&after_id=78","status":404}
2026-09-06T10:55:31+00:00 WARNING Laravel returned an error status {"path":"\/api\/v1\/conversations\/0a2ed520-30c8-4beb-b6f1-8d3f1f09b5a7\/messages?visitor_id=a6e33bb5-c131-4721-9f74-2e382c5cb98c&after_id=78","status":404}
2026-09-06T10:55:37+00:00 WARNING Laravel returned an error status {"path":"\/api\/v1\/conversations\/0a2ed520-30c8-4beb-b6f1-8d3f1f09b5a7\/messages?visitor_id=a6e33bb5-c131-4721-9f74-2e382c5cb98c&after_id=78","status":404}
2026-09-06T10:55:43+00:00 WARNING Laravel returned an error status {"path":"\/api\/v1\/conversations\/0a2ed520-30c8-4beb-b6f1-8d3f1f09b5a7\/messages?visitor_id=a6e33bb5-c131-4721-9f74-2e382c5cb98c&after_id=78","status":404}
2026-09-06T10:55:49+00:00 WARNING Laravel returned an error status {"path":"\/api\/v1\/conversations\/0a2ed520-30c8-4beb-b6f1-8d3f1f09b5a7\/messages?visitor_id=a6e33bb5-c131-4721-9f74-2e382c5cb98c&after_id=78","status":404}
2026-09-06T10:55:55+00:00 WARNING Laravel returned an error status {"path":"\/api\/v1\/conversations\/0a2ed520-30c8-4beb-b6f1-8d3f1f09b5a7\/messages?visitor_id=a6e33bb5-c131-4721-9f74-2e382c5cb98c&after_id=78","status":404}
2026-09-06T10:56:01+00:00 WARNING Laravel returned an error status {"path":"\/api\/v1\/conversations\/0a2ed520-30c8-4beb-b6f1-8d3f1f09b5a7\/messages?visitor_id=a6e33bb5-c131-4721-9f74-2e382c5cb98c&after_id=78","status":404}
2026-09-06T10:56:07+00:00 WARNING Laravel returned an error status {"path":"\/api\/v1\/conversations\/0a2ed520-30c8-4beb-b6f1-8d3f1f09b5a7\/messages?visitor_id=a6e33bb5-c131-4721-9f74-2e382c5cb98c&after_id=78","status":404}
2026-09-06T10:56:14+00:00 WARNING Laravel returned an error status {"path":"\/api\/v1\/conversations\/0a2ed520-30c8-4beb-b6f1-8d3f1f09b5a7\/messages?visitor_id=a6e33bb5-c131-4721-9f74-2e382c5cb98c&after_id=78","status":404}
2026-09-06T10:56:20+00:00 WARNING Laravel returned an error status {"path":"\/api\/v1\/conversations\/0a2ed520-30c8-4beb-b6f1-8d3f1f09b5a7\/messages?visitor_id=a6e33bb5-c131-4721-9f74-2e382c5cb98c&after_id=78","status":404}
2026-09-06T10:56:25+00:00 WARNING Laravel returned an error status {"path":"\/api\/v1\/conversations\/0a2ed520-30c8-4beb-b6f1-8d3f1f09b5a7\/messages?visitor_id=a6e33bb5-c131-4721-9f74-2e382c5cb98c&after_id=78","status":404}
2026-09-06T10:56:31+00:00 WARNING Laravel returned an error status {"path":"\/api\/v1\/conversations\/0a2ed520-30c8-4beb-b6f1-8d3f1f09b5a7\/messages?visitor_id=a6e33bb5-c131-4721-9f74-2e382c5cb98c&after_id=78","status":404}
2026-09-06T10:56:37+00:00 WARNING Laravel returned an error status {"path":"\/api\/v1\/conversations\/0a2ed520-30c8-4beb-b6f1-8d3f1f09b5a7\/messages?visitor_id=a6e33bb5-c131-4721-9f74-2e382c5cb98c&after_id=78","status":404}
2026-09-06T10:56:44+00:00 WARNING Laravel returned an error status {"path":"\/api\/v1\/conversations\/0a2ed520-30c8-4beb-b6f1-8d3f1f09b5a7\/messages?visitor_id=a6e33bb5-c131-4721-9f74-2e382c5cb98c&after_id=78","status":404}
2026-09-06T10:56:49+00:00 WARNING Laravel returned an error status {"path":"\/api\/v1\/conversations\/0a2ed520-30c8-4beb-b6f1-8d3f1f09b5a7\/messages?visitor_id=a6e33bb5-c131-4721-9f74-2e382c5cb98c&after_id=78","status":404}
2026-09-06T10:56:55+00:00 WARNING Laravel returned an error status {"path":"\/api\/v1\/conversations\/0a2ed520-30c8-4beb-b6f1-8d3f1f09b5a7\/messages?visitor_id=a6e33bb5-c131-4721-9f74-2e382c5cb98c&after_id=78","status":404}
2026-09-06T10:57:01+00:00 WARNING Laravel returned an error status {"path":"\/api\/v1\/conversations\/0a2ed520-30c8-4beb-b6f1-8d3f1f09b5a7\/messages?visitor_id=a6e33bb5-c131-4721-9f74-2e382c5cb98c&after_id=78","status":404}
2026-09-06T10:57:07+00:00 WARNING Laravel returned an error status {"path":"\/api\/v1\/conversations\/0a2ed520-30c8-4beb-b6f1-8d3f1f09b5a7\/messages?visitor_id=a6e33bb5-c131-4721-9f74-2e382c5cb98c&after_id=78","status":404}
2026-09-06T10:57:13+00:00 WARNING Laravel returned an error status {"path":"\/api\/v1\/conversations\/0a2ed520-30c8-4beb-b6f1-8d3f1f09b5a7\/messages?visitor_id=a6e33bb5-c131-4721-9f74-2e382c5cb98c&after_id=78","status":404}
2026-09-06T10:57:19+00:00 WARNING Laravel returned an error status {"path":"\/api\/v1\/conversations\/0a2ed520-30c8-4beb-b6f1-8d3f1f09b5a7\/messages?visitor_id=a6e33bb5-c131-4721-9f74-2e382c5cb98c&after_id=78","status":404}
2026-09-06T10:57:26+00:00 WARNING Laravel returned an error status {"path":"\/api\/v1\/conversations\/0a2ed520-30c8-4beb-b6f1-8d3f1f09b5a7\/messages?visitor_id=a6e33bb5-c131-4721-9f74-2e382c5cb98c&after_id=78","status":404}
2026-09-06T10:57:31+00:00 WARNING Laravel returned an error status {"path":"\/api\/v1\/conversations\/0a2ed520-30c8-4beb-b6f1-8d3f1f09b5a7\/messages?visitor_id=a6e33bb5-c131-4721-9f74-2e382c5cb98c&after_id=78","status":404}
2026-09-06T10:57:37+00:00 WARNING Laravel returned an error status {"path":"\/api\/v1\/conversations\/0a2ed520-30c8-4beb-b6f1-8d3f1f09b5a7\/messages?visitor_id=a6e33bb5-c131-4721-9f74-2e382c5cb98c&after_id=78","status":404}
2026-09-06T10:57:44+00:00 WARNING Laravel returned an error status {"path":"\/api\/v1\/conversations\/0a2ed520-30c8-4beb-b6f1-8d3f1f09b5a7\/messages?visitor_id=a6e33bb5-c131-4721-9f74-2e382c5cb98c&after_id=78","status":404}
2026-09-06T10:57:49+00:00 WARNING Laravel returned an error status {"path":"\/api\/v1\/conversations\/0a2ed520-30c8-4beb-b6f1-8d3f1f09b5a7\/messages?visitor_id=a6e33bb5-c131-4721-9f74-2e382c5cb98c&after_id=78","status":404}
2026-09-06T10:57:55+00:00 WARNING Laravel returned an error status {"path":"\/api\/v1\/conversations\/0a2ed520-30c8-4beb-b6f1-8d3f1f09b5a7\/messages?visitor_id=a6e33bb5-c131-4721-9f74-2e382c5cb98c&after_id=78","status":404}
2026-09-06T10:58:01+00:00 WARNING Laravel returned an error status {"path":"\/api\/v1\/conversations\/0a2ed520-30c8-4beb-b6f1-8d3f1f09b5a7\/messages?visitor_id=a6e33bb5-c131-4721-9f74-2e382c5cb98c&after_id=78","status":404}
2026-09-06T10:58:07+00:00 WARNING Laravel returned an error status {"path":"\/api\/v1\/conversations\/0a2ed520-30c8-4beb-b6f1-8d3f1f09b5a7\/messages?visitor_id=a6e33bb5-c131-4721-9f74-2e382c5cb98c&after_id=78","status":404}
2026-09-06T10:58:13+00:00 WARNING Laravel returned an error status {"path":"\/api\/v1\/conversations\/0a2ed520-30c8-4beb-b6f1-8d3f1f09b5a7\/messages?visitor_id=a6e33bb5-c131-4721-9f74-2e382c5cb98c&after_id=78","status":404}
2026-09-06T10:58:19+00:00 WARNING Laravel returned an error status {"path":"\/api\/v1\/conversations\/0a2ed520-30c8-4beb-b6f1-8d3f1f09b5a7\/messages?visitor_id=a6e33bb5-c131-4721-9f74-2e382c5cb98c&after_id=78","status":404}
2026-09-06T10:58:26+00:00 WARNING Laravel returned an error status {"path":"\/api\/v1\/conversations\/0a2ed520-30c8-4beb-b6f1-8d3f1f09b5a7\/messages?visitor_id=a6e33bb5-c131-4721-9f74-2e382c5cb98c&after_id=78","status":404}
2026-09-06T10:58:31+00:00 WARNING Laravel returned an error status {"path":"\/api\/v1\/conversations\/0a2ed520-30c8-4beb-b6f1-8d3f1f09b5a7\/messages?visitor_id=a6e33bb5-c131-4721-9f74-2e382c5cb98c&after_id=78","status":404}
2026-09-06T10:58:37+00:00 WARNING Laravel returned an error status {"path":"\/api\/v1\/conversations\/0a2ed520-30c8-4beb-b6f1-8d3f1f09b5a7\/messages?visitor_id=a6e33bb5-c131-4721-9f74-2e382c5cb98c&after_id=78","status":404}
2026-09-06T10:58:43+00:00 WARNING Laravel returned an error status {"path":"\/api\/v1\/conversations\/0a2ed520-30c8-4beb-b6f1-8d3f1f09b5a7\/messages?visitor_id=a6e33bb5-c131-4721-9f74-2e382c5cb98c&after_id=78","status":404}
2026-09-06T10:58:49+00:00 WARNING Laravel returned an error status {"path":"\/api\/v1\/conversations\/0a2ed520-30c8-4beb-b6f1-8d3f1f09b5a7\/messages?visitor_id=a6e33bb5-c131-4721-9f74-2e382c5cb98c&after_id=78","status":404}
2026-09-06T10:58:55+00:00 WARNING Laravel returned an error status {"path":"\/api\/v1\/conversations\/0a2ed520-30c8-4beb-b6f1-8d3f1f09b5a7\/messages?visitor_id=a6e33bb5-c131-4721-9f74-2e382c5cb98c&after_id=78","status":404}
2026-09-06T10:59:01+00:00 WARNING Laravel returned an error status {"path":"\/api\/v1\/conversations\/0a2ed520-30c8-4beb-b6f1-8d3f1f09b5a7\/messages?visitor_id=a6e33bb5-c131-4721-9f74-2e382c5cb98c&after_id=78","status":404}
2026-09-06T11:00:07+00:00 WARNING Laravel returned an error status {"path":"\/api\/v1\/conversations\/0a2ed520-30c8-4beb-b6f1-8d3f1f09b5a7\/messages?visitor_id=a6e33bb5-c131-4721-9f74-2e382c5cb98c&after_id=78","status":404}
2026-09-06T11:00:14+00:00 WARNING Laravel returned an error status {"path":"\/api\/v1\/conversations\/0a2ed520-30c8-4beb-b6f1-8d3f1f09b5a7\/messages?visitor_id=a6e33bb5-c131-4721-9f74-2e382c5cb98c&after_id=78","status":404}
2026-09-06T11:00:19+00:00 WARNING Laravel returned an error status {"path":"\/api\/v1\/conversations\/0a2ed520-30c8-4beb-b6f1-8d3f1f09b5a7\/messages?visitor_id=a6e33bb5-c131-4721-9f74-2e382c5cb98c&after_id=78","status":404}
2026-09-06T11:00:25+00:00 WARNING Laravel returned an error status {"path":"\/api\/v1\/conversations\/0a2ed520-30c8-4beb-b6f1-8d3f1f09b5a7\/messages?visitor_id=a6e33bb5-c131-4721-9f74-2e382c5cb98c&after_id=78","status":404}
2026-09-06T11:00:31+00:00 WARNING Laravel returned an error status {"path":"\/api\/v1\/conversations\/0a2ed520-30c8-4beb-b6f1-8d3f1f09b5a7\/messages?visitor_id=a6e33bb5-c131-4721-9f74-2e382c5cb98c&after_id=78","status":404}
2026-09-06T11:00:37+00:00 WARNING Laravel returned an error status {"path":"\/api\/v1\/conversations\/0a2ed520-30c8-4beb-b6f1-8d3f1f09b5a7\/messages?visitor_id=a6e33bb5-c131-4721-9f74-2e382c5cb98c&after_id=78","status":404}
2026-09-06T11:00:44+00:00 WARNING Laravel returned an error status {"path":"\/api\/v1\/conversations\/0a2ed520-30c8-4beb-b6f1-8d3f1f09b5a7\/messages?visitor_id=a6e33bb5-c131-4721-9f74-2e382c5cb98c&after_id=78","status":404}
2026-09-06T11:00:49+00:00 WARNING Laravel returned an error status {"path":"\/api\/v1\/conversations\/0a2ed520-30c8-4beb-b6f1-8d3f1f09b5a7\/messages?visitor_id=a6e33bb5-c131-4721-9f74-2e382c5cb98c&after_id=78","status":404}
2026-09-06T11:00:55+00:00 WARNING Laravel returned an error status {"path":"\/api\/v1\/conversations\/0a2ed520-30c8-4beb-b6f1-8d3f1f09b5a7\/messages?visitor_id=a6e33bb5-c131-4721-9f74-2e382c5cb98c&after_id=78","status":404}
2026-09-06T11:01:01+00:00 WARNING Laravel returned an error status {"path":"\/api\/v1\/conversations\/0a2ed520-30c8-4beb-b6f1-8d3f1f09b5a7\/messages?visitor_id=a6e33bb5-c131-4721-9f74-2e382c5cb98c&after_id=78","status":404}
2026-09-06T11:01:08+00:00 WARNING Laravel returned an error status {"path":"\/api\/v1\/conversations\/0a2ed520-30c8-4beb-b6f1-8d3f1f09b5a7\/messages?visitor_id=a6e33bb5-c131-4721-9f74-2e382c5cb98c&after_id=78","status":404}
2026-09-06T11:01:13+00:00 WARNING Laravel returned an error status {"path":"\/api\/v1\/conversations\/0a2ed520-30c8-4beb-b6f1-8d3f1f09b5a7\/messages?visitor_id=a6e33bb5-c131-4721-9f74-2e382c5cb98c&after_id=78","status":404}
2026-09-06T11:01:19+00:00 WARNING Laravel returned an error status {"path":"\/api\/v1\/conversations\/0a2ed520-30c8-4beb-b6f1-8d3f1f09b5a7\/messages?visitor_id=a6e33bb5-c131-4721-9f74-2e382c5cb98c&after_id=78","status":404}
2026-09-06T11:01:25+00:00 WARNING Laravel returned an error status {"path":"\/api\/v1\/conversations\/0a2ed520-30c8-4beb-b6f1-8d3f1f09b5a7\/messages?visitor_id=a6e33bb5-c131-4721-9f74-2e382c5cb98c&after_id=78","status":404}
2026-09-06T11:01:31+00:00 WARNING Laravel returned an error status {"path":"\/api\/v1\/conversations\/0a2ed520-30c8-4beb-b6f1-8d3f1f09b5a7\/messages?visitor_id=a6e33bb5-c131-4721-9f74-2e382c5cb98c&after_id=78","status":404}
2026-09-06T11:01:37+00:00 WARNING Laravel returned an error status {"path":"\/api\/v1\/conversations\/0a2ed520-30c8-4beb-b6f1-8d3f1f09b5a7\/messages?visitor_id=a6e33bb5-c131-4721-9f74-2e382c5cb98c&after_id=78","status":404}
2026-09-06T11:01:43+00:00 WARNING Laravel returned an error status {"path":"\/api\/v1\/conversations\/0a2ed520-30c8-4beb-b6f1-8d3f1f09b5a7\/messages?visitor_id=a6e33bb5-c131-4721-9f74-2e382c5cb98c&after_id=78","status":404}
2026-09-06T11:01:49+00:00 WARNING Laravel returned an error status {"path":"\/api\/v1\/conversations\/0a2ed520-30c8-4beb-b6f1-8d3f1f09b5a7\/messages?visitor_id=a6e33bb5-c131-4721-9f74-2e382c5cb98c&after_id=78","status":404}
2026-09-06T11:01:55+00:00 WARNING Laravel returned an error status {"path":"\/api\/v1\/conversations\/0a2ed520-30c8-4beb-b6f1-8d3f1f09b5a7\/messages?visitor_id=a6e33bb5-c131-4721-9f74-2e382c5cb98c&after_id=78","status":404}
2026-09-06T11:02:01+00:00 WARNING Laravel returned an error status {"path":"\/api\/v1\/conversations\/0a2ed520-30c8-4beb-b6f1-8d3f1f09b5a7\/messages?visitor_id=a6e33bb5-c131-4721-9f74-2e382c5cb98c&after_id=78","status":404}
2026-09-06T11:02:07+00:00 WARNING Laravel returned an error status {"path":"\/api\/v1\/conversations\/0a2ed520-30c8-4beb-b6f1-8d3f1f09b5a7\/messages?visitor_id=a6e33bb5-c131-4721-9f74-2e382c5cb98c&after_id=78","status":404}
2026-09-06T11:02:13+00:00 WARNING Laravel returned an error status {"path":"\/api\/v1\/conversations\/0a2ed520-30c8-4beb-b6f1-8d3f1f09b5a7\/messages?visitor_id=a6e33bb5-c131-4721-9f74-2e382c5cb98c&after_id=78","status":404}
2026-09-06T11:02:19+00:00 WARNING Laravel returned an error status {"path":"\/api\/v1\/conversations\/0a2ed520-30c8-4beb-b6f1-8d3f1f09b5a7\/messages?visitor_id=a6e33bb5-c131-4721-9f74-2e382c5cb98c&after_id=78","status":404}
2026-09-06T11:02:25+00:00 WARNING Laravel returned an error status {"path":"\/api\/v1\/conversations\/0a2ed520-30c8-4beb-b6f1-8d3f1f09b5a7\/messages?visitor_id=a6e33bb5-c131-4721-9f74-2e382c5cb98c&after_id=78","status":404}
2026-09-06T11:02:31+00:00 WARNING Laravel returned an error status {"path":"\/api\/v1\/conversations\/0a2ed520-30c8-4beb-b6f1-8d3f1f09b5a7\/messages?visitor_id=a6e33bb5-c131-4721-9f74-2e382c5cb98c&after_id=78","status":404}
2026-09-06T11:02:37+00:00 WARNING Laravel returned an error status {"path":"\/api\/v1\/conversations\/0a2ed520-30c8-4beb-b6f1-8d3f1f09b5a7\/messages?visitor_id=a6e33bb5-c131-4721-9f74-2e382c5cb98c&after_id=78","status":404}
2026-09-06T11:02:43+00:00 WARNING Laravel returned an error status {"path":"\/api\/v1\/conversations\/0a2ed520-30c8-4beb-b6f1-8d3f1f09b5a7\/messages?visitor_id=a6e33bb5-c131-4721-9f74-2e382c5cb98c&after_id=78","status":404}
2026-09-06T11:02:49+00:00 WARNING Laravel returned an error status {"path":"\/api\/v1\/conversations\/0a2ed520-30c8-4beb-b6f1-8d3f1f09b5a7\/messages?visitor_id=a6e33bb5-c131-4721-9f74-2e382c5cb98c&after_id=78","status":404}
2026-09-06T11:02:55+00:00 WARNING Laravel returned an error status {"path":"\/api\/v1\/conversations\/0a2ed520-30c8-4beb-b6f1-8d3f1f09b5a7\/messages?visitor_id=a6e33bb5-c131-4721-9f74-2e382c5cb98c&after_id=78","status":404}
2026-09-06T11:03:01+00:00 WARNING Laravel returned an error status {"path":"\/api\/v1\/conversations\/0a2ed520-30c8-4beb-b6f1-8d3f1f09b5a7\/messages?visitor_id=a6e33bb5-c131-4721-9f74-2e382c5cb98c&after_id=78","status":404}
2026-09-06T11:03:07+00:00 WARNING Laravel returned an error status {"path":"\/api\/v1\/conversations\/0a2ed520-30c8-4beb-b6f1-8d3f1f09b5a7\/messages?visitor_id=a6e33bb5-c131-4721-9f74-2e382c5cb98c&after_id=78","status":404}
2026-09-06T11:03:13+00:00 WARNING Laravel returned an error status {"path":"\/api\/v1\/conversations\/0a2ed520-30c8-4beb-b6f1-8d3f1f09b5a7\/messages?visitor_id=a6e33bb5-c131-4721-9f74-2e382c5cb98c&after_id=78","status":404}
2026-09-06T11:03:19+00:00 WARNING Laravel returned an error status {"path":"\/api\/v1\/conversations\/0a2ed520-30c8-4beb-b6f1-8d3f1f09b5a7\/messages?visitor_id=a6e33bb5-c131-4721-9f74-2e382c5cb98c&after_id=78","status":404}
2026-09-06T11:03:25+00:00 WARNING Laravel returned an error status {"path":"\/api\/v1\/conversations\/0a2ed520-30c8-4beb-b6f1-8d3f1f09b5a7\/messages?visitor_id=a6e33bb5-c131-4721-9f74-2e382c5cb98c&after_id=78","status":404}
2026-09-06T11:03:31+00:00 WARNING Laravel returned an error status {"path":"\/api\/v1\/conversations\/0a2ed520-30c8-4beb-b6f1-8d3f1f09b5a7\/messages?visitor_id=a6e33bb5-c131-4721-9f74-2e382c5cb98c&after_id=78","status":404}
2026-09-06T11:03:37+00:00 WARNING Laravel returned an error status {"path":"\/api\/v1\/conversations\/0a2ed520-30c8-4beb-b6f1-8d3f1f09b5a7\/messages?visitor_id=a6e33bb5-c131-4721-9f74-2e382c5cb98c&after_id=78","status":404}
2026-09-06T11:03:43+00:00 WARNING Laravel returned an error status {"path":"\/api\/v1\/conversations\/0a2ed520-30c8-4beb-b6f1-8d3f1f09b5a7\/messages?visitor_id=a6e33bb5-c131-4721-9f74-2e382c5cb98c&after_id=78","status":404}
2026-09-06T11:03:49+00:00 WARNING Laravel returned an error status {"path":"\/api\/v1\/conversations\/0a2ed520-30c8-4beb-b6f1-8d3f1f09b5a7\/messages?visitor_id=a6e33bb5-c131-4721-9f74-2e382c5cb98c&after_id=78","status":404}
2026-09-06T11:03:55+00:00 WARNING Laravel returned an error status {"path":"\/api\/v1\/conversations\/0a2ed520-30c8-4beb-b6f1-8d3f1f09b5a7\/messages?visitor_id=a6e33bb5-c131-4721-9f74-2e382c5cb98c&after_id=78","status":404}
2026-09-06T11:04:01+00:00 WARNING Laravel returned an error status {"path":"\/api\/v1\/conversations\/0a2ed520-30c8-4beb-b6f1-8d3f1f09b5a7\/messages?visitor_id=a6e33bb5-c131-4721-9f74-2e382c5cb98c&after_id=78","status":404}
2026-09-06T11:04:07+00:00 WARNING Laravel returned an error status {"path":"\/api\/v1\/conversations\/0a2ed520-30c8-4beb-b6f1-8d3f1f09b5a7\/messages?visitor_id=a6e33bb5-c131-4721-9f74-2e382c5cb98c&after_id=78","status":404}
2026-09-06T11:04:13+00:00 WARNING Laravel returned an error status {"path":"\/api\/v1\/conversations\/0a2ed520-30c8-4beb-b6f1-8d3f1f09b5a7\/messages?visitor_id=a6e33bb5-c131-4721-9f74-2e382c5cb98c&after_id=78","status":404}
2026-09-06T11:04:19+00:00 WARNING Laravel returned an error status {"path":"\/api\/v1\/conversations\/0a2ed520-30c8-4beb-b6f1-8d3f1f09b5a7\/messages?visitor_id=a6e33bb5-c131-4721-9f74-2e382c5cb98c&after_id=78","status":404}
2026-09-06T11:04:25+00:00 WARNING Laravel returned an error status {"path":"\/api\/v1\/conversations\/0a2ed520-30c8-4beb-b6f1-8d3f1f09b5a7\/messages?visitor_id=a6e33bb5-c131-4721-9f74-2e382c5cb98c&after_id=78","status":404}
2026-09-06T11:04:31+00:00 WARNING Laravel returned an error status {"path":"\/api\/v1\/conversations\/0a2ed520-30c8-4beb-b6f1-8d3f1f09b5a7\/messages?visitor_id=a6e33bb5-c131-4721-9f74-2e382c5cb98c&after_id=78","status":404}
2026-09-06T11:04:37+00:00 WARNING Laravel returned an error status {"path":"\/api\/v1\/conversations\/0a2ed520-30c8-4beb-b6f1-8d3f1f09b5a7\/messages?visitor_id=a6e33bb5-c131-4721-9f74-2e382c5cb98c&after_id=78","status":404}
2026-09-06T11:04:43+00:00 WARNING Laravel returned an error status {"path":"\/api\/v1\/conversations\/0a2ed520-30c8-4beb-b6f1-8d3f1f09b5a7\/messages?visitor_id=a6e33bb5-c131-4721-9f74-2e382c5cb98c&after_id=78","status":404}
2026-09-06T11:04:49+00:00 WARNING Laravel returned an error status {"path":"\/api\/v1\/conversations\/0a2ed520-30c8-4beb-b6f1-8d3f1f09b5a7\/messages?visitor_id=a6e33bb5-c131-4721-9f74-2e382c5cb98c&after_id=78","status":404}
2026-09-06T11:04:55+00:00 WARNING Laravel returned an error status {"path":"\/api\/v1\/conversations\/0a2ed520-30c8-4beb-b6f1-8d3f1f09b5a7\/messages?visitor_id=a6e33bb5-c131-4721-9f74-2e382c5cb98c&after_id=78","status":404}
2026-09-06T11:05:01+00:00 WARNING Laravel returned an error status {"path":"\/api\/v1\/conversations\/0a2ed520-30c8-4beb-b6f1-8d3f1f09b5a7\/messages?visitor_id=a6e33bb5-c131-4721-9f74-2e382c5cb98c&after_id=78","status":404}
2026-09-06T11:05:08+00:00 WARNING Laravel returned an error status {"path":"\/api\/v1\/conversations\/0a2ed520-30c8-4beb-b6f1-8d3f1f09b5a7\/messages?visitor_id=a6e33bb5-c131-4721-9f74-2e382c5cb98c&after_id=78","status":404}
2026-09-06T11:05:14+00:00 WARNING Laravel returned an error status {"path":"\/api\/v1\/conversations\/0a2ed520-30c8-4beb-b6f1-8d3f1f09b5a7\/messages?visitor_id=a6e33bb5-c131-4721-9f74-2e382c5cb98c&after_id=78","status":404}
2026-09-06T11:05:19+00:00 WARNING Laravel returned an error status {"path":"\/api\/v1\/conversations\/0a2ed520-30c8-4beb-b6f1-8d3f1f09b5a7\/messages?visitor_id=a6e33bb5-c131-4721-9f74-2e382c5cb98c&after_id=78","status":404}
2026-09-06T11:05:25+00:00 WARNING Laravel returned an error status {"path":"\/api\/v1\/conversations\/0a2ed520-30c8-4beb-b6f1-8d3f1f09b5a7\/messages?visitor_id=a6e33bb5-c131-4721-9f74-2e382c5cb98c&after_id=78","status":404}
2026-09-06T11:05:31+00:00 WARNING Laravel returned an error status {"path":"\/api\/v1\/conversations\/0a2ed520-30c8-4beb-b6f1-8d3f1f09b5a7\/messages?visitor_id=a6e33bb5-c131-4721-9f74-2e382c5cb98c&after_id=78","status":404}
2026-09-06T11:05:37+00:00 WARNING Laravel returned an error status {"path":"\/api\/v1\/conversations\/0a2ed520-30c8-4beb-b6f1-8d3f1f09b5a7\/messages?visitor_id=a6e33bb5-c131-4721-9f74-2e382c5cb98c&after_id=78","status":404}
2026-09-06T11:05:43+00:00 WARNING Laravel returned an error status {"path":"\/api\/v1\/conversations\/0a2ed520-30c8-4beb-b6f1-8d3f1f09b5a7\/messages?visitor_id=a6e33bb5-c131-4721-9f74-2e382c5cb98c&after_id=78","status":404}
2026-09-06T11:05:49+00:00 WARNING Laravel returned an error status {"path":"\/api\/v1\/conversations\/0a2ed520-30c8-4beb-b6f1-8d3f1f09b5a7\/messages?visitor_id=a6e33bb5-c131-4721-9f74-2e382c5cb98c&after_id=78","status":404}
2026-09-06T11:05:55+00:00 WARNING Laravel returned an error status {"path":"\/api\/v1\/conversations\/0a2ed520-30c8-4beb-b6f1-8d3f1f09b5a7\/messages?visitor_id=a6e33bb5-c131-4721-9f74-2e382c5cb98c&after_id=78","status":404}
2026-09-06T11:06:02+00:00 WARNING Laravel returned an error status {"path":"\/api\/v1\/conversations\/0a2ed520-30c8-4beb-b6f1-8d3f1f09b5a7\/messages?visitor_id=a6e33bb5-c131-4721-9f74-2e382c5cb98c&after_id=78","status":404}
2026-09-06T11:07:07+00:00 WARNING Laravel returned an error status {"path":"\/api\/v1\/conversations\/0a2ed520-30c8-4beb-b6f1-8d3f1f09b5a7\/messages?visitor_id=a6e33bb5-c131-4721-9f74-2e382c5cb98c&after_id=78","status":404}
2026-09-06T11:07:13+00:00 WARNING Laravel returned an error status {"path":"\/api\/v1\/conversations\/0a2ed520-30c8-4beb-b6f1-8d3f1f09b5a7\/messages?visitor_id=a6e33bb5-c131-4721-9f74-2e382c5cb98c&after_id=78","status":404}
2026-09-06T11:07:19+00:00 WARNING Laravel returned an error status {"path":"\/api\/v1\/conversations\/0a2ed520-30c8-4beb-b6f1-8d3f1f09b5a7\/messages?visitor_id=a6e33bb5-c131-4721-9f74-2e382c5cb98c&after_id=78","status":404}
2026-09-06T11:07:25+00:00 WARNING Laravel returned an error status {"path":"\/api\/v1\/conversations\/0a2ed520-30c8-4beb-b6f1-8d3f1f09b5a7\/messages?visitor_id=a6e33bb5-c131-4721-9f74-2e382c5cb98c&after_id=78","status":404}
2026-09-06T11:07:31+00:00 WARNING Laravel returned an error status {"path":"\/api\/v1\/conversations\/0a2ed520-30c8-4beb-b6f1-8d3f1f09b5a7\/messages?visitor_id=a6e33bb5-c131-4721-9f74-2e382c5cb98c&after_id=78","status":404}
2026-09-06T11:07:37+00:00 WARNING Laravel returned an error status {"path":"\/api\/v1\/conversations\/0a2ed520-30c8-4beb-b6f1-8d3f1f09b5a7\/messages?visitor_id=a6e33bb5-c131-4721-9f74-2e382c5cb98c&after_id=78","status":404}
2026-09-06T11:07:44+00:00 WARNING Laravel returned an error status {"path":"\/api\/v1\/conversations\/0a2ed520-30c8-4beb-b6f1-8d3f1f09b5a7\/messages?visitor_id=a6e33bb5-c131-4721-9f74-2e382c5cb98c&after_id=78","status":404}
2026-09-06T11:07:50+00:00 WARNING Laravel returned an error status {"path":"\/api\/v1\/conversations\/0a2ed520-30c8-4beb-b6f1-8d3f1f09b5a7\/messages?visitor_id=a6e33bb5-c131-4721-9f74-2e382c5cb98c&after_id=78","status":404}
2026-09-06T11:07:55+00:00 WARNING Laravel returned an error status {"path":"\/api\/v1\/conversations\/0a2ed520-30c8-4beb-b6f1-8d3f1f09b5a7\/messages?visitor_id=a6e33bb5-c131-4721-9f74-2e382c5cb98c&after_id=78","status":404}
2026-09-06T11:08:02+00:00 WARNING Laravel returned an error status {"path":"\/api\/v1\/conversations\/0a2ed520-30c8-4beb-b6f1-8d3f1f09b5a7\/messages?visitor_id=a6e33bb5-c131-4721-9f74-2e382c5cb98c&after_id=78","status":404}
2026-09-06T11:08:07+00:00 WARNING Laravel returned an error status {"path":"\/api\/v1\/conversations\/0a2ed520-30c8-4beb-b6f1-8d3f1f09b5a7\/messages?visitor_id=a6e33bb5-c131-4721-9f74-2e382c5cb98c&after_id=78","status":404}
2026-09-06T11:08:13+00:00 WARNING Laravel returned an error status {"path":"\/api\/v1\/conversations\/0a2ed520-30c8-4beb-b6f1-8d3f1f09b5a7\/messages?visitor_id=a6e33bb5-c131-4721-9f74-2e382c5cb98c&after_id=78","status":404}
2026-09-06T11:08:20+00:00 WARNING Laravel returned an error status {"path":"\/api\/v1\/conversations\/0a2ed520-30c8-4beb-b6f1-8d3f1f09b5a7\/messages?visitor_id=a6e33bb5-c131-4721-9f74-2e382c5cb98c&after_id=78","status":404}
2026-09-06T11:08:25+00:00 WARNING Laravel returned an error status {"path":"\/api\/v1\/conversations\/0a2ed520-30c8-4beb-b6f1-8d3f1f09b5a7\/messages?visitor_id=a6e33bb5-c131-4721-9f74-2e382c5cb98c&after_id=78","status":404}
2026-09-06T11:08:32+00:00 WARNING Laravel returned an error status {"path":"\/api\/v1\/conversations\/0a2ed520-30c8-4beb-b6f1-8d3f1f09b5a7\/messages?visitor_id=a6e33bb5-c131-4721-9f74-2e382c5cb98c&after_id=78","status":404}
2026-09-06T11:08:37+00:00 WARNING Laravel returned an error status {"path":"\/api\/v1\/conversations\/0a2ed520-30c8-4beb-b6f1-8d3f1f09b5a7\/messages?visitor_id=a6e33bb5-c131-4721-9f74-2e382c5cb98c&after_id=78","status":404}
2026-09-06T11:08:44+00:00 WARNING Laravel returned an error status {"path":"\/api\/v1\/conversations\/0a2ed520-30c8-4beb-b6f1-8d3f1f09b5a7\/messages?visitor_id=a6e33bb5-c131-4721-9f74-2e382c5cb98c&after_id=78","status":404}
2026-09-06T11:08:49+00:00 WARNING Laravel returned an error status {"path":"\/api\/v1\/conversations\/0a2ed520-30c8-4beb-b6f1-8d3f1f09b5a7\/messages?visitor_id=a6e33bb5-c131-4721-9f74-2e382c5cb98c&after_id=78","status":404}
2026-09-06T11:08:55+00:00 WARNING Laravel returned an error status {"path":"\/api\/v1\/conversations\/0a2ed520-30c8-4beb-b6f1-8d3f1f09b5a7\/messages?visitor_id=a6e33bb5-c131-4721-9f74-2e382c5cb98c&after_id=78","status":404}
2026-09-06T11:09:01+00:00 WARNING Laravel returned an error status {"path":"\/api\/v1\/conversations\/0a2ed520-30c8-4beb-b6f1-8d3f1f09b5a7\/messages?visitor_id=a6e33bb5-c131-4721-9f74-2e382c5cb98c&after_id=78","status":404}
2026-09-06T11:09:07+00:00 WARNING Laravel returned an error status {"path":"\/api\/v1\/conversations\/0a2ed520-30c8-4beb-b6f1-8d3f1f09b5a7\/messages?visitor_id=a6e33bb5-c131-4721-9f74-2e382c5cb98c&after_id=78","status":404}
2026-09-06T11:09:13+00:00 WARNING Laravel returned an error status {"path":"\/api\/v1\/conversations\/0a2ed520-30c8-4beb-b6f1-8d3f1f09b5a7\/messages?visitor_id=a6e33bb5-c131-4721-9f74-2e382c5cb98c&after_id=78","status":404}
2026-09-06T11:09:20+00:00 WARNING Laravel returned an error status {"path":"\/api\/v1\/conversations\/0a2ed520-30c8-4beb-b6f1-8d3f1f09b5a7\/messages?visitor_id=a6e33bb5-c131-4721-9f74-2e382c5cb98c&after_id=78","status":404}
2026-09-06T11:09:25+00:00 WARNING Laravel returned an error status {"path":"\/api\/v1\/conversations\/0a2ed520-30c8-4beb-b6f1-8d3f1f09b5a7\/messages?visitor_id=a6e33bb5-c131-4721-9f74-2e382c5cb98c&after_id=78","status":404}
2026-09-06T11:09:32+00:00 WARNING Laravel returned an error status {"path":"\/api\/v1\/conversations\/0a2ed520-30c8-4beb-b6f1-8d3f1f09b5a7\/messages?visitor_id=a6e33bb5-c131-4721-9f74-2e382c5cb98c&after_id=78","status":404}
2026-09-06T11:09:37+00:00 WARNING Laravel returned an error status {"path":"\/api\/v1\/conversations\/0a2ed520-30c8-4beb-b6f1-8d3f1f09b5a7\/messages?visitor_id=a6e33bb5-c131-4721-9f74-2e382c5cb98c&after_id=78","status":404}
2026-09-06T11:09:44+00:00 WARNING Laravel returned an error status {"path":"\/api\/v1\/conversations\/0a2ed520-30c8-4beb-b6f1-8d3f1f09b5a7\/messages?visitor_id=a6e33bb5-c131-4721-9f74-2e382c5cb98c&after_id=78","status":404}
2026-09-06T11:09:49+00:00 WARNING Laravel returned an error status {"path":"\/api\/v1\/conversations\/0a2ed520-30c8-4beb-b6f1-8d3f1f09b5a7\/messages?visitor_id=a6e33bb5-c131-4721-9f74-2e382c5cb98c&after_id=78","status":404}
2026-09-06T11:09:55+00:00 WARNING Laravel returned an error status {"path":"\/api\/v1\/conversations\/0a2ed520-30c8-4beb-b6f1-8d3f1f09b5a7\/messages?visitor_id=a6e33bb5-c131-4721-9f74-2e382c5cb98c&after_id=78","status":404}
2026-09-06T11:10:01+00:00 WARNING Laravel returned an error status {"path":"\/api\/v1\/conversations\/0a2ed520-30c8-4beb-b6f1-8d3f1f09b5a7\/messages?visitor_id=a6e33bb5-c131-4721-9f74-2e382c5cb98c&after_id=78","status":404}
2026-09-06T11:10:08+00:00 WARNING Laravel returned an error status {"path":"\/api\/v1\/conversations\/0a2ed520-30c8-4beb-b6f1-8d3f1f09b5a7\/messages?visitor_id=a6e33bb5-c131-4721-9f74-2e382c5cb98c&after_id=78","status":404}
2026-09-06T11:10:14+00:00 WARNING Laravel returned an error status {"path":"\/api\/v1\/conversations\/0a2ed520-30c8-4beb-b6f1-8d3f1f09b5a7\/messages?visitor_id=a6e33bb5-c131-4721-9f74-2e382c5cb98c&after_id=78","status":404}
2026-09-06T11:10:19+00:00 WARNING Laravel returned an error status {"path":"\/api\/v1\/conversations\/0a2ed520-30c8-4beb-b6f1-8d3f1f09b5a7\/messages?visitor_id=a6e33bb5-c131-4721-9f74-2e382c5cb98c&after_id=78","status":404}
2026-09-06T11:10:25+00:00 WARNING Laravel returned an error status {"path":"\/api\/v1\/conversations\/0a2ed520-30c8-4beb-b6f1-8d3f1f09b5a7\/messages?visitor_id=a6e33bb5-c131-4721-9f74-2e382c5cb98c&after_id=78","status":404}
2026-09-06T11:10:31+00:00 WARNING Laravel returned an error status {"path":"\/api\/v1\/conversations\/0a2ed520-30c8-4beb-b6f1-8d3f1f09b5a7\/messages?visitor_id=a6e33bb5-c131-4721-9f74-2e382c5cb98c&after_id=78","status":404}
2026-09-06T11:10:38+00:00 WARNING Laravel returned an error status {"path":"\/api\/v1\/conversations\/0a2ed520-30c8-4beb-b6f1-8d3f1f09b5a7\/messages?visitor_id=a6e33bb5-c131-4721-9f74-2e382c5cb98c&after_id=78","status":404}
2026-09-06T11:10:44+00:00 WARNING Laravel returned an error status {"path":"\/api\/v1\/conversations\/0a2ed520-30c8-4beb-b6f1-8d3f1f09b5a7\/messages?visitor_id=a6e33bb5-c131-4721-9f74-2e382c5cb98c&after_id=78","status":404}
2026-09-06T11:10:49+00:00 WARNING Laravel returned an error status {"path":"\/api\/v1\/conversations\/0a2ed520-30c8-4beb-b6f1-8d3f1f09b5a7\/messages?visitor_id=a6e33bb5-c131-4721-9f74-2e382c5cb98c&after_id=78","status":404}
2026-09-06T11:10:56+00:00 WARNING Laravel returned an error status {"path":"\/api\/v1\/conversations\/0a2ed520-30c8-4beb-b6f1-8d3f1f09b5a7\/messages?visitor_id=a6e33bb5-c131-4721-9f74-2e382c5cb98c&after_id=78","status":404}
2026-09-06T11:11:01+00:00 WARNING Laravel returned an error status {"path":"\/api\/v1\/conversations\/0a2ed520-30c8-4beb-b6f1-8d3f1f09b5a7\/messages?visitor_id=a6e33bb5-c131-4721-9f74-2e382c5cb98c&after_id=78","status":404}
2026-09-06T11:11:07+00:00 WARNING Laravel returned an error status {"path":"\/api\/v1\/conversations\/0a2ed520-30c8-4beb-b6f1-8d3f1f09b5a7\/messages?visitor_id=a6e33bb5-c131-4721-9f74-2e382c5cb98c&after_id=78","status":404}
2026-09-06T11:11:13+00:00 WARNING Laravel returned an error status {"path":"\/api\/v1\/conversations\/0a2ed520-30c8-4beb-b6f1-8d3f1f09b5a7\/messages?visitor_id=a6e33bb5-c131-4721-9f74-2e382c5cb98c&after_id=78","status":404}
2026-09-06T11:11:20+00:00 WARNING Laravel returned an error status {"path":"\/api\/v1\/conversations\/0a2ed520-30c8-4beb-b6f1-8d3f1f09b5a7\/messages?visitor_id=a6e33bb5-c131-4721-9f74-2e382c5cb98c&after_id=78","status":404}
2026-09-06T11:11:25+00:00 WARNING Laravel returned an error status {"path":"\/api\/v1\/conversations\/0a2ed520-30c8-4beb-b6f1-8d3f1f09b5a7\/messages?visitor_id=a6e33bb5-c131-4721-9f74-2e382c5cb98c&after_id=78","status":404}
2026-09-06T11:11:32+00:00 WARNING Laravel returned an error status {"path":"\/api\/v1\/conversations\/0a2ed520-30c8-4beb-b6f1-8d3f1f09b5a7\/messages?visitor_id=a6e33bb5-c131-4721-9f74-2e382c5cb98c&after_id=78","status":404}
2026-09-06T11:11:37+00:00 WARNING Laravel returned an error status {"path":"\/api\/v1\/conversations\/0a2ed520-30c8-4beb-b6f1-8d3f1f09b5a7\/messages?visitor_id=a6e33bb5-c131-4721-9f74-2e382c5cb98c&after_id=78","status":404}
2026-09-06T11:11:44+00:00 WARNING Laravel returned an error status {"path":"\/api\/v1\/conversations\/0a2ed520-30c8-4beb-b6f1-8d3f1f09b5a7\/messages?visitor_id=a6e33bb5-c131-4721-9f74-2e382c5cb98c&after_id=78","status":404}
2026-09-06T11:11:49+00:00 WARNING Laravel returned an error status {"path":"\/api\/v1\/conversations\/0a2ed520-30c8-4beb-b6f1-8d3f1f09b5a7\/messages?visitor_id=a6e33bb5-c131-4721-9f74-2e382c5cb98c&after_id=78","status":404}
2026-09-06T11:11:55+00:00 WARNING Laravel returned an error status {"path":"\/api\/v1\/conversations\/0a2ed520-30c8-4beb-b6f1-8d3f1f09b5a7\/messages?visitor_id=a6e33bb5-c131-4721-9f74-2e382c5cb98c&after_id=78","status":404}
2026-09-06T11:12:01+00:00 WARNING Laravel returned an error status {"path":"\/api\/v1\/conversations\/0a2ed520-30c8-4beb-b6f1-8d3f1f09b5a7\/messages?visitor_id=a6e33bb5-c131-4721-9f74-2e382c5cb98c&after_id=78","status":404}
2026-09-06T11:12:07+00:00 WARNING Laravel returned an error status {"path":"\/api\/v1\/conversations\/0a2ed520-30c8-4beb-b6f1-8d3f1f09b5a7\/messages?visitor_id=a6e33bb5-c131-4721-9f74-2e382c5cb98c&after_id=78","status":404}
2026-09-06T11:12:13+00:00 WARNING Laravel returned an error status {"path":"\/api\/v1\/conversations\/0a2ed520-30c8-4beb-b6f1-8d3f1f09b5a7\/messages?visitor_id=a6e33bb5-c131-4721-9f74-2e382c5cb98c&after_id=78","status":404}
2026-09-06T11:12:19+00:00 WARNING Laravel returned an error status {"path":"\/api\/v1\/conversations\/0a2ed520-30c8-4beb-b6f1-8d3f1f09b5a7\/messages?visitor_id=a6e33bb5-c131-4721-9f74-2e382c5cb98c&after_id=78","status":404}
2026-09-06T11:12:25+00:00 WARNING Laravel returned an error status {"path":"\/api\/v1\/conversations\/0a2ed520-30c8-4beb-b6f1-8d3f1f09b5a7\/messages?visitor_id=a6e33bb5-c131-4721-9f74-2e382c5cb98c&after_id=78","status":404}
2026-09-06T11:12:31+00:00 WARNING Laravel returned an error status {"path":"\/api\/v1\/conversations\/0a2ed520-30c8-4beb-b6f1-8d3f1f09b5a7\/messages?visitor_id=a6e33bb5-c131-4721-9f74-2e382c5cb98c&after_id=78","status":404}
2026-09-06T11:12:37+00:00 WARNING Laravel returned an error status {"path":"\/api\/v1\/conversations\/0a2ed520-30c8-4beb-b6f1-8d3f1f09b5a7\/messages?visitor_id=a6e33bb5-c131-4721-9f74-2e382c5cb98c&after_id=78","status":404}
2026-09-06T11:12:44+00:00 WARNING Laravel returned an error status {"path":"\/api\/v1\/conversations\/0a2ed520-30c8-4beb-b6f1-8d3f1f09b5a7\/messages?visitor_id=a6e33bb5-c131-4721-9f74-2e382c5cb98c&after_id=78","status":404}
2026-09-06T11:12:49+00:00 WARNING Laravel returned an error status {"path":"\/api\/v1\/conversations\/0a2ed520-30c8-4beb-b6f1-8d3f1f09b5a7\/messages?visitor_id=a6e33bb5-c131-4721-9f74-2e382c5cb98c&after_id=78","status":404}
2026-09-06T11:12:55+00:00 WARNING Laravel returned an error status {"path":"\/api\/v1\/conversations\/0a2ed520-30c8-4beb-b6f1-8d3f1f09b5a7\/messages?visitor_id=a6e33bb5-c131-4721-9f74-2e382c5cb98c&after_id=78","status":404}
2026-09-06T11:13:01+00:00 WARNING Laravel returned an error status {"path":"\/api\/v1\/conversations\/0a2ed520-30c8-4beb-b6f1-8d3f1f09b5a7\/messages?visitor_id=a6e33bb5-c131-4721-9f74-2e382c5cb98c&after_id=78","status":404}
2026-09-06T11:26:08+00:00 WARNING Laravel returned an error status {"path":"\/api\/v1\/conversations\/0a2ed520-30c8-4beb-b6f1-8d3f1f09b5a7\/messages?visitor_id=a6e33bb5-c131-4721-9f74-2e382c5cb98c&after_id=78","status":404}
2026-09-06T11:26:13+00:00 WARNING Laravel returned an error status {"path":"\/api\/v1\/conversations\/0a2ed520-30c8-4beb-b6f1-8d3f1f09b5a7\/messages?visitor_id=a6e33bb5-c131-4721-9f74-2e382c5cb98c&after_id=78","status":404}
2026-09-06T11:26:18+00:00 WARNING Laravel returned an error status {"path":"\/api\/v1\/conversations\/0a2ed520-30c8-4beb-b6f1-8d3f1f09b5a7\/messages?visitor_id=a6e33bb5-c131-4721-9f74-2e382c5cb98c&after_id=78","status":404}
2026-09-06T11:26:23+00:00 WARNING Laravel returned an error status {"path":"\/api\/v1\/conversations\/0a2ed520-30c8-4beb-b6f1-8d3f1f09b5a7\/messages?visitor_id=a6e33bb5-c131-4721-9f74-2e382c5cb98c&after_id=78","status":404}
2026-09-06T11:26:28+00:00 WARNING Laravel returned an error status {"path":"\/api\/v1\/conversations\/0a2ed520-30c8-4beb-b6f1-8d3f1f09b5a7\/messages?visitor_id=a6e33bb5-c131-4721-9f74-2e382c5cb98c&after_id=78","status":404}
2026-09-06T11:26:33+00:00 WARNING Laravel returned an error status {"path":"\/api\/v1\/conversations\/0a2ed520-30c8-4beb-b6f1-8d3f1f09b5a7\/messages?visitor_id=a6e33bb5-c131-4721-9f74-2e382c5cb98c&after_id=78","status":404}
2026-09-06T11:26:34+00:00 WARNING Laravel returned an error status {"path":"\/api\/v1\/site","status":404}
2026-09-06T11:26:38+00:00 WARNING Laravel returned an error status {"path":"\/api\/v1\/conversations\/0a2ed520-30c8-4beb-b6f1-8d3f1f09b5a7\/messages?visitor_id=a6e33bb5-c131-4721-9f74-2e382c5cb98c&after_id=78","status":404}
2026-09-06T11:26:43+00:00 WARNING Laravel returned an error status {"path":"\/api\/v1\/conversations\/0a2ed520-30c8-4beb-b6f1-8d3f1f09b5a7\/messages?visitor_id=a6e33bb5-c131-4721-9f74-2e382c5cb98c&after_id=78","status":404}
2026-09-06T11:26:48+00:00 WARNING Laravel returned an error status {"path":"\/api\/v1\/conversations\/0a2ed520-30c8-4beb-b6f1-8d3f1f09b5a7\/messages?visitor_id=a6e33bb5-c131-4721-9f74-2e382c5cb98c&after_id=78","status":404}
2026-09-06T11:26:53+00:00 WARNING Laravel returned an error status {"path":"\/api\/v1\/conversations\/0a2ed520-30c8-4beb-b6f1-8d3f1f09b5a7\/messages?visitor_id=a6e33bb5-c131-4721-9f74-2e382c5cb98c&after_id=78","status":404}
2026-09-06T11:26:58+00:00 WARNING Laravel returned an error status {"path":"\/api\/v1\/conversations\/0a2ed520-30c8-4beb-b6f1-8d3f1f09b5a7\/messages?visitor_id=a6e33bb5-c131-4721-9f74-2e382c5cb98c&after_id=78","status":404}
2026-09-06T11:27:04+00:00 WARNING Laravel returned an error status {"path":"\/api\/v1\/conversations\/0a2ed520-30c8-4beb-b6f1-8d3f1f09b5a7\/messages?visitor_id=a6e33bb5-c131-4721-9f74-2e382c5cb98c&after_id=78","status":404}
2026-09-06T11:27:10+00:00 WARNING Laravel returned an error status {"path":"\/api\/v1\/conversations\/0a2ed520-30c8-4beb-b6f1-8d3f1f09b5a7\/messages?visitor_id=a6e33bb5-c131-4721-9f74-2e382c5cb98c&after_id=78","status":404}
2026-09-06T11:27:16+00:00 WARNING Laravel returned an error status {"path":"\/api\/v1\/conversations\/0a2ed520-30c8-4beb-b6f1-8d3f1f09b5a7\/messages?visitor_id=a6e33bb5-c131-4721-9f74-2e382c5cb98c&after_id=78","status":404}
2026-09-06T11:27:22+00:00 WARNING Laravel returned an error status {"path":"\/api\/v1\/conversations\/0a2ed520-30c8-4beb-b6f1-8d3f1f09b5a7\/messages?visitor_id=a6e33bb5-c131-4721-9f74-2e382c5cb98c&after_id=78","status":404}
2026-09-06T11:27:28+00:00 WARNING Laravel returned an error status {"path":"\/api\/v1\/conversations\/0a2ed520-30c8-4beb-b6f1-8d3f1f09b5a7\/messages?visitor_id=a6e33bb5-c131-4721-9f74-2e382c5cb98c&after_id=78","status":404}
2026-09-06T11:27:34+00:00 WARNING Laravel returned an error status {"path":"\/api\/v1\/conversations\/0a2ed520-30c8-4beb-b6f1-8d3f1f09b5a7\/messages?visitor_id=a6e33bb5-c131-4721-9f74-2e382c5cb98c&after_id=78","status":404}
2026-09-06T11:27:40+00:00 WARNING Laravel returned an error status {"path":"\/api\/v1\/conversations\/0a2ed520-30c8-4beb-b6f1-8d3f1f09b5a7\/messages?visitor_id=a6e33bb5-c131-4721-9f74-2e382c5cb98c&after_id=78","status":404}
2026-09-06T11:27:46+00:00 WARNING Laravel returned an error status {"path":"\/api\/v1\/conversations\/0a2ed520-30c8-4beb-b6f1-8d3f1f09b5a7\/messages?visitor_id=a6e33bb5-c131-4721-9f74-2e382c5cb98c&after_id=78","status":404}
2026-09-06T11:27:52+00:00 WARNING Laravel returned an error status {"path":"\/api\/v1\/conversations\/0a2ed520-30c8-4beb-b6f1-8d3f1f09b5a7\/messages?visitor_id=a6e33bb5-c131-4721-9f74-2e382c5cb98c&after_id=78","status":404}
2026-09-06T11:27:58+00:00 WARNING Laravel returned an error status {"path":"\/api\/v1\/conversations\/0a2ed520-30c8-4beb-b6f1-8d3f1f09b5a7\/messages?visitor_id=a6e33bb5-c131-4721-9f74-2e382c5cb98c&after_id=78","status":404}
2026-09-06T11:28:05+00:00 WARNING Laravel returned an error status {"path":"\/api\/v1\/conversations\/0a2ed520-30c8-4beb-b6f1-8d3f1f09b5a7\/messages?visitor_id=a6e33bb5-c131-4721-9f74-2e382c5cb98c&after_id=78","status":404}
2026-09-06T11:28:10+00:00 WARNING Laravel returned an error status {"path":"\/api\/v1\/conversations\/0a2ed520-30c8-4beb-b6f1-8d3f1f09b5a7\/messages?visitor_id=a6e33bb5-c131-4721-9f74-2e382c5cb98c&after_id=78","status":404}
2026-09-06T11:28:16+00:00 WARNING Laravel returned an error status {"path":"\/api\/v1\/conversations\/0a2ed520-30c8-4beb-b6f1-8d3f1f09b5a7\/messages?visitor_id=a6e33bb5-c131-4721-9f74-2e382c5cb98c&after_id=78","status":404}
2026-09-06T11:28:22+00:00 WARNING Laravel returned an error status {"path":"\/api\/v1\/conversations\/0a2ed520-30c8-4beb-b6f1-8d3f1f09b5a7\/messages?visitor_id=a6e33bb5-c131-4721-9f74-2e382c5cb98c&after_id=78","status":404}
2026-09-06T11:28:28+00:00 WARNING Laravel returned an error status {"path":"\/api\/v1\/conversations\/0a2ed520-30c8-4beb-b6f1-8d3f1f09b5a7\/messages?visitor_id=a6e33bb5-c131-4721-9f74-2e382c5cb98c&after_id=78","status":404}
2026-09-06T11:28:34+00:00 WARNING Laravel returned an error status {"path":"\/api\/v1\/conversations\/0a2ed520-30c8-4beb-b6f1-8d3f1f09b5a7\/messages?visitor_id=a6e33bb5-c131-4721-9f74-2e382c5cb98c&after_id=78","status":404}
