2026-09-27T05:55:04+00:00 WARNING Laravel returned an error status {"path":"\/api\/v1\/conversations\/438554c2-0e96-4349-a8d3-7b4715cd26fa\/messages","status":422}
2026-09-27T05:55:46+00:00 WARNING Laravel returned an error status {"path":"\/api\/v1\/conversations\/438554c2-0e96-4349-a8d3-7b4715cd26fa\/messages","status":422}
2026-09-27T05:56:40+00:00 WARNING Laravel returned an error status {"path":"\/api\/v1\/conversations\/438554c2-0e96-4349-a8d3-7b4715cd26fa\/messages?after_id=57","status":401}
2026-09-27T05:57:06+00:00 WARNING Laravel returned an error status {"path":"\/api\/v1\/conversations\/438554c2-0e96-4349-a8d3-7b4715cd26fa\/messages","status":422}
2026-09-27T05:57:18+00:00 WARNING Laravel returned an error status {"path":"\/api\/v1\/conversations\/438554c2-0e96-4349-a8d3-7b4715cd26fa\/messages","status":422}
2026-09-27T05:58:01+00:00 WARNING Laravel returned an error status {"path":"\/api\/v1\/conversations\/438554c2-0e96-4349-a8d3-7b4715cd26fa\/messages","status":422}
2026-09-27T06:00:01+00:00 WARNING Laravel returned an error status {"path":"\/api\/v1\/conversations\/438554c2-0e96-4349-a8d3-7b4715cd26fa\/messages","status":422}
2026-09-27T06:02:45+00:00 WARNING Laravel returned an error status {"path":"\/api\/v1\/conversations\/waiting-count","status":401}
2026-09-27T06:22:48+00:00 WARNING Laravel returned an error status {"path":"\/api\/v1\/conversations\/438554c2-0e96-4349-a8d3-7b4715cd26fa\/messages","status":401}
2026-09-27T06:22:55+00:00 WARNING Laravel returned an error status {"path":"\/api\/v1\/site","status":401}
2026-09-27T06:23:46+00:00 WARNING Laravel returned an error status {"path":"\/api\/v1\/conversations\/438554c2-0e96-4349-a8d3-7b4715cd26fa\/messages?visitor_id=8d311587-10b1-497c-8b88-9498c906da5f&after_id=67","status":401}
2026-09-27T06:23:50+00:00 WARNING Laravel returned an error status {"path":"\/api\/v1\/conversations\/438554c2-0e96-4349-a8d3-7b4715cd26fa\/messages?visitor_id=8d311587-10b1-497c-8b88-9498c906da5f","status":401}
2026-09-27T06:23:55+00:00 WARNING Laravel returned an error status {"path":"\/api\/v1\/chat","status":401}
2026-09-27T06:23:55+00:00 WARNING Laravel returned an error status {"path":"\/api\/v1\/conversations\/438554c2-0e96-4349-a8d3-7b4715cd26fa\/messages?visitor_id=8d311587-10b1-497c-8b88-9498c906da5f","status":401}
2026-09-27T06:23:57+00:00 WARNING Laravel returned an error status {"path":"\/api\/v1\/chat","status":401}
2026-09-27T06:24:00+00:00 WARNING Laravel returned an error status {"path":"\/api\/v1\/conversations\/438554c2-0e96-4349-a8d3-7b4715cd26fa\/messages?visitor_id=8d311587-10b1-497c-8b88-9498c906da5f","status":401}
2026-09-27T06:24:01+00:00 WARNING Laravel returned an error status {"path":"\/api\/v1\/conversations\/waiting-count","status":401}
2026-09-27T06:24:04+00:00 WARNING Laravel returned an error status {"path":"\/api\/v1\/conversations\/waiting-count","status":401}
2026-09-27T06:24:04+00:00 WARNING Laravel returned an error status {"path":"\/api\/v1\/conversations\/waiting-count","status":401}
2026-09-27T06:24:04+00:00 WARNING Laravel returned an error status {"path":"\/api\/v1\/site","status":401}
2026-09-27T06:24:04+00:00 WARNING Laravel returned an error status {"path":"\/api\/v1\/usage","status":401}
2026-09-27T06:24:04+00:00 WARNING Laravel returned an error status {"path":"\/api\/v1\/site","status":401}
2026-09-27T06:24:06+00:00 WARNING Laravel returned an error status {"path":"\/api\/v1\/conversations\/waiting-count","status":401}
2026-09-27T06:24:06+00:00 WARNING Laravel returned an error status {"path":"\/api\/v1\/conversations\/waiting-count","status":401}
2026-09-27T06:24:06+00:00 WARNING Laravel returned an error status {"path":"\/api\/v1\/site","status":401}
2026-09-27T06:24:18+00:00 WARNING Laravel returned an error status {"path":"\/api\/v1\/conversations\/438554c2-0e96-4349-a8d3-7b4715cd26fa\/messages?after_id=67","status":401}
2026-09-27T06:24:18+00:00 WARNING Laravel returned an error status {"path":"\/api\/v1\/conversations?per_page=25","status":401}
2026-09-27T06:24:18+00:00 WARNING Laravel returned an error status {"path":"\/api\/v1\/conversations\/waiting-count","status":401}
2026-09-27T06:24:18+00:00 WARNING Laravel returned an error status {"path":"\/api\/v1\/conversations\/438554c2-0e96-4349-a8d3-7b4715cd26fa\/messages?after_id=67","status":401}
2026-09-27T06:24:18+00:00 WARNING Laravel returned an error status {"path":"\/api\/v1\/conversations?per_page=25","status":401}
2026-09-27T06:24:18+00:00 WARNING Laravel returned an error status {"path":"\/api\/v1\/conversations\/waiting-count","status":401}
2026-09-27T06:24:21+00:00 WARNING Laravel returned an error status {"path":"\/api\/v1\/conversations\/waiting-count","status":401}
2026-09-27T06:24:21+00:00 WARNING Laravel returned an error status {"path":"\/api\/v1\/conversations\/waiting-count","status":401}
2026-09-27T06:24:26+00:00 WARNING Laravel returned an error status {"path":"\/api\/v1\/conversations\/438554c2-0e96-4349-a8d3-7b4715cd26fa\/messages?visitor_id=8d311587-10b1-497c-8b88-9498c906da5f","status":401}
2026-09-27T06:24:28+00:00 WARNING Laravel returned an error status {"path":"\/api\/v1\/conversations\/waiting-count","status":401}
2026-09-27T06:26:37+00:00 WARNING Laravel returned an error status {"path":"\/api\/v1\/conversations\/waiting-count","status":401}
2026-09-27T06:26:39+00:00 WARNING Laravel returned an error status {"path":"\/api\/v1\/conversations\/waiting-count","status":401}
2026-09-27T06:26:43+00:00 WARNING Laravel returned an error status {"path":"\/api\/v1\/site","status":401}
2026-09-27T06:26:43+00:00 WARNING Laravel returned an error status {"path":"\/api\/v1\/conversations\/waiting-count","status":401}
2026-09-27T06:26:43+00:00 WARNING Laravel returned an error status {"path":"\/api\/v1\/conversations\/waiting-count","status":401}
2026-09-27T06:26:43+00:00 WARNING Laravel returned an error status {"path":"\/api\/v1\/site","status":401}
2026-09-27T06:26:43+00:00 WARNING Laravel returned an error status {"path":"\/api\/v1\/site","status":401}
2026-09-27T06:26:50+00:00 WARNING Laravel returned an error status {"path":"\/api\/v1\/conversations\/waiting-count","status":401}
2026-09-27T06:26:50+00:00 WARNING Laravel returned an error status {"path":"\/api\/v1\/conversations\/waiting-count","status":401}
2026-09-27T06:29:02+00:00 WARNING Laravel returned an error status {"path":"\/api\/v1\/conversations\/waiting-count","status":401}
2026-09-27T06:29:42+00:00 WARNING Laravel returned an error status {"path":"\/api\/v1\/conversations\/waiting-count","status":401}
2026-09-27T06:29:43+00:00 WARNING Laravel returned an error status {"path":"\/api\/v1\/conversations\/waiting-count","status":401}
2026-09-27T06:30:01+00:00 WARNING Laravel returned an error status {"path":"\/api\/v1\/conversations\/waiting-count","status":401}
2026-09-27T06:30:01+00:00 WARNING Laravel returned an error status {"path":"\/api\/v1\/conversations\/waiting-count","status":401}
2026-09-27T06:30:02+00:00 WARNING Laravel returned an error status {"path":"\/api\/v1\/conversations\/waiting-count","status":401}
2026-09-27T06:30:13+00:00 WARNING Laravel returned an error status {"path":"\/api\/v1\/conversations\/waiting-count","status":401}
2026-09-27T06:30:13+00:00 WARNING Laravel returned an error status {"path":"\/api\/v1\/conversations\/waiting-count","status":401}
2026-09-27T06:30:42+00:00 WARNING Laravel returned an error status {"path":"\/api\/v1\/conversations\/438554c2-0e96-4349-a8d3-7b4715cd26fa\/messages?visitor_id=8d311587-10b1-497c-8b88-9498c906da5f","status":404}
2026-09-27T06:30:44+00:00 WARNING Laravel returned an error status {"path":"\/api\/v1\/chat","status":404}
2026-09-27T06:30:47+00:00 WARNING Laravel returned an error status {"path":"\/api\/v1\/chat","status":404}
2026-09-27T06:30:47+00:00 WARNING Laravel returned an error status {"path":"\/api\/v1\/conversations\/438554c2-0e96-4349-a8d3-7b4715cd26fa\/messages?visitor_id=8d311587-10b1-497c-8b88-9498c906da5f","status":404}
2026-09-27T06:30:48+00:00 WARNING Laravel returned an error status {"path":"\/api\/v1\/chat","status":404}
2026-09-27T06:30:48+00:00 WARNING Laravel returned an error status {"path":"\/api\/v1\/chat","status":404}
2026-09-27T06:30:48+00:00 WARNING Laravel returned an error status {"path":"\/api\/v1\/chat","status":404}
2026-09-27T06:30:52+00:00 WARNING Laravel returned an error status {"path":"\/api\/v1\/conversations\/waiting-count","status":401}
2026-09-27T06:31:32+00:00 WARNING Laravel returned an error status {"path":"\/api\/v1\/conversations\/438554c2-0e96-4349-a8d3-7b4715cd26fa\/messages?visitor_id=8d311587-10b1-497c-8b88-9498c906da5f","status":404}
2026-09-27T06:31:35+00:00 WARNING Laravel returned an error status {"path":"\/api\/v1\/chat","status":404}
2026-09-27T06:31:37+00:00 WARNING Laravel returned an error status {"path":"\/api\/v1\/conversations\/438554c2-0e96-4349-a8d3-7b4715cd26fa\/messages?visitor_id=8d311587-10b1-497c-8b88-9498c906da5f","status":404}
2026-09-27T06:31:42+00:00 WARNING Laravel returned an error status {"path":"\/api\/v1\/conversations\/438554c2-0e96-4349-a8d3-7b4715cd26fa\/messages?visitor_id=8d311587-10b1-497c-8b88-9498c906da5f","status":404}
2026-09-27T06:31:47+00:00 WARNING Laravel returned an error status {"path":"\/api\/v1\/conversations\/438554c2-0e96-4349-a8d3-7b4715cd26fa\/messages?visitor_id=8d311587-10b1-497c-8b88-9498c906da5f","status":404}
2026-09-27T06:32:01+00:00 WARNING Laravel returned an error status {"path":"\/api\/v1\/site","status":301}
2026-09-27T06:33:11+00:00 WARNING Laravel returned an error status {"path":"\/api\/v1\/site","status":301}
2026-09-27T06:35:30+00:00 WARNING Laravel returned an error status {"path":"\/api\/v1\/chat","status":404}
2026-09-27T06:35:31+00:00 WARNING Laravel returned an error status {"path":"\/api\/v1\/chat","status":404}
2026-09-27T06:35:32+00:00 WARNING Laravel returned an error status {"path":"\/api\/v1\/conversations\/438554c2-0e96-4349-a8d3-7b4715cd26fa\/messages?visitor_id=8d311587-10b1-497c-8b88-9498c906da5f","status":404}
2026-09-27T06:35:34+00:00 WARNING Laravel returned an error status {"path":"\/api\/v1\/conversations\/438554c2-0e96-4349-a8d3-7b4715cd26fa\/messages?visitor_id=8d311587-10b1-497c-8b88-9498c906da5f","status":404}
2026-09-27T06:35:38+00:00 WARNING Laravel returned an error status {"path":"\/api\/v1\/chat","status":404}
2026-09-27T06:35:39+00:00 WARNING Laravel returned an error status {"path":"\/api\/v1\/conversations\/438554c2-0e96-4349-a8d3-7b4715cd26fa\/messages?visitor_id=8d311587-10b1-497c-8b88-9498c906da5f","status":404}
2026-09-27T06:35:41+00:00 WARNING Laravel returned an error status {"path":"\/api\/v1\/chat","status":404}
2026-09-27T06:35:44+00:00 WARNING Laravel returned an error status {"path":"\/api\/v1\/conversations\/438554c2-0e96-4349-a8d3-7b4715cd26fa\/messages?visitor_id=8d311587-10b1-497c-8b88-9498c906da5f","status":404}
2026-09-27T06:35:50+00:00 WARNING Laravel returned an error status {"path":"\/api\/v1\/conversations\/438554c2-0e96-4349-a8d3-7b4715cd26fa\/messages?visitor_id=8d311587-10b1-497c-8b88-9498c906da5f","status":404}
2026-09-27T06:35:55+00:00 WARNING Laravel returned an error status {"path":"\/api\/v1\/conversations\/438554c2-0e96-4349-a8d3-7b4715cd26fa\/messages?visitor_id=8d311587-10b1-497c-8b88-9498c906da5f","status":404}
2026-09-27T06:36:00+00:00 WARNING Laravel returned an error status {"path":"\/api\/v1\/conversations\/438554c2-0e96-4349-a8d3-7b4715cd26fa\/messages?visitor_id=8d311587-10b1-497c-8b88-9498c906da5f","status":404}
2026-09-27T06:36:05+00:00 WARNING Laravel returned an error status {"path":"\/api\/v1\/conversations\/438554c2-0e96-4349-a8d3-7b4715cd26fa\/messages?visitor_id=8d311587-10b1-497c-8b88-9498c906da5f","status":404}
2026-09-27T06:36:10+00:00 WARNING Laravel returned an error status {"path":"\/api\/v1\/conversations\/438554c2-0e96-4349-a8d3-7b4715cd26fa\/messages?visitor_id=8d311587-10b1-497c-8b88-9498c906da5f","status":404}
2026-09-27T06:36:14+00:00 WARNING Laravel returned an error status {"path":"\/api\/v1\/conversations\/438554c2-0e96-4349-a8d3-7b4715cd26fa\/messages?visitor_id=8d311587-10b1-497c-8b88-9498c906da5f","status":404}
2026-09-27T06:36:19+00:00 WARNING Laravel returned an error status {"path":"\/api\/v1\/conversations\/438554c2-0e96-4349-a8d3-7b4715cd26fa\/messages?visitor_id=8d311587-10b1-497c-8b88-9498c906da5f","status":404}
2026-09-27T06:36:25+00:00 WARNING Laravel returned an error status {"path":"\/api\/v1\/conversations\/438554c2-0e96-4349-a8d3-7b4715cd26fa\/messages?visitor_id=8d311587-10b1-497c-8b88-9498c906da5f","status":404}
2026-09-27T06:36:29+00:00 WARNING Laravel returned an error status {"path":"\/api\/v1\/conversations\/438554c2-0e96-4349-a8d3-7b4715cd26fa\/messages?visitor_id=8d311587-10b1-497c-8b88-9498c906da5f","status":404}
2026-09-27T06:36:34+00:00 WARNING Laravel returned an error status {"path":"\/api\/v1\/conversations\/438554c2-0e96-4349-a8d3-7b4715cd26fa\/messages?visitor_id=8d311587-10b1-497c-8b88-9498c906da5f","status":404}
2026-09-27T06:36:40+00:00 WARNING Laravel returned an error status {"path":"\/api\/v1\/conversations\/438554c2-0e96-4349-a8d3-7b4715cd26fa\/messages?visitor_id=8d311587-10b1-497c-8b88-9498c906da5f","status":404}
2026-09-27T06:36:45+00:00 WARNING Laravel returned an error status {"path":"\/api\/v1\/conversations\/438554c2-0e96-4349-a8d3-7b4715cd26fa\/messages?visitor_id=8d311587-10b1-497c-8b88-9498c906da5f","status":404}
2026-09-27T06:36:49+00:00 WARNING Laravel returned an error status {"path":"\/api\/v1\/conversations\/438554c2-0e96-4349-a8d3-7b4715cd26fa\/messages?visitor_id=8d311587-10b1-497c-8b88-9498c906da5f","status":404}
2026-09-27T06:36:55+00:00 WARNING Laravel returned an error status {"path":"\/api\/v1\/conversations\/438554c2-0e96-4349-a8d3-7b4715cd26fa\/messages?visitor_id=8d311587-10b1-497c-8b88-9498c906da5f","status":404}
2026-09-27T06:37:00+00:00 WARNING Laravel returned an error status {"path":"\/api\/v1\/conversations\/438554c2-0e96-4349-a8d3-7b4715cd26fa\/messages?visitor_id=8d311587-10b1-497c-8b88-9498c906da5f","status":404}
2026-09-27T06:37:05+00:00 WARNING Laravel returned an error status {"path":"\/api\/v1\/conversations\/438554c2-0e96-4349-a8d3-7b4715cd26fa\/messages?visitor_id=8d311587-10b1-497c-8b88-9498c906da5f","status":404}
2026-09-27T06:37:09+00:00 WARNING Laravel returned an error status {"path":"\/api\/v1\/conversations\/438554c2-0e96-4349-a8d3-7b4715cd26fa\/messages?visitor_id=8d311587-10b1-497c-8b88-9498c906da5f","status":404}
2026-09-27T06:37:20+00:00 WARNING Laravel returned an error status {"path":"\/api\/v1\/conversations\/438554c2-0e96-4349-a8d3-7b4715cd26fa\/messages?visitor_id=8d311587-10b1-497c-8b88-9498c906da5f","status":404}
2026-09-27T06:37:20+00:00 WARNING Laravel returned an error status {"path":"\/api\/v1\/chat","status":404}
2026-09-27T06:37:22+00:00 WARNING Laravel returned an error status {"path":"\/api\/v1\/chat","status":404}
2026-09-27T06:37:24+00:00 WARNING Laravel returned an error status {"path":"\/api\/v1\/chat","status":404}
2026-09-27T06:37:24+00:00 WARNING Laravel returned an error status {"path":"\/api\/v1\/conversations\/438554c2-0e96-4349-a8d3-7b4715cd26fa\/messages?visitor_id=8d311587-10b1-497c-8b88-9498c906da5f","status":404}
2026-09-27T06:37:29+00:00 WARNING Laravel returned an error status {"path":"\/api\/v1\/chat","status":404}
2026-09-27T06:37:29+00:00 WARNING Laravel returned an error status {"path":"\/api\/v1\/conversations\/438554c2-0e96-4349-a8d3-7b4715cd26fa\/messages?visitor_id=8d311587-10b1-497c-8b88-9498c906da5f","status":404}
2026-09-27T06:38:05+00:00 WARNING Laravel returned an error status {"path":"\/api\/v1\/conversations\/438554c2-0e96-4349-a8d3-7b4715cd26fa\/messages?visitor_id=8d311587-10b1-497c-8b88-9498c906da5f","status":404}
2026-09-27T06:38:09+00:00 WARNING Laravel returned an error status {"path":"\/api\/v1\/conversations\/438554c2-0e96-4349-a8d3-7b4715cd26fa\/messages?visitor_id=8d311587-10b1-497c-8b88-9498c906da5f","status":404}
2026-09-27T06:38:12+00:00 WARNING Laravel returned an error status {"path":"\/api\/v1\/conversations?per_page=25","status":401}
2026-09-27T06:38:12+00:00 WARNING Laravel returned an error status {"path":"\/api\/v1\/conversations\/waiting-count","status":401}
2026-09-27T06:38:36+00:00 WARNING Laravel returned an error status {"path":"\/api\/v1\/conversations\/438554c2-0e96-4349-a8d3-7b4715cd26fa\/messages?visitor_id=8d311587-10b1-497c-8b88-9498c906da5f","status":404}
2026-09-27T06:38:40+00:00 WARNING Laravel returned an error status {"path":"\/api\/v1\/chat","status":404}
2026-09-27T06:38:41+00:00 WARNING Laravel returned an error status {"path":"\/api\/v1\/conversations\/438554c2-0e96-4349-a8d3-7b4715cd26fa\/messages?visitor_id=8d311587-10b1-497c-8b88-9498c906da5f","status":404}
2026-09-27T06:38:46+00:00 WARNING Laravel returned an error status {"path":"\/api\/v1\/conversations\/438554c2-0e96-4349-a8d3-7b4715cd26fa\/messages?visitor_id=8d311587-10b1-497c-8b88-9498c906da5f","status":404}
2026-09-27T06:38:51+00:00 WARNING Laravel returned an error status {"path":"\/api\/v1\/conversations\/438554c2-0e96-4349-a8d3-7b4715cd26fa\/messages?visitor_id=8d311587-10b1-497c-8b88-9498c906da5f","status":404}
2026-09-27T06:38:56+00:00 WARNING Laravel returned an error status {"path":"\/api\/v1\/conversations\/438554c2-0e96-4349-a8d3-7b4715cd26fa\/messages?visitor_id=8d311587-10b1-497c-8b88-9498c906da5f","status":404}
2026-09-27T06:39:01+00:00 WARNING Laravel returned an error status {"path":"\/api\/v1\/conversations\/438554c2-0e96-4349-a8d3-7b4715cd26fa\/messages?visitor_id=8d311587-10b1-497c-8b88-9498c906da5f","status":404}
2026-09-27T06:39:06+00:00 WARNING Laravel returned an error status {"path":"\/api\/v1\/conversations\/438554c2-0e96-4349-a8d3-7b4715cd26fa\/messages?visitor_id=8d311587-10b1-497c-8b88-9498c906da5f","status":404}
2026-09-27T06:39:11+00:00 WARNING Laravel returned an error status {"path":"\/api\/v1\/conversations\/438554c2-0e96-4349-a8d3-7b4715cd26fa\/messages?visitor_id=8d311587-10b1-497c-8b88-9498c906da5f","status":404}
2026-09-27T06:39:16+00:00 WARNING Laravel returned an error status {"path":"\/api\/v1\/conversations\/438554c2-0e96-4349-a8d3-7b4715cd26fa\/messages?visitor_id=8d311587-10b1-497c-8b88-9498c906da5f","status":404}
2026-09-27T06:39:21+00:00 WARNING Laravel returned an error status {"path":"\/api\/v1\/conversations\/438554c2-0e96-4349-a8d3-7b4715cd26fa\/messages?visitor_id=8d311587-10b1-497c-8b88-9498c906da5f","status":404}
2026-09-27T06:39:26+00:00 WARNING Laravel returned an error status {"path":"\/api\/v1\/conversations\/438554c2-0e96-4349-a8d3-7b4715cd26fa\/messages?visitor_id=8d311587-10b1-497c-8b88-9498c906da5f","status":404}
2026-09-27T06:39:31+00:00 WARNING Laravel returned an error status {"path":"\/api\/v1\/conversations\/438554c2-0e96-4349-a8d3-7b4715cd26fa\/messages?visitor_id=8d311587-10b1-497c-8b88-9498c906da5f","status":404}
2026-09-27T06:39:36+00:00 WARNING Laravel returned an error status {"path":"\/api\/v1\/conversations\/438554c2-0e96-4349-a8d3-7b4715cd26fa\/messages?visitor_id=8d311587-10b1-497c-8b88-9498c906da5f","status":404}
2026-09-27T06:39:41+00:00 WARNING Laravel returned an error status {"path":"\/api\/v1\/conversations\/438554c2-0e96-4349-a8d3-7b4715cd26fa\/messages?visitor_id=8d311587-10b1-497c-8b88-9498c906da5f","status":404}
2026-09-27T06:39:46+00:00 WARNING Laravel returned an error status {"path":"\/api\/v1\/conversations\/438554c2-0e96-4349-a8d3-7b4715cd26fa\/messages?visitor_id=8d311587-10b1-497c-8b88-9498c906da5f","status":401}
2026-09-27T06:39:47+00:00 WARNING Laravel returned an error status {"path":"\/api\/v1\/chat","status":401}
2026-09-27T06:39:51+00:00 WARNING Laravel returned an error status {"path":"\/api\/v1\/conversations\/438554c2-0e96-4349-a8d3-7b4715cd26fa\/messages?visitor_id=8d311587-10b1-497c-8b88-9498c906da5f","status":401}
2026-09-27T06:39:56+00:00 WARNING Laravel returned an error status {"path":"\/api\/v1\/conversations\/438554c2-0e96-4349-a8d3-7b4715cd26fa\/messages?visitor_id=8d311587-10b1-497c-8b88-9498c906da5f","status":401}
2026-09-27T06:40:01+00:00 WARNING Laravel returned an error status {"path":"\/api\/v1\/conversations\/438554c2-0e96-4349-a8d3-7b4715cd26fa\/messages?visitor_id=8d311587-10b1-497c-8b88-9498c906da5f","status":401}
2026-09-27T06:40:06+00:00 WARNING Laravel returned an error status {"path":"\/api\/v1\/conversations\/438554c2-0e96-4349-a8d3-7b4715cd26fa\/messages?visitor_id=8d311587-10b1-497c-8b88-9498c906da5f","status":401}
2026-09-27T06:40:11+00:00 WARNING Laravel returned an error status {"path":"\/api\/v1\/conversations\/438554c2-0e96-4349-a8d3-7b4715cd26fa\/messages?visitor_id=8d311587-10b1-497c-8b88-9498c906da5f","status":401}
2026-09-27T06:40:16+00:00 WARNING Laravel returned an error status {"path":"\/api\/v1\/conversations\/438554c2-0e96-4349-a8d3-7b4715cd26fa\/messages?visitor_id=8d311587-10b1-497c-8b88-9498c906da5f","status":401}
2026-09-27T06:40:21+00:00 WARNING Laravel returned an error status {"path":"\/api\/v1\/conversations\/438554c2-0e96-4349-a8d3-7b4715cd26fa\/messages?visitor_id=8d311587-10b1-497c-8b88-9498c906da5f","status":401}
2026-09-27T06:40:26+00:00 WARNING Laravel returned an error status {"path":"\/api\/v1\/conversations\/438554c2-0e96-4349-a8d3-7b4715cd26fa\/messages?visitor_id=8d311587-10b1-497c-8b88-9498c906da5f","status":401}
2026-09-27T06:40:31+00:00 WARNING Laravel returned an error status {"path":"\/api\/v1\/conversations\/438554c2-0e96-4349-a8d3-7b4715cd26fa\/messages?visitor_id=8d311587-10b1-497c-8b88-9498c906da5f","status":401}
2026-09-27T06:40:35+00:00 WARNING Laravel returned an error status {"path":"\/api\/v1\/conversations\/438554c2-0e96-4349-a8d3-7b4715cd26fa\/messages?visitor_id=8d311587-10b1-497c-8b88-9498c906da5f","status":401}
2026-09-27T06:40:38+00:00 WARNING Laravel returned an error status {"path":"\/api\/v1\/chat","status":401}
2026-09-27T06:40:40+00:00 WARNING Laravel returned an error status {"path":"\/api\/v1\/conversations\/438554c2-0e96-4349-a8d3-7b4715cd26fa\/messages?visitor_id=8d311587-10b1-497c-8b88-9498c906da5f","status":401}
2026-09-27T06:40:43+00:00 WARNING Laravel returned an error status {"path":"\/api\/v1\/conversations\/waiting-count","status":401}
2026-09-27T06:40:43+00:00 WARNING Laravel returned an error status {"path":"\/api\/v1\/conversations?per_page=25","status":401}
2026-09-27T06:40:43+00:00 WARNING Laravel returned an error status {"path":"\/api\/v1\/conversations\/cf90fdb7-43e5-4b18-b57e-1776707e0df5\/messages?after_id=17","status":401}
2026-09-27T06:40:43+00:00 WARNING Laravel returned an error status {"path":"\/api\/v1\/conversations\/waiting-count","status":401}
2026-09-27T06:40:43+00:00 WARNING Laravel returned an error status {"path":"\/api\/v1\/conversations\/cf90fdb7-43e5-4b18-b57e-1776707e0df5\/messages?after_id=17","status":401}
2026-09-27T06:40:43+00:00 WARNING Laravel returned an error status {"path":"\/api\/v1\/conversations?per_page=25","status":401}
2026-09-27T06:40:45+00:00 WARNING Laravel returned an error status {"path":"\/api\/v1\/conversations\/waiting-count","status":401}
2026-09-27T06:40:45+00:00 WARNING Laravel returned an error status {"path":"\/api\/v1\/conversations\/waiting-count","status":401}
2026-09-27T06:40:46+00:00 WARNING Laravel returned an error status {"path":"\/api\/v1\/conversations\/cf90fdb7-43e5-4b18-b57e-1776707e0df5\/messages?after_id=17","status":401}
2026-09-27T06:40:46+00:00 WARNING Laravel returned an error status {"path":"\/api\/v1\/conversations?per_page=25","status":401}
2026-09-27T06:40:47+00:00 WARNING Laravel returned an error status {"path":"\/api\/v1\/conversations\/waiting-count","status":401}
2026-09-27T06:40:47+00:00 WARNING Laravel returned an error status {"path":"\/api\/v1\/conversations\/waiting-count","status":401}
2026-09-27T06:40:50+00:00 WARNING Laravel returned an error status {"path":"\/api\/v1\/conversations\/waiting-count","status":401}
2026-09-27T06:40:50+00:00 WARNING Laravel returned an error status {"path":"\/api\/v1\/conversations\/waiting-count","status":401}
2026-09-27T06:40:50+00:00 WARNING Laravel returned an error status {"path":"\/api\/v1\/site","status":401}
2026-09-27T06:40:50+00:00 WARNING Laravel returned an error status {"path":"\/api\/v1\/site","status":401}
2026-09-27T06:40:56+00:00 WARNING Laravel returned an error status {"path":"\/api\/v1\/site","status":401}
2026-09-27T06:40:56+00:00 WARNING Laravel returned an error status {"path":"\/api\/v1\/conversations\/waiting-count","status":401}
2026-09-27T06:40:56+00:00 WARNING Laravel returned an error status {"path":"\/api\/v1\/conversations\/waiting-count","status":401}
2026-09-27T06:40:56+00:00 WARNING Laravel returned an error status {"path":"\/api\/v1\/site","status":401}
2026-09-27T06:40:56+00:00 WARNING Laravel returned an error status {"path":"\/api\/v1\/site","status":401}
2026-09-27T06:43:08+00:00 WARNING Laravel returned an error status {"path":"\/api\/v1\/conversations\/waiting-count","status":401}
2026-09-27T06:43:16+00:00 WARNING Laravel returned an error status {"path":"\/api\/v1\/conversations\/waiting-count","status":401}
2026-09-27T06:43:32+00:00 WARNING Laravel returned an error status {"path":"\/api\/v1\/conversations\/waiting-count","status":401}
2026-09-27T06:43:32+00:00 WARNING Laravel returned an error status {"path":"\/api\/v1\/conversations\/waiting-count","status":401}
2026-09-27T06:43:42+00:00 WARNING Laravel returned an error status {"path":"\/api\/v1\/conversations\/waiting-count","status":401}
2026-09-27T06:43:51+00:00 WARNING Laravel returned an error status {"path":"\/api\/v1\/conversations\/waiting-count","status":401}
2026-09-27T06:44:00+00:00 WARNING Laravel returned an error status {"path":"\/api\/v1\/conversations\/438554c2-0e96-4349-a8d3-7b4715cd26fa\/messages?visitor_id=8d311587-10b1-497c-8b88-9498c906da5f","status":404}
2026-09-27T06:49:14+00:00 WARNING Laravel returned an error status {"path":"\/api\/v1\/conversations?per_page=25","status":401}
2026-09-27T06:49:14+00:00 WARNING Laravel returned an error status {"path":"\/api\/v1\/conversations\/waiting-count","status":401}
2026-09-27T06:49:14+00:00 WARNING Laravel returned an error status {"path":"\/api\/v1\/conversations\/6eaa76f5-b636-404b-b7aa-3968cc5665eb\/messages?after_id=6","status":401}
2026-09-27T09:31:12+00:00 WARNING Laravel returned an error status {"path":"\/api\/v1\/conversations?per_page=25","status":401}
2026-09-27T09:31:12+00:00 WARNING Laravel returned an error status {"path":"\/api\/v1\/conversations\/6eaa76f5-b636-404b-b7aa-3968cc5665eb\/messages?after_id=7","status":401}
2026-09-27T09:31:12+00:00 WARNING Laravel returned an error status {"path":"\/api\/v1\/conversations\/waiting-count","status":401}
2026-09-27T09:31:12+00:00 WARNING Laravel returned an error status {"path":"\/api\/v1\/conversations\/waiting-count","status":401}
2026-09-27T09:31:12+00:00 WARNING Laravel returned an error status {"path":"\/api\/v1\/conversations\/6eaa76f5-b636-404b-b7aa-3968cc5665eb\/messages?after_id=7","status":401}
2026-09-27T09:31:13+00:00 WARNING Laravel returned an error status {"path":"\/api\/v1\/conversations?per_page=25","status":401}
2026-09-27T09:31:14+00:00 WARNING Laravel returned an error status {"path":"\/api\/v1\/conversations\/waiting-count","status":401}
2026-09-27T09:31:14+00:00 WARNING Laravel returned an error status {"path":"\/api\/v1\/conversations\/waiting-count","status":401}
2026-09-27T09:31:14+00:00 WARNING Laravel returned an error status {"path":"\/api\/v1\/conversations\/6eaa76f5-b636-404b-b7aa-3968cc5665eb\/messages?after_id=7","status":401}
2026-09-27T09:31:14+00:00 WARNING Laravel returned an error status {"path":"\/api\/v1\/conversations?per_page=25","status":401}
2026-09-27T09:31:22+00:00 WARNING Laravel returned an error status {"path":"\/api\/v1\/conversations\/waiting-count","status":401}
2026-09-27T09:31:22+00:00 WARNING Laravel returned an error status {"path":"\/api\/v1\/conversations?per_page=25","status":401}
2026-09-27T09:31:29+00:00 WARNING Laravel returned an error status {"path":"\/api\/v1\/conversations?per_page=25","status":401}
2026-09-27T09:31:34+00:00 WARNING Laravel returned an error status {"path":"\/api\/v1\/conversations\/waiting-count","status":401}
2026-09-27T09:31:34+00:00 WARNING Laravel returned an error status {"path":"\/api\/v1\/conversations\/waiting-count","status":401}
2026-09-27T09:44:00+00:00 WARNING Laravel returned an error status {"path":"\/api\/v1\/conversations?per_page=25","status":401}
2026-09-27T09:44:00+00:00 WARNING Laravel returned an error status {"path":"\/api\/v1\/conversations\/waiting-count","status":401}
2026-09-27T09:44:00+00:00 WARNING Laravel returned an error status {"path":"\/api\/v1\/conversations\/waiting-count","status":401}
2026-09-27T09:44:00+00:00 WARNING Laravel returned an error status {"path":"\/api\/v1\/conversations?per_page=25","status":401}
2026-09-27T09:44:03+00:00 WARNING Laravel returned an error status {"path":"\/api\/v1\/conversations\/waiting-count","status":401}
2026-09-27T09:44:03+00:00 WARNING Laravel returned an error status {"path":"\/api\/v1\/conversations\/waiting-count","status":401}
2026-09-27T09:44:03+00:00 WARNING Laravel returned an error status {"path":"\/api\/v1\/conversations?per_page=25","status":401}
2026-09-27T09:44:04+00:00 WARNING Laravel returned an error status {"path":"\/api\/v1\/conversations\/waiting-count","status":401}
2026-09-27T09:44:04+00:00 WARNING Laravel returned an error status {"path":"\/api\/v1\/conversations\/waiting-count","status":401}
2026-09-27T09:44:05+00:00 WARNING Laravel returned an error status {"path":"\/api\/v1\/site","status":401}
2026-09-27T09:44:05+00:00 WARNING Laravel returned an error status {"path":"\/api\/v1\/usage","status":401}
2026-09-27T09:44:05+00:00 WARNING Laravel returned an error status {"path":"\/api\/v1\/site","status":401}
2026-09-27T09:44:06+00:00 WARNING Laravel returned an error status {"path":"\/api\/v1\/conversations\/waiting-count","status":401}
2026-09-27T09:44:07+00:00 WARNING Laravel returned an error status {"path":"\/api\/v1\/conversations\/waiting-count","status":401}
2026-09-27T09:44:07+00:00 WARNING Laravel returned an error status {"path":"\/api\/v1\/usage","status":401}
2026-09-27T09:44:07+00:00 WARNING Laravel returned an error status {"path":"\/api\/v1\/site","status":401}
2026-09-27T09:44:07+00:00 WARNING Laravel returned an error status {"path":"\/api\/v1\/conversations\/waiting-count","status":401}
2026-09-27T09:44:07+00:00 WARNING Laravel returned an error status {"path":"\/api\/v1\/conversations\/waiting-count","status":401}
2026-09-27T09:44:07+00:00 WARNING Laravel returned an error status {"path":"\/api\/v1\/usage","status":401}
2026-09-27T09:44:07+00:00 WARNING Laravel returned an error status {"path":"\/api\/v1\/site","status":401}
2026-09-27T09:44:12+00:00 WARNING Laravel returned an error status {"path":"\/api\/v1\/conversations\/6eaa76f5-b636-404b-b7aa-3968cc5665eb\/messages?visitor_id=8d311587-10b1-497c-8b88-9498c906da5f","status":401}
2026-09-27T09:44:15+00:00 WARNING Laravel returned an error status {"path":"\/api\/v1\/chat","status":401}
2026-09-27T09:44:17+00:00 WARNING Laravel returned an error status {"path":"\/api\/v1\/conversations\/6eaa76f5-b636-404b-b7aa-3968cc5665eb\/messages?visitor_id=8d311587-10b1-497c-8b88-9498c906da5f","status":401}
2026-09-27T09:44:17+00:00 WARNING Laravel returned an error status {"path":"\/api\/v1\/conversations\/waiting-count","status":401}
2026-09-27T09:44:19+00:00 WARNING Laravel returned an error status {"path":"\/api\/v1\/conversations\/waiting-count","status":401}
2026-09-27T09:44:19+00:00 WARNING Laravel returned an error status {"path":"\/api\/v1\/conversations\/waiting-count","status":401}
2026-09-27T09:44:24+00:00 WARNING Laravel returned an error status {"path":"\/api\/v1\/conversations\/waiting-count","status":401}
2026-09-27T09:44:31+00:00 WARNING Laravel returned an error status {"path":"\/api\/v1\/conversations\/waiting-count","status":401}
2026-09-27T09:44:51+00:00 WARNING Laravel returned an error status {"path":"\/api\/v1\/conversations\/waiting-count","status":401}
2026-09-27T09:45:01+00:00 WARNING Laravel returned an error status {"path":"\/api\/v1\/conversations\/waiting-count","status":401}
2026-09-27T09:45:31+00:00 WARNING Laravel returned an error status {"path":"\/api\/v1\/conversations\/waiting-count","status":401}
2026-09-27T10:29:32+00:00 WARNING Laravel returned an error status {"path":"\/api\/v1\/conversations\/6eaa76f5-b636-404b-b7aa-3968cc5665eb\/messages?visitor_id=8d311587-10b1-497c-8b88-9498c906da5f","status":401}
2026-09-27T10:29:33+00:00 WARNING Laravel returned an error status {"path":"\/api\/v1\/chat","status":401}
2026-09-27T10:35:10+00:00 WARNING Laravel returned an error status {"path":"\/api\/v1\/conversations\/waiting-count","status":401}
2026-09-27T10:35:10+00:00 WARNING Laravel returned an error status {"path":"\/api\/v1\/conversations\/waiting-count","status":401}
2026-09-27T10:42:09+00:00 WARNING Laravel returned an error status {"path":"\/api\/v1\/conversations\/waiting-count","status":401}
2026-09-27T10:42:10+00:00 WARNING Laravel returned an error status {"path":"\/api\/v1\/conversations\/waiting-count","status":401}
2026-09-27T10:45:50+00:00 WARNING Laravel returned an error status {"path":"\/api\/v1\/conversations\/waiting-count","status":401}
2026-09-27T10:45:50+00:00 WARNING Laravel returned an error status {"path":"\/api\/v1\/conversations\/waiting-count","status":401}
2026-09-27T10:56:20+00:00 WARNING Laravel returned an error status {"path":"\/api\/v1\/conversations\/waiting-count","status":401}
2026-09-27T10:56:28+00:00 WARNING Laravel returned an error status {"path":"\/api\/v1\/conversations\/waiting-count","status":401}
2026-09-27T10:56:28+00:00 WARNING Laravel returned an error status {"path":"\/api\/v1\/conversations\/waiting-count","status":401}
2026-09-27T11:51:16+00:00 WARNING Laravel returned an error status {"path":"\/api\/v1\/conversations\/waiting-count","status":401}
2026-09-27T11:51:16+00:00 WARNING Laravel returned an error status {"path":"\/api\/v1\/conversations\/waiting-count","status":401}
2026-09-27T11:51:29+00:00 WARNING Laravel returned an error status {"path":"\/api\/v1\/conversations\/waiting-count","status":401}
2026-09-27T11:51:59+00:00 WARNING Laravel returned an error status {"path":"\/api\/v1\/conversations\/waiting-count","status":401}
2026-09-27T11:52:29+00:00 WARNING Laravel returned an error status {"path":"\/api\/v1\/conversations\/waiting-count","status":401}
2026-09-27T11:52:59+00:00 WARNING Laravel returned an error status {"path":"\/api\/v1\/conversations\/waiting-count","status":401}
2026-09-27T11:53:29+00:00 WARNING Laravel returned an error status {"path":"\/api\/v1\/conversations\/waiting-count","status":401}
2026-09-27T11:53:59+00:00 WARNING Laravel returned an error status {"path":"\/api\/v1\/conversations\/waiting-count","status":401}
2026-09-27T11:54:29+00:00 WARNING Laravel returned an error status {"path":"\/api\/v1\/conversations\/waiting-count","status":401}
2026-09-27T11:54:54+00:00 WARNING Laravel returned an error status {"path":"\/api\/v1\/conversations\/waiting-count","status":401}
2026-09-27T12:12:17+00:00 WARNING Laravel returned an error status {"path":"\/api\/v1\/conversations\/waiting-count","status":401}
2026-09-27T12:12:18+00:00 WARNING Laravel returned an error status {"path":"\/api\/v1\/conversations\/waiting-count","status":401}
