2026-09-28T06:06:34+00:00 WARNING Laravel returned an error status {"path":"\/api\/v1\/conversations\/waiting-count","status":401}
2026-09-28T06:06:37+00:00 WARNING Laravel returned an error status {"path":"\/api\/v1\/conversations\/waiting-count","status":401}
2026-09-28T07:12:20+00:00 WARNING Laravel returned an error status {"path":"\/api\/v1\/conversations\/waiting-count","status":401}
2026-09-28T07:12:20+00:00 WARNING Laravel returned an error status {"path":"\/api\/v1\/conversations\/waiting-count","status":401}
2026-09-28T07:12:21+00:00 WARNING Laravel returned an error status {"path":"\/api\/v1\/conversations\/waiting-count","status":401}
2026-09-28T07:12:21+00:00 WARNING Laravel returned an error status {"path":"\/api\/v1\/conversations\/waiting-count","status":401}
2026-09-28T07:12:28+00:00 WARNING Laravel returned an error status {"path":"\/api\/v1\/conversations\/waiting-count","status":401}
2026-09-28T07:12:30+00:00 WARNING Laravel returned an error status {"path":"\/api\/v1\/conversations\/waiting-count","status":401}
2026-09-28T07:13:00+00:00 WARNING Laravel returned an error status {"path":"\/api\/v1\/conversations\/waiting-count","status":401}
2026-09-28T07:13:11+00:00 WARNING Laravel returned an error status {"path":"\/api\/v1\/conversations\/waiting-count","status":401}
2026-09-28T07:13:11+00:00 WARNING Laravel returned an error status {"path":"\/api\/v1\/conversations\/waiting-count","status":401}
2026-09-28T07:13:41+00:00 WARNING Laravel returned an error status {"path":"\/api\/v1\/conversations\/waiting-count","status":401}
2026-09-28T07:14:11+00:00 WARNING Laravel returned an error status {"path":"\/api\/v1\/conversations\/waiting-count","status":401}
2026-09-28T07:14:41+00:00 WARNING Laravel returned an error status {"path":"\/api\/v1\/conversations\/waiting-count","status":401}
2026-09-28T07:15:11+00:00 WARNING Laravel returned an error status {"path":"\/api\/v1\/conversations\/waiting-count","status":401}
2026-09-28T07:15:41+00:00 WARNING Laravel returned an error status {"path":"\/api\/v1\/conversations\/waiting-count","status":401}
2026-09-28T07:16:11+00:00 WARNING Laravel returned an error status {"path":"\/api\/v1\/conversations\/waiting-count","status":401}
2026-09-28T07:16:41+00:00 WARNING Laravel returned an error status {"path":"\/api\/v1\/conversations\/waiting-count","status":401}
2026-09-28T07:17:11+00:00 WARNING Laravel returned an error status {"path":"\/api\/v1\/conversations\/waiting-count","status":401}
2026-09-28T07:17:41+00:00 WARNING Laravel returned an error status {"path":"\/api\/v1\/conversations\/waiting-count","status":401}
2026-09-28T07:18:11+00:00 WARNING Laravel returned an error status {"path":"\/api\/v1\/conversations\/waiting-count","status":401}
2026-09-28T07:18:41+00:00 WARNING Laravel returned an error status {"path":"\/api\/v1\/conversations\/waiting-count","status":401}
2026-09-28T07:19:11+00:00 WARNING Laravel returned an error status {"path":"\/api\/v1\/conversations\/waiting-count","status":401}
2026-09-28T07:19:41+00:00 WARNING Laravel returned an error status {"path":"\/api\/v1\/conversations\/waiting-count","status":401}
2026-09-28T07:20:11+00:00 WARNING Laravel returned an error status {"path":"\/api\/v1\/conversations\/waiting-count","status":401}
2026-09-28T07:20:41+00:00 WARNING Laravel returned an error status {"path":"\/api\/v1\/conversations\/waiting-count","status":401}
2026-09-28T07:21:11+00:00 WARNING Laravel returned an error status {"path":"\/api\/v1\/conversations\/waiting-count","status":401}
2026-09-28T07:21:41+00:00 WARNING Laravel returned an error status {"path":"\/api\/v1\/conversations\/waiting-count","status":401}
2026-09-28T07:22:11+00:00 WARNING Laravel returned an error status {"path":"\/api\/v1\/conversations\/waiting-count","status":401}
2026-09-28T07:22:41+00:00 WARNING Laravel returned an error status {"path":"\/api\/v1\/conversations\/waiting-count","status":401}
2026-09-28T07:23:11+00:00 WARNING Laravel returned an error status {"path":"\/api\/v1\/conversations\/waiting-count","status":401}
2026-09-28T07:23:41+00:00 WARNING Laravel returned an error status {"path":"\/api\/v1\/conversations\/waiting-count","status":401}
2026-09-28T07:24:11+00:00 WARNING Laravel returned an error status {"path":"\/api\/v1\/conversations\/waiting-count","status":401}
2026-09-28T07:24:41+00:00 WARNING Laravel returned an error status {"path":"\/api\/v1\/conversations\/waiting-count","status":401}
2026-09-28T07:25:11+00:00 WARNING Laravel returned an error status {"path":"\/api\/v1\/conversations\/waiting-count","status":401}
2026-09-28T07:25:41+00:00 WARNING Laravel returned an error status {"path":"\/api\/v1\/conversations\/waiting-count","status":401}
2026-09-28T07:26:11+00:00 WARNING Laravel returned an error status {"path":"\/api\/v1\/conversations\/waiting-count","status":401}
2026-09-28T07:26:41+00:00 WARNING Laravel returned an error status {"path":"\/api\/v1\/conversations\/waiting-count","status":401}
2026-09-28T07:27:11+00:00 WARNING Laravel returned an error status {"path":"\/api\/v1\/conversations\/waiting-count","status":401}
2026-09-28T07:27:41+00:00 WARNING Laravel returned an error status {"path":"\/api\/v1\/conversations\/waiting-count","status":401}
2026-09-28T07:28:11+00:00 WARNING Laravel returned an error status {"path":"\/api\/v1\/conversations\/waiting-count","status":401}
2026-09-28T07:28:41+00:00 WARNING Laravel returned an error status {"path":"\/api\/v1\/conversations\/waiting-count","status":401}
2026-09-28T07:29:11+00:00 WARNING Laravel returned an error status {"path":"\/api\/v1\/conversations\/waiting-count","status":401}
2026-09-28T07:29:41+00:00 WARNING Laravel returned an error status {"path":"\/api\/v1\/conversations\/waiting-count","status":401}
2026-09-28T07:30:11+00:00 WARNING Laravel returned an error status {"path":"\/api\/v1\/conversations\/waiting-count","status":401}
2026-09-28T07:30:41+00:00 WARNING Laravel returned an error status {"path":"\/api\/v1\/conversations\/waiting-count","status":401}
2026-09-28T07:31:11+00:00 WARNING Laravel returned an error status {"path":"\/api\/v1\/conversations\/waiting-count","status":401}
2026-09-28T07:31:41+00:00 WARNING Laravel returned an error status {"path":"\/api\/v1\/conversations\/waiting-count","status":401}
2026-09-28T07:32:11+00:00 WARNING Laravel returned an error status {"path":"\/api\/v1\/conversations\/waiting-count","status":401}
2026-09-28T07:32:41+00:00 WARNING Laravel returned an error status {"path":"\/api\/v1\/conversations\/waiting-count","status":401}
2026-09-28T07:33:11+00:00 WARNING Laravel returned an error status {"path":"\/api\/v1\/conversations\/waiting-count","status":401}
2026-09-28T07:33:41+00:00 WARNING Laravel returned an error status {"path":"\/api\/v1\/conversations\/waiting-count","status":401}
2026-09-28T07:34:11+00:00 WARNING Laravel returned an error status {"path":"\/api\/v1\/conversations\/waiting-count","status":401}
2026-09-28T07:34:41+00:00 WARNING Laravel returned an error status {"path":"\/api\/v1\/conversations\/waiting-count","status":401}
2026-09-28T07:35:11+00:00 WARNING Laravel returned an error status {"path":"\/api\/v1\/conversations\/waiting-count","status":401}
2026-09-28T07:35:41+00:00 WARNING Laravel returned an error status {"path":"\/api\/v1\/conversations\/waiting-count","status":401}
2026-09-28T07:36:11+00:00 WARNING Laravel returned an error status {"path":"\/api\/v1\/conversations\/waiting-count","status":401}
2026-09-28T07:36:41+00:00 WARNING Laravel returned an error status {"path":"\/api\/v1\/conversations\/waiting-count","status":401}
2026-09-28T07:37:11+00:00 WARNING Laravel returned an error status {"path":"\/api\/v1\/conversations\/waiting-count","status":401}
2026-09-28T07:37:41+00:00 WARNING Laravel returned an error status {"path":"\/api\/v1\/conversations\/waiting-count","status":401}
2026-09-28T07:38:11+00:00 WARNING Laravel returned an error status {"path":"\/api\/v1\/conversations\/waiting-count","status":401}
2026-09-28T07:38:41+00:00 WARNING Laravel returned an error status {"path":"\/api\/v1\/conversations\/waiting-count","status":401}
2026-09-28T07:39:11+00:00 WARNING Laravel returned an error status {"path":"\/api\/v1\/conversations\/waiting-count","status":401}
2026-09-28T07:39:41+00:00 WARNING Laravel returned an error status {"path":"\/api\/v1\/conversations\/waiting-count","status":401}
2026-09-28T07:40:11+00:00 WARNING Laravel returned an error status {"path":"\/api\/v1\/conversations\/waiting-count","status":401}
2026-09-28T07:40:41+00:00 WARNING Laravel returned an error status {"path":"\/api\/v1\/conversations\/waiting-count","status":401}
2026-09-28T07:41:11+00:00 WARNING Laravel returned an error status {"path":"\/api\/v1\/conversations\/waiting-count","status":401}
2026-09-28T07:41:41+00:00 WARNING Laravel returned an error status {"path":"\/api\/v1\/conversations\/waiting-count","status":401}
2026-09-28T07:42:11+00:00 WARNING Laravel returned an error status {"path":"\/api\/v1\/conversations\/waiting-count","status":401}
2026-09-28T07:42:41+00:00 WARNING Laravel returned an error status {"path":"\/api\/v1\/conversations\/waiting-count","status":401}
2026-09-28T07:43:11+00:00 WARNING Laravel returned an error status {"path":"\/api\/v1\/conversations\/waiting-count","status":401}
2026-09-28T07:43:41+00:00 WARNING Laravel returned an error status {"path":"\/api\/v1\/conversations\/waiting-count","status":401}
2026-09-28T07:44:11+00:00 WARNING Laravel returned an error status {"path":"\/api\/v1\/conversations\/waiting-count","status":401}
2026-09-28T07:44:41+00:00 WARNING Laravel returned an error status {"path":"\/api\/v1\/conversations\/waiting-count","status":401}
2026-09-28T07:45:11+00:00 WARNING Laravel returned an error status {"path":"\/api\/v1\/conversations\/waiting-count","status":401}
2026-09-28T07:45:41+00:00 WARNING Laravel returned an error status {"path":"\/api\/v1\/conversations\/waiting-count","status":401}
2026-09-28T07:46:11+00:00 WARNING Laravel returned an error status {"path":"\/api\/v1\/conversations\/waiting-count","status":401}
2026-09-28T07:46:41+00:00 WARNING Laravel returned an error status {"path":"\/api\/v1\/conversations\/waiting-count","status":401}
2026-09-28T07:47:11+00:00 WARNING Laravel returned an error status {"path":"\/api\/v1\/conversations\/waiting-count","status":401}
2026-09-28T07:47:41+00:00 WARNING Laravel returned an error status {"path":"\/api\/v1\/conversations\/waiting-count","status":401}
2026-09-28T07:48:11+00:00 WARNING Laravel returned an error status {"path":"\/api\/v1\/conversations\/waiting-count","status":401}
2026-09-28T07:48:41+00:00 WARNING Laravel returned an error status {"path":"\/api\/v1\/conversations\/waiting-count","status":401}
2026-09-28T07:49:11+00:00 WARNING Laravel returned an error status {"path":"\/api\/v1\/conversations\/waiting-count","status":401}
2026-09-28T07:49:41+00:00 WARNING Laravel returned an error status {"path":"\/api\/v1\/conversations\/waiting-count","status":401}
2026-09-28T07:50:11+00:00 WARNING Laravel returned an error status {"path":"\/api\/v1\/conversations\/waiting-count","status":401}
2026-09-28T07:50:41+00:00 WARNING Laravel returned an error status {"path":"\/api\/v1\/conversations\/waiting-count","status":401}
2026-09-28T07:51:11+00:00 WARNING Laravel returned an error status {"path":"\/api\/v1\/conversations\/waiting-count","status":401}
2026-09-28T07:51:41+00:00 WARNING Laravel returned an error status {"path":"\/api\/v1\/conversations\/waiting-count","status":401}
2026-09-28T07:52:11+00:00 WARNING Laravel returned an error status {"path":"\/api\/v1\/conversations\/waiting-count","status":401}
2026-09-28T07:52:41+00:00 WARNING Laravel returned an error status {"path":"\/api\/v1\/conversations\/waiting-count","status":401}
2026-09-28T07:53:11+00:00 WARNING Laravel returned an error status {"path":"\/api\/v1\/conversations\/waiting-count","status":401}
2026-09-28T07:53:41+00:00 WARNING Laravel returned an error status {"path":"\/api\/v1\/conversations\/waiting-count","status":401}
2026-09-28T07:54:11+00:00 WARNING Laravel returned an error status {"path":"\/api\/v1\/conversations\/waiting-count","status":401}
2026-09-28T07:54:41+00:00 WARNING Laravel returned an error status {"path":"\/api\/v1\/conversations\/waiting-count","status":401}
2026-09-28T07:55:11+00:00 WARNING Laravel returned an error status {"path":"\/api\/v1\/conversations\/waiting-count","status":401}
2026-09-28T07:55:41+00:00 WARNING Laravel returned an error status {"path":"\/api\/v1\/conversations\/waiting-count","status":401}
2026-09-28T07:56:11+00:00 WARNING Laravel returned an error status {"path":"\/api\/v1\/conversations\/waiting-count","status":401}
2026-09-28T07:56:41+00:00 WARNING Laravel returned an error status {"path":"\/api\/v1\/conversations\/waiting-count","status":401}
2026-09-28T07:57:11+00:00 WARNING Laravel returned an error status {"path":"\/api\/v1\/conversations\/waiting-count","status":401}
2026-09-28T07:57:41+00:00 WARNING Laravel returned an error status {"path":"\/api\/v1\/conversations\/waiting-count","status":401}
2026-09-28T07:58:11+00:00 WARNING Laravel returned an error status {"path":"\/api\/v1\/conversations\/waiting-count","status":401}
2026-09-28T07:58:41+00:00 WARNING Laravel returned an error status {"path":"\/api\/v1\/conversations\/waiting-count","status":401}
2026-09-28T07:59:11+00:00 WARNING Laravel returned an error status {"path":"\/api\/v1\/conversations\/waiting-count","status":401}
2026-09-28T07:59:41+00:00 WARNING Laravel returned an error status {"path":"\/api\/v1\/conversations\/waiting-count","status":401}
2026-09-28T08:00:11+00:00 WARNING Laravel returned an error status {"path":"\/api\/v1\/conversations\/waiting-count","status":401}
2026-09-28T08:00:41+00:00 WARNING Laravel returned an error status {"path":"\/api\/v1\/conversations\/waiting-count","status":401}
2026-09-28T08:01:11+00:00 WARNING Laravel returned an error status {"path":"\/api\/v1\/conversations\/waiting-count","status":401}
2026-09-28T08:01:41+00:00 WARNING Laravel returned an error status {"path":"\/api\/v1\/conversations\/waiting-count","status":401}
2026-09-28T08:02:11+00:00 WARNING Laravel returned an error status {"path":"\/api\/v1\/conversations\/waiting-count","status":401}
2026-09-28T08:02:41+00:00 WARNING Laravel returned an error status {"path":"\/api\/v1\/conversations\/waiting-count","status":401}
2026-09-28T08:03:11+00:00 WARNING Laravel returned an error status {"path":"\/api\/v1\/conversations\/waiting-count","status":401}
2026-09-28T08:03:41+00:00 WARNING Laravel returned an error status {"path":"\/api\/v1\/conversations\/waiting-count","status":401}
2026-09-28T08:04:11+00:00 WARNING Laravel returned an error status {"path":"\/api\/v1\/conversations\/waiting-count","status":401}
2026-09-28T08:04:41+00:00 WARNING Laravel returned an error status {"path":"\/api\/v1\/conversations\/waiting-count","status":401}
2026-09-28T08:05:11+00:00 WARNING Laravel returned an error status {"path":"\/api\/v1\/conversations\/waiting-count","status":401}
2026-09-28T08:05:41+00:00 WARNING Laravel returned an error status {"path":"\/api\/v1\/conversations\/waiting-count","status":401}
2026-09-28T08:06:11+00:00 WARNING Laravel returned an error status {"path":"\/api\/v1\/conversations\/waiting-count","status":401}
2026-09-28T08:06:41+00:00 WARNING Laravel returned an error status {"path":"\/api\/v1\/conversations\/waiting-count","status":401}
2026-09-28T08:07:11+00:00 WARNING Laravel returned an error status {"path":"\/api\/v1\/conversations\/waiting-count","status":401}
2026-09-28T08:07:41+00:00 WARNING Laravel returned an error status {"path":"\/api\/v1\/conversations\/waiting-count","status":401}
2026-09-28T08:08:11+00:00 WARNING Laravel returned an error status {"path":"\/api\/v1\/conversations\/waiting-count","status":401}
2026-09-28T08:08:41+00:00 WARNING Laravel returned an error status {"path":"\/api\/v1\/conversations\/waiting-count","status":401}
2026-09-28T08:09:11+00:00 WARNING Laravel returned an error status {"path":"\/api\/v1\/conversations\/waiting-count","status":401}
2026-09-28T08:09:41+00:00 WARNING Laravel returned an error status {"path":"\/api\/v1\/conversations\/waiting-count","status":401}
2026-09-28T08:10:11+00:00 WARNING Laravel returned an error status {"path":"\/api\/v1\/conversations\/waiting-count","status":401}
2026-09-28T08:10:41+00:00 WARNING Laravel returned an error status {"path":"\/api\/v1\/conversations\/waiting-count","status":401}
2026-09-28T08:11:11+00:00 WARNING Laravel returned an error status {"path":"\/api\/v1\/conversations\/waiting-count","status":401}
2026-09-28T08:11:41+00:00 WARNING Laravel returned an error status {"path":"\/api\/v1\/conversations\/waiting-count","status":401}
2026-09-28T08:12:11+00:00 WARNING Laravel returned an error status {"path":"\/api\/v1\/conversations\/waiting-count","status":401}
2026-09-28T08:12:41+00:00 WARNING Laravel returned an error status {"path":"\/api\/v1\/conversations\/waiting-count","status":401}
2026-09-28T08:13:11+00:00 WARNING Laravel returned an error status {"path":"\/api\/v1\/conversations\/waiting-count","status":401}
2026-09-28T08:13:41+00:00 WARNING Laravel returned an error status {"path":"\/api\/v1\/conversations\/waiting-count","status":401}
2026-09-28T08:14:11+00:00 WARNING Laravel returned an error status {"path":"\/api\/v1\/conversations\/waiting-count","status":401}
2026-09-28T08:14:41+00:00 WARNING Laravel returned an error status {"path":"\/api\/v1\/conversations\/waiting-count","status":401}
2026-09-28T08:15:11+00:00 WARNING Laravel returned an error status {"path":"\/api\/v1\/conversations\/waiting-count","status":401}
2026-09-28T08:15:41+00:00 WARNING Laravel returned an error status {"path":"\/api\/v1\/conversations\/waiting-count","status":401}
2026-09-28T08:16:11+00:00 WARNING Laravel returned an error status {"path":"\/api\/v1\/conversations\/waiting-count","status":401}
2026-09-28T08:16:41+00:00 WARNING Laravel returned an error status {"path":"\/api\/v1\/conversations\/waiting-count","status":401}
2026-09-28T08:17:11+00:00 WARNING Laravel returned an error status {"path":"\/api\/v1\/conversations\/waiting-count","status":401}
2026-09-28T08:17:41+00:00 WARNING Laravel returned an error status {"path":"\/api\/v1\/conversations\/waiting-count","status":401}
2026-09-28T08:18:11+00:00 WARNING Laravel returned an error status {"path":"\/api\/v1\/conversations\/waiting-count","status":401}
2026-09-28T08:18:41+00:00 WARNING Laravel returned an error status {"path":"\/api\/v1\/conversations\/waiting-count","status":401}
2026-09-28T08:19:11+00:00 WARNING Laravel returned an error status {"path":"\/api\/v1\/conversations\/waiting-count","status":401}
2026-09-28T08:19:41+00:00 WARNING Laravel returned an error status {"path":"\/api\/v1\/conversations\/waiting-count","status":401}
2026-09-28T08:20:11+00:00 WARNING Laravel returned an error status {"path":"\/api\/v1\/conversations\/waiting-count","status":401}
2026-09-28T08:20:41+00:00 WARNING Laravel returned an error status {"path":"\/api\/v1\/conversations\/waiting-count","status":401}
2026-09-28T08:21:11+00:00 WARNING Laravel returned an error status {"path":"\/api\/v1\/conversations\/waiting-count","status":401}
2026-09-28T08:21:41+00:00 WARNING Laravel returned an error status {"path":"\/api\/v1\/conversations\/waiting-count","status":401}
2026-09-28T08:22:11+00:00 WARNING Laravel returned an error status {"path":"\/api\/v1\/conversations\/waiting-count","status":401}
2026-09-28T08:22:41+00:00 WARNING Laravel returned an error status {"path":"\/api\/v1\/conversations\/waiting-count","status":401}
2026-09-28T08:23:11+00:00 WARNING Laravel returned an error status {"path":"\/api\/v1\/conversations\/waiting-count","status":401}
2026-09-28T08:23:41+00:00 WARNING Laravel returned an error status {"path":"\/api\/v1\/conversations\/waiting-count","status":401}
2026-09-28T08:24:11+00:00 WARNING Laravel returned an error status {"path":"\/api\/v1\/conversations\/waiting-count","status":401}
2026-09-28T08:24:41+00:00 WARNING Laravel returned an error status {"path":"\/api\/v1\/conversations\/waiting-count","status":401}
2026-09-28T08:25:11+00:00 WARNING Laravel returned an error status {"path":"\/api\/v1\/conversations\/waiting-count","status":401}
2026-09-28T08:25:41+00:00 WARNING Laravel returned an error status {"path":"\/api\/v1\/conversations\/waiting-count","status":401}
2026-09-28T08:26:11+00:00 WARNING Laravel returned an error status {"path":"\/api\/v1\/conversations\/waiting-count","status":401}
2026-09-28T08:26:41+00:00 WARNING Laravel returned an error status {"path":"\/api\/v1\/conversations\/waiting-count","status":401}
2026-09-28T08:27:11+00:00 WARNING Laravel returned an error status {"path":"\/api\/v1\/conversations\/waiting-count","status":401}
2026-09-28T08:27:41+00:00 WARNING Laravel returned an error status {"path":"\/api\/v1\/conversations\/waiting-count","status":401}
2026-09-28T08:28:11+00:00 WARNING Laravel returned an error status {"path":"\/api\/v1\/conversations\/waiting-count","status":401}
2026-09-28T08:28:41+00:00 WARNING Laravel returned an error status {"path":"\/api\/v1\/conversations\/waiting-count","status":401}
2026-09-28T08:29:11+00:00 WARNING Laravel returned an error status {"path":"\/api\/v1\/conversations\/waiting-count","status":401}
2026-09-28T08:29:41+00:00 WARNING Laravel returned an error status {"path":"\/api\/v1\/conversations\/waiting-count","status":401}
2026-09-28T08:30:11+00:00 WARNING Laravel returned an error status {"path":"\/api\/v1\/conversations\/waiting-count","status":401}
2026-09-28T08:30:41+00:00 WARNING Laravel returned an error status {"path":"\/api\/v1\/conversations\/waiting-count","status":401}
2026-09-28T08:31:11+00:00 WARNING Laravel returned an error status {"path":"\/api\/v1\/conversations\/waiting-count","status":401}
2026-09-28T08:31:41+00:00 WARNING Laravel returned an error status {"path":"\/api\/v1\/conversations\/waiting-count","status":401}
2026-09-28T08:32:11+00:00 WARNING Laravel returned an error status {"path":"\/api\/v1\/conversations\/waiting-count","status":401}
2026-09-28T08:32:41+00:00 WARNING Laravel returned an error status {"path":"\/api\/v1\/conversations\/waiting-count","status":401}
2026-09-28T08:33:11+00:00 WARNING Laravel returned an error status {"path":"\/api\/v1\/conversations\/waiting-count","status":401}
2026-09-28T08:33:41+00:00 WARNING Laravel returned an error status {"path":"\/api\/v1\/conversations\/waiting-count","status":401}
2026-09-28T08:34:11+00:00 WARNING Laravel returned an error status {"path":"\/api\/v1\/conversations\/waiting-count","status":401}
2026-09-28T08:34:41+00:00 WARNING Laravel returned an error status {"path":"\/api\/v1\/conversations\/waiting-count","status":401}
2026-09-28T08:35:11+00:00 WARNING Laravel returned an error status {"path":"\/api\/v1\/conversations\/waiting-count","status":401}
2026-09-28T08:35:41+00:00 WARNING Laravel returned an error status {"path":"\/api\/v1\/conversations\/waiting-count","status":401}
2026-09-28T08:36:11+00:00 WARNING Laravel returned an error status {"path":"\/api\/v1\/conversations\/waiting-count","status":401}
2026-09-28T08:36:42+00:00 WARNING Laravel returned an error status {"path":"\/api\/v1\/conversations\/waiting-count","status":401}
2026-09-28T08:37:11+00:00 WARNING Laravel returned an error status {"path":"\/api\/v1\/conversations\/waiting-count","status":401}
2026-09-28T08:37:41+00:00 WARNING Laravel returned an error status {"path":"\/api\/v1\/conversations\/waiting-count","status":401}
2026-09-28T08:38:11+00:00 WARNING Laravel returned an error status {"path":"\/api\/v1\/conversations\/waiting-count","status":401}
2026-09-28T08:38:41+00:00 WARNING Laravel returned an error status {"path":"\/api\/v1\/conversations\/waiting-count","status":401}
2026-09-28T08:39:11+00:00 WARNING Laravel returned an error status {"path":"\/api\/v1\/conversations\/waiting-count","status":401}
2026-09-28T08:39:41+00:00 WARNING Laravel returned an error status {"path":"\/api\/v1\/conversations\/waiting-count","status":401}
2026-09-28T08:40:11+00:00 WARNING Laravel returned an error status {"path":"\/api\/v1\/conversations\/waiting-count","status":401}
2026-09-28T08:40:41+00:00 WARNING Laravel returned an error status {"path":"\/api\/v1\/conversations\/waiting-count","status":401}
2026-09-28T08:41:11+00:00 WARNING Laravel returned an error status {"path":"\/api\/v1\/conversations\/waiting-count","status":401}
2026-09-28T08:41:41+00:00 WARNING Laravel returned an error status {"path":"\/api\/v1\/conversations\/waiting-count","status":401}
2026-09-28T08:42:11+00:00 WARNING Laravel returned an error status {"path":"\/api\/v1\/conversations\/waiting-count","status":401}
2026-09-28T08:42:41+00:00 WARNING Laravel returned an error status {"path":"\/api\/v1\/conversations\/waiting-count","status":401}
2026-09-28T08:43:11+00:00 WARNING Laravel returned an error status {"path":"\/api\/v1\/conversations\/waiting-count","status":401}
2026-09-28T08:43:41+00:00 WARNING Laravel returned an error status {"path":"\/api\/v1\/conversations\/waiting-count","status":401}
2026-09-28T08:44:11+00:00 WARNING Laravel returned an error status {"path":"\/api\/v1\/conversations\/waiting-count","status":401}
2026-09-28T08:44:41+00:00 WARNING Laravel returned an error status {"path":"\/api\/v1\/conversations\/waiting-count","status":401}
2026-09-28T08:45:11+00:00 WARNING Laravel returned an error status {"path":"\/api\/v1\/conversations\/waiting-count","status":401}
2026-09-28T09:20:03+00:00 WARNING Laravel returned an error status {"path":"\/api\/v1\/conversations\/waiting-count","status":401}
2026-09-28T09:20:10+00:00 WARNING Laravel returned an error status {"path":"\/api\/v1\/conversations\/waiting-count","status":401}
2026-09-28T09:20:40+00:00 WARNING Laravel returned an error status {"path":"\/api\/v1\/conversations\/waiting-count","status":401}
2026-09-28T09:21:10+00:00 WARNING Laravel returned an error status {"path":"\/api\/v1\/conversations\/waiting-count","status":401}
2026-09-28T09:21:40+00:00 WARNING Laravel returned an error status {"path":"\/api\/v1\/conversations\/waiting-count","status":401}
2026-09-28T09:22:10+00:00 WARNING Laravel returned an error status {"path":"\/api\/v1\/conversations\/waiting-count","status":401}
2026-09-28T09:22:40+00:00 WARNING Laravel returned an error status {"path":"\/api\/v1\/conversations\/waiting-count","status":401}
2026-09-28T09:23:10+00:00 WARNING Laravel returned an error status {"path":"\/api\/v1\/conversations\/waiting-count","status":401}
2026-09-28T09:23:40+00:00 WARNING Laravel returned an error status {"path":"\/api\/v1\/conversations\/waiting-count","status":401}
2026-09-28T09:24:10+00:00 WARNING Laravel returned an error status {"path":"\/api\/v1\/conversations\/waiting-count","status":401}
2026-09-28T09:24:40+00:00 WARNING Laravel returned an error status {"path":"\/api\/v1\/conversations\/waiting-count","status":401}
2026-09-28T09:25:10+00:00 WARNING Laravel returned an error status {"path":"\/api\/v1\/conversations\/waiting-count","status":401}
2026-09-28T09:25:40+00:00 WARNING Laravel returned an error status {"path":"\/api\/v1\/conversations\/waiting-count","status":401}
2026-09-28T09:26:10+00:00 WARNING Laravel returned an error status {"path":"\/api\/v1\/conversations\/waiting-count","status":401}
2026-09-28T09:26:40+00:00 WARNING Laravel returned an error status {"path":"\/api\/v1\/conversations\/waiting-count","status":401}
2026-09-28T09:27:10+00:00 WARNING Laravel returned an error status {"path":"\/api\/v1\/conversations\/waiting-count","status":401}
2026-09-28T09:27:40+00:00 WARNING Laravel returned an error status {"path":"\/api\/v1\/conversations\/waiting-count","status":401}
2026-09-28T09:28:10+00:00 WARNING Laravel returned an error status {"path":"\/api\/v1\/conversations\/waiting-count","status":401}
2026-09-28T09:28:40+00:00 WARNING Laravel returned an error status {"path":"\/api\/v1\/conversations\/waiting-count","status":401}
2026-09-28T09:29:10+00:00 WARNING Laravel returned an error status {"path":"\/api\/v1\/conversations\/waiting-count","status":401}
2026-09-28T09:29:40+00:00 WARNING Laravel returned an error status {"path":"\/api\/v1\/conversations\/waiting-count","status":401}
2026-09-28T09:30:10+00:00 WARNING Laravel returned an error status {"path":"\/api\/v1\/conversations\/waiting-count","status":401}
2026-09-28T09:30:40+00:00 WARNING Laravel returned an error status {"path":"\/api\/v1\/conversations\/waiting-count","status":401}
2026-09-28T09:31:10+00:00 WARNING Laravel returned an error status {"path":"\/api\/v1\/conversations\/waiting-count","status":401}
2026-09-28T09:31:40+00:00 WARNING Laravel returned an error status {"path":"\/api\/v1\/conversations\/waiting-count","status":401}
2026-09-28T09:32:10+00:00 WARNING Laravel returned an error status {"path":"\/api\/v1\/conversations\/waiting-count","status":401}
2026-09-28T09:33:42+00:00 WARNING Laravel returned an error status {"path":"\/api\/v1\/conversations\/waiting-count","status":401}
2026-09-28T09:34:12+00:00 WARNING Laravel returned an error status {"path":"\/api\/v1\/conversations\/waiting-count","status":401}
2026-09-28T09:34:42+00:00 WARNING Laravel returned an error status {"path":"\/api\/v1\/conversations\/waiting-count","status":401}
2026-09-28T09:35:12+00:00 WARNING Laravel returned an error status {"path":"\/api\/v1\/conversations\/waiting-count","status":401}
2026-09-28T09:35:42+00:00 WARNING Laravel returned an error status {"path":"\/api\/v1\/conversations\/waiting-count","status":401}
2026-09-28T09:36:12+00:00 WARNING Laravel returned an error status {"path":"\/api\/v1\/conversations\/waiting-count","status":401}
2026-09-28T09:36:42+00:00 WARNING Laravel returned an error status {"path":"\/api\/v1\/conversations\/waiting-count","status":401}
2026-09-28T09:37:12+00:00 WARNING Laravel returned an error status {"path":"\/api\/v1\/conversations\/waiting-count","status":401}
2026-09-28T09:37:42+00:00 WARNING Laravel returned an error status {"path":"\/api\/v1\/conversations\/waiting-count","status":401}
2026-09-28T09:38:12+00:00 WARNING Laravel returned an error status {"path":"\/api\/v1\/conversations\/waiting-count","status":401}
2026-09-28T09:38:42+00:00 WARNING Laravel returned an error status {"path":"\/api\/v1\/conversations\/waiting-count","status":401}
2026-09-28T09:39:12+00:00 WARNING Laravel returned an error status {"path":"\/api\/v1\/conversations\/waiting-count","status":401}
2026-09-28T09:39:42+00:00 WARNING Laravel returned an error status {"path":"\/api\/v1\/conversations\/waiting-count","status":401}
2026-09-28T09:40:12+00:00 WARNING Laravel returned an error status {"path":"\/api\/v1\/conversations\/waiting-count","status":401}
2026-09-28T09:40:42+00:00 WARNING Laravel returned an error status {"path":"\/api\/v1\/conversations\/waiting-count","status":401}
2026-09-28T09:41:12+00:00 WARNING Laravel returned an error status {"path":"\/api\/v1\/conversations\/waiting-count","status":401}
2026-09-28T09:41:42+00:00 WARNING Laravel returned an error status {"path":"\/api\/v1\/conversations\/waiting-count","status":401}
2026-09-28T09:42:12+00:00 WARNING Laravel returned an error status {"path":"\/api\/v1\/conversations\/waiting-count","status":401}
2026-09-28T09:42:42+00:00 WARNING Laravel returned an error status {"path":"\/api\/v1\/conversations\/waiting-count","status":401}
2026-09-28T09:43:12+00:00 WARNING Laravel returned an error status {"path":"\/api\/v1\/conversations\/waiting-count","status":401}
2026-09-28T09:43:42+00:00 WARNING Laravel returned an error status {"path":"\/api\/v1\/conversations\/waiting-count","status":401}
2026-09-28T09:44:12+00:00 WARNING Laravel returned an error status {"path":"\/api\/v1\/conversations\/waiting-count","status":401}
2026-09-28T09:44:42+00:00 WARNING Laravel returned an error status {"path":"\/api\/v1\/conversations\/waiting-count","status":401}
2026-09-28T09:45:12+00:00 WARNING Laravel returned an error status {"path":"\/api\/v1\/conversations\/waiting-count","status":401}
2026-09-28T09:45:42+00:00 WARNING Laravel returned an error status {"path":"\/api\/v1\/conversations\/waiting-count","status":401}
2026-09-28T09:46:12+00:00 WARNING Laravel returned an error status {"path":"\/api\/v1\/conversations\/waiting-count","status":401}
2026-09-28T09:46:42+00:00 WARNING Laravel returned an error status {"path":"\/api\/v1\/conversations\/waiting-count","status":401}
2026-09-28T09:47:12+00:00 WARNING Laravel returned an error status {"path":"\/api\/v1\/conversations\/waiting-count","status":401}
2026-09-28T09:47:42+00:00 WARNING Laravel returned an error status {"path":"\/api\/v1\/conversations\/waiting-count","status":401}
2026-09-28T09:48:12+00:00 WARNING Laravel returned an error status {"path":"\/api\/v1\/conversations\/waiting-count","status":401}
2026-09-28T09:48:42+00:00 WARNING Laravel returned an error status {"path":"\/api\/v1\/conversations\/waiting-count","status":401}
2026-09-28T09:49:12+00:00 WARNING Laravel returned an error status {"path":"\/api\/v1\/conversations\/waiting-count","status":401}
2026-09-28T09:49:42+00:00 WARNING Laravel returned an error status {"path":"\/api\/v1\/conversations\/waiting-count","status":401}
2026-09-28T09:50:12+00:00 WARNING Laravel returned an error status {"path":"\/api\/v1\/conversations\/waiting-count","status":401}
2026-09-28T09:50:42+00:00 WARNING Laravel returned an error status {"path":"\/api\/v1\/conversations\/waiting-count","status":401}
2026-09-28T09:51:12+00:00 WARNING Laravel returned an error status {"path":"\/api\/v1\/conversations\/waiting-count","status":401}
2026-09-28T09:51:42+00:00 WARNING Laravel returned an error status {"path":"\/api\/v1\/conversations\/waiting-count","status":401}
2026-09-28T09:52:12+00:00 WARNING Laravel returned an error status {"path":"\/api\/v1\/conversations\/waiting-count","status":401}
2026-09-28T09:52:42+00:00 WARNING Laravel returned an error status {"path":"\/api\/v1\/conversations\/waiting-count","status":401}
2026-09-28T09:53:12+00:00 WARNING Laravel returned an error status {"path":"\/api\/v1\/conversations\/waiting-count","status":401}
2026-09-28T09:53:42+00:00 WARNING Laravel returned an error status {"path":"\/api\/v1\/conversations\/waiting-count","status":401}
2026-09-28T09:54:12+00:00 WARNING Laravel returned an error status {"path":"\/api\/v1\/conversations\/waiting-count","status":401}
2026-09-28T09:54:42+00:00 WARNING Laravel returned an error status {"path":"\/api\/v1\/conversations\/waiting-count","status":401}
2026-09-28T09:54:53+00:00 WARNING Laravel returned an error status {"path":"\/api\/v1\/conversations\/6eaa76f5-b636-404b-b7aa-3968cc5665eb\/messages?visitor_id=8d311587-10b1-497c-8b88-9498c906da5f","status":401}
2026-09-28T09:55:00+00:00 WARNING Laravel returned an error status {"path":"\/api\/v1\/conversations\/6eaa76f5-b636-404b-b7aa-3968cc5665eb\/messages?visitor_id=8d311587-10b1-497c-8b88-9498c906da5f","status":401}
2026-09-28T09:59:25+00:00 WARNING Laravel returned an error status {"path":"\/api\/v1\/conversations\/waiting-count","status":401}
2026-09-28T09:59:25+00:00 WARNING Laravel returned an error status {"path":"\/api\/v1\/conversations\/waiting-count","status":401}
2026-09-28T09:59:25+00:00 WARNING Laravel returned an error status {"path":"\/api\/v1\/site","status":401}
2026-09-28T09:59:25+00:00 WARNING Laravel returned an error status {"path":"\/api\/v1\/usage","status":401}
2026-09-28T09:59:25+00:00 WARNING Laravel returned an error status {"path":"\/api\/v1\/site","status":401}
2026-09-28T09:59:55+00:00 WARNING Laravel returned an error status {"path":"\/api\/v1\/conversations\/waiting-count","status":401}
2026-09-28T10:00:25+00:00 WARNING Laravel returned an error status {"path":"\/api\/v1\/conversations\/waiting-count","status":401}
2026-09-28T10:00:55+00:00 WARNING Laravel returned an error status {"path":"\/api\/v1\/conversations\/waiting-count","status":401}
2026-09-28T10:01:25+00:00 WARNING Laravel returned an error status {"path":"\/api\/v1\/conversations\/waiting-count","status":401}
2026-09-28T10:01:55+00:00 WARNING Laravel returned an error status {"path":"\/api\/v1\/conversations\/waiting-count","status":401}
2026-09-28T10:02:25+00:00 WARNING Laravel returned an error status {"path":"\/api\/v1\/conversations\/waiting-count","status":401}
2026-09-28T10:02:55+00:00 WARNING Laravel returned an error status {"path":"\/api\/v1\/conversations\/waiting-count","status":401}
2026-09-28T10:03:25+00:00 WARNING Laravel returned an error status {"path":"\/api\/v1\/conversations\/waiting-count","status":401}
2026-09-28T10:03:55+00:00 WARNING Laravel returned an error status {"path":"\/api\/v1\/conversations\/waiting-count","status":401}
2026-09-28T10:04:25+00:00 WARNING Laravel returned an error status {"path":"\/api\/v1\/conversations\/waiting-count","status":401}
2026-09-28T10:04:55+00:00 WARNING Laravel returned an error status {"path":"\/api\/v1\/conversations\/waiting-count","status":401}
2026-09-28T10:05:25+00:00 WARNING Laravel returned an error status {"path":"\/api\/v1\/conversations\/waiting-count","status":401}
2026-09-28T10:05:55+00:00 WARNING Laravel returned an error status {"path":"\/api\/v1\/conversations\/waiting-count","status":401}
2026-09-28T10:06:25+00:00 WARNING Laravel returned an error status {"path":"\/api\/v1\/conversations\/waiting-count","status":401}
2026-09-28T10:06:55+00:00 WARNING Laravel returned an error status {"path":"\/api\/v1\/conversations\/waiting-count","status":401}
2026-09-28T10:07:25+00:00 WARNING Laravel returned an error status {"path":"\/api\/v1\/conversations\/waiting-count","status":401}
2026-09-28T10:07:55+00:00 WARNING Laravel returned an error status {"path":"\/api\/v1\/conversations\/waiting-count","status":401}
2026-09-28T10:08:25+00:00 WARNING Laravel returned an error status {"path":"\/api\/v1\/conversations\/waiting-count","status":401}
2026-09-28T10:08:55+00:00 WARNING Laravel returned an error status {"path":"\/api\/v1\/conversations\/waiting-count","status":401}
2026-09-28T10:09:25+00:00 WARNING Laravel returned an error status {"path":"\/api\/v1\/conversations\/waiting-count","status":401}
2026-09-28T10:09:55+00:00 WARNING Laravel returned an error status {"path":"\/api\/v1\/conversations\/waiting-count","status":401}
2026-09-28T10:10:25+00:00 WARNING Laravel returned an error status {"path":"\/api\/v1\/conversations\/waiting-count","status":401}
2026-09-28T10:10:55+00:00 WARNING Laravel returned an error status {"path":"\/api\/v1\/conversations\/waiting-count","status":401}
2026-09-28T10:11:25+00:00 WARNING Laravel returned an error status {"path":"\/api\/v1\/conversations\/waiting-count","status":401}
2026-09-28T10:11:55+00:00 WARNING Laravel returned an error status {"path":"\/api\/v1\/conversations\/waiting-count","status":401}
2026-09-28T10:12:25+00:00 WARNING Laravel returned an error status {"path":"\/api\/v1\/conversations\/waiting-count","status":401}
2026-09-28T10:12:55+00:00 WARNING Laravel returned an error status {"path":"\/api\/v1\/conversations\/waiting-count","status":401}
2026-09-28T10:13:25+00:00 WARNING Laravel returned an error status {"path":"\/api\/v1\/conversations\/waiting-count","status":401}
2026-09-28T10:13:55+00:00 WARNING Laravel returned an error status {"path":"\/api\/v1\/conversations\/waiting-count","status":401}
2026-09-28T10:14:25+00:00 WARNING Laravel returned an error status {"path":"\/api\/v1\/conversations\/waiting-count","status":401}
2026-09-28T10:14:55+00:00 WARNING Laravel returned an error status {"path":"\/api\/v1\/conversations\/waiting-count","status":401}
2026-09-28T10:15:25+00:00 WARNING Laravel returned an error status {"path":"\/api\/v1\/conversations\/waiting-count","status":401}
2026-09-28T10:15:55+00:00 WARNING Laravel returned an error status {"path":"\/api\/v1\/conversations\/waiting-count","status":401}
2026-09-28T10:16:25+00:00 WARNING Laravel returned an error status {"path":"\/api\/v1\/conversations\/waiting-count","status":401}
2026-09-28T10:16:55+00:00 WARNING Laravel returned an error status {"path":"\/api\/v1\/conversations\/waiting-count","status":401}
2026-09-28T10:17:25+00:00 WARNING Laravel returned an error status {"path":"\/api\/v1\/conversations\/waiting-count","status":401}
2026-09-28T10:17:55+00:00 WARNING Laravel returned an error status {"path":"\/api\/v1\/conversations\/waiting-count","status":401}
2026-09-28T10:18:25+00:00 WARNING Laravel returned an error status {"path":"\/api\/v1\/conversations\/waiting-count","status":401}
2026-09-28T10:18:55+00:00 WARNING Laravel returned an error status {"path":"\/api\/v1\/conversations\/waiting-count","status":401}
2026-09-28T10:19:25+00:00 WARNING Laravel returned an error status {"path":"\/api\/v1\/conversations\/waiting-count","status":401}
2026-09-28T10:19:55+00:00 WARNING Laravel returned an error status {"path":"\/api\/v1\/conversations\/waiting-count","status":401}
2026-09-28T10:20:25+00:00 WARNING Laravel returned an error status {"path":"\/api\/v1\/conversations\/waiting-count","status":401}
2026-09-28T10:20:55+00:00 WARNING Laravel returned an error status {"path":"\/api\/v1\/conversations\/waiting-count","status":401}
2026-09-28T10:21:25+00:00 WARNING Laravel returned an error status {"path":"\/api\/v1\/conversations\/waiting-count","status":401}
2026-09-28T10:21:55+00:00 WARNING Laravel returned an error status {"path":"\/api\/v1\/conversations\/waiting-count","status":401}
2026-09-28T10:22:25+00:00 WARNING Laravel returned an error status {"path":"\/api\/v1\/conversations\/waiting-count","status":401}
2026-09-28T10:22:55+00:00 WARNING Laravel returned an error status {"path":"\/api\/v1\/conversations\/waiting-count","status":401}
2026-09-28T10:23:25+00:00 WARNING Laravel returned an error status {"path":"\/api\/v1\/conversations\/waiting-count","status":401}
2026-09-28T10:23:55+00:00 WARNING Laravel returned an error status {"path":"\/api\/v1\/conversations\/waiting-count","status":401}
2026-09-28T10:24:25+00:00 WARNING Laravel returned an error status {"path":"\/api\/v1\/conversations\/waiting-count","status":401}
2026-09-28T10:24:55+00:00 WARNING Laravel returned an error status {"path":"\/api\/v1\/conversations\/waiting-count","status":401}
2026-09-28T10:25:25+00:00 WARNING Laravel returned an error status {"path":"\/api\/v1\/conversations\/waiting-count","status":401}
2026-09-28T10:25:55+00:00 WARNING Laravel returned an error status {"path":"\/api\/v1\/conversations\/waiting-count","status":401}
2026-09-28T10:26:25+00:00 WARNING Laravel returned an error status {"path":"\/api\/v1\/conversations\/waiting-count","status":401}
2026-09-28T10:26:55+00:00 WARNING Laravel returned an error status {"path":"\/api\/v1\/conversations\/waiting-count","status":401}
2026-09-28T10:27:25+00:00 WARNING Laravel returned an error status {"path":"\/api\/v1\/conversations\/waiting-count","status":401}
2026-09-28T10:27:55+00:00 WARNING Laravel returned an error status {"path":"\/api\/v1\/conversations\/waiting-count","status":401}
2026-09-28T10:28:25+00:00 WARNING Laravel returned an error status {"path":"\/api\/v1\/conversations\/waiting-count","status":401}
2026-09-28T10:28:55+00:00 WARNING Laravel returned an error status {"path":"\/api\/v1\/conversations\/waiting-count","status":401}
2026-09-28T10:29:25+00:00 WARNING Laravel returned an error status {"path":"\/api\/v1\/conversations\/waiting-count","status":401}
2026-09-28T10:29:55+00:00 WARNING Laravel returned an error status {"path":"\/api\/v1\/conversations\/waiting-count","status":401}
2026-09-28T10:30:25+00:00 WARNING Laravel returned an error status {"path":"\/api\/v1\/conversations\/waiting-count","status":401}
2026-09-28T10:30:55+00:00 WARNING Laravel returned an error status {"path":"\/api\/v1\/conversations\/waiting-count","status":401}
2026-09-28T10:31:25+00:00 WARNING Laravel returned an error status {"path":"\/api\/v1\/conversations\/waiting-count","status":401}
2026-09-28T10:31:55+00:00 WARNING Laravel returned an error status {"path":"\/api\/v1\/conversations\/waiting-count","status":401}
2026-09-28T10:32:25+00:00 WARNING Laravel returned an error status {"path":"\/api\/v1\/conversations\/waiting-count","status":401}
2026-09-28T10:32:55+00:00 WARNING Laravel returned an error status {"path":"\/api\/v1\/conversations\/waiting-count","status":401}
2026-09-28T10:33:25+00:00 WARNING Laravel returned an error status {"path":"\/api\/v1\/conversations\/waiting-count","status":401}
2026-09-28T10:33:55+00:00 WARNING Laravel returned an error status {"path":"\/api\/v1\/conversations\/waiting-count","status":401}
2026-09-28T10:34:25+00:00 WARNING Laravel returned an error status {"path":"\/api\/v1\/conversations\/waiting-count","status":401}
2026-09-28T10:34:55+00:00 WARNING Laravel returned an error status {"path":"\/api\/v1\/conversations\/waiting-count","status":401}
2026-09-28T10:35:25+00:00 WARNING Laravel returned an error status {"path":"\/api\/v1\/conversations\/waiting-count","status":401}
2026-09-28T10:35:55+00:00 WARNING Laravel returned an error status {"path":"\/api\/v1\/conversations\/waiting-count","status":401}
2026-09-28T10:36:25+00:00 WARNING Laravel returned an error status {"path":"\/api\/v1\/conversations\/waiting-count","status":401}
2026-09-28T10:36:55+00:00 WARNING Laravel returned an error status {"path":"\/api\/v1\/conversations\/waiting-count","status":401}
2026-09-28T10:37:25+00:00 WARNING Laravel returned an error status {"path":"\/api\/v1\/conversations\/waiting-count","status":401}
2026-09-28T10:37:55+00:00 WARNING Laravel returned an error status {"path":"\/api\/v1\/conversations\/waiting-count","status":401}
2026-09-28T10:38:25+00:00 WARNING Laravel returned an error status {"path":"\/api\/v1\/conversations\/waiting-count","status":401}
2026-09-28T10:38:55+00:00 WARNING Laravel returned an error status {"path":"\/api\/v1\/conversations\/waiting-count","status":401}
2026-09-28T10:39:25+00:00 WARNING Laravel returned an error status {"path":"\/api\/v1\/conversations\/waiting-count","status":401}
2026-09-28T10:39:55+00:00 WARNING Laravel returned an error status {"path":"\/api\/v1\/conversations\/waiting-count","status":401}
2026-09-28T10:40:25+00:00 WARNING Laravel returned an error status {"path":"\/api\/v1\/conversations\/waiting-count","status":401}
2026-09-28T10:40:55+00:00 WARNING Laravel returned an error status {"path":"\/api\/v1\/conversations\/waiting-count","status":401}
2026-09-28T10:41:25+00:00 WARNING Laravel returned an error status {"path":"\/api\/v1\/conversations\/waiting-count","status":401}
2026-09-28T10:41:55+00:00 WARNING Laravel returned an error status {"path":"\/api\/v1\/conversations\/waiting-count","status":401}
2026-09-28T10:42:25+00:00 WARNING Laravel returned an error status {"path":"\/api\/v1\/conversations\/waiting-count","status":401}
2026-09-28T10:42:55+00:00 WARNING Laravel returned an error status {"path":"\/api\/v1\/conversations\/waiting-count","status":401}
2026-09-28T10:43:25+00:00 WARNING Laravel returned an error status {"path":"\/api\/v1\/conversations\/waiting-count","status":401}
2026-09-28T10:43:55+00:00 WARNING Laravel returned an error status {"path":"\/api\/v1\/conversations\/waiting-count","status":401}
2026-09-28T10:44:25+00:00 WARNING Laravel returned an error status {"path":"\/api\/v1\/conversations\/waiting-count","status":401}
2026-09-28T10:44:55+00:00 WARNING Laravel returned an error status {"path":"\/api\/v1\/conversations\/waiting-count","status":401}
2026-09-28T10:45:25+00:00 WARNING Laravel returned an error status {"path":"\/api\/v1\/conversations\/waiting-count","status":401}
2026-09-28T10:45:55+00:00 WARNING Laravel returned an error status {"path":"\/api\/v1\/conversations\/waiting-count","status":401}
2026-09-28T10:46:25+00:00 WARNING Laravel returned an error status {"path":"\/api\/v1\/conversations\/waiting-count","status":401}
2026-09-28T10:46:55+00:00 WARNING Laravel returned an error status {"path":"\/api\/v1\/conversations\/waiting-count","status":401}
2026-09-28T10:47:25+00:00 WARNING Laravel returned an error status {"path":"\/api\/v1\/conversations\/waiting-count","status":401}
2026-09-28T10:47:55+00:00 WARNING Laravel returned an error status {"path":"\/api\/v1\/conversations\/waiting-count","status":401}
2026-09-28T10:48:25+00:00 WARNING Laravel returned an error status {"path":"\/api\/v1\/conversations\/waiting-count","status":401}
2026-09-28T10:48:55+00:00 WARNING Laravel returned an error status {"path":"\/api\/v1\/conversations\/waiting-count","status":401}
2026-09-28T10:49:25+00:00 WARNING Laravel returned an error status {"path":"\/api\/v1\/conversations\/waiting-count","status":401}
2026-09-28T10:49:55+00:00 WARNING Laravel returned an error status {"path":"\/api\/v1\/conversations\/waiting-count","status":401}
2026-09-28T10:50:25+00:00 WARNING Laravel returned an error status {"path":"\/api\/v1\/conversations\/waiting-count","status":401}
2026-09-28T10:50:55+00:00 WARNING Laravel returned an error status {"path":"\/api\/v1\/conversations\/waiting-count","status":401}
2026-09-28T10:51:25+00:00 WARNING Laravel returned an error status {"path":"\/api\/v1\/conversations\/waiting-count","status":401}
2026-09-28T10:51:55+00:00 WARNING Laravel returned an error status {"path":"\/api\/v1\/conversations\/waiting-count","status":401}
2026-09-28T10:52:25+00:00 WARNING Laravel returned an error status {"path":"\/api\/v1\/conversations\/waiting-count","status":401}
2026-09-28T10:52:55+00:00 WARNING Laravel returned an error status {"path":"\/api\/v1\/conversations\/waiting-count","status":401}
2026-09-28T10:53:25+00:00 WARNING Laravel returned an error status {"path":"\/api\/v1\/conversations\/waiting-count","status":401}
2026-09-28T10:53:55+00:00 WARNING Laravel returned an error status {"path":"\/api\/v1\/conversations\/waiting-count","status":401}
2026-09-28T10:54:25+00:00 WARNING Laravel returned an error status {"path":"\/api\/v1\/conversations\/waiting-count","status":401}
2026-09-28T10:54:55+00:00 WARNING Laravel returned an error status {"path":"\/api\/v1\/conversations\/waiting-count","status":401}
2026-09-28T10:55:25+00:00 WARNING Laravel returned an error status {"path":"\/api\/v1\/conversations\/waiting-count","status":401}
2026-09-28T10:55:55+00:00 WARNING Laravel returned an error status {"path":"\/api\/v1\/conversations\/waiting-count","status":401}
2026-09-28T10:56:25+00:00 WARNING Laravel returned an error status {"path":"\/api\/v1\/conversations\/waiting-count","status":401}
2026-09-28T10:56:55+00:00 WARNING Laravel returned an error status {"path":"\/api\/v1\/conversations\/waiting-count","status":401}
2026-09-28T10:57:25+00:00 WARNING Laravel returned an error status {"path":"\/api\/v1\/conversations\/waiting-count","status":401}
2026-09-28T10:57:55+00:00 WARNING Laravel returned an error status {"path":"\/api\/v1\/conversations\/waiting-count","status":401}
2026-09-28T10:58:25+00:00 WARNING Laravel returned an error status {"path":"\/api\/v1\/conversations\/waiting-count","status":401}
2026-09-28T10:58:55+00:00 WARNING Laravel returned an error status {"path":"\/api\/v1\/conversations\/waiting-count","status":401}
2026-09-28T10:59:25+00:00 WARNING Laravel returned an error status {"path":"\/api\/v1\/conversations\/waiting-count","status":401}
2026-09-28T10:59:55+00:00 WARNING Laravel returned an error status {"path":"\/api\/v1\/conversations\/waiting-count","status":401}
2026-09-28T11:00:25+00:00 WARNING Laravel returned an error status {"path":"\/api\/v1\/conversations\/waiting-count","status":401}
2026-09-28T11:00:55+00:00 WARNING Laravel returned an error status {"path":"\/api\/v1\/conversations\/waiting-count","status":401}
2026-09-28T11:01:25+00:00 WARNING Laravel returned an error status {"path":"\/api\/v1\/conversations\/waiting-count","status":401}
2026-09-28T11:01:55+00:00 WARNING Laravel returned an error status {"path":"\/api\/v1\/conversations\/waiting-count","status":401}
2026-09-28T11:02:25+00:00 WARNING Laravel returned an error status {"path":"\/api\/v1\/conversations\/waiting-count","status":401}
2026-09-28T11:02:55+00:00 WARNING Laravel returned an error status {"path":"\/api\/v1\/conversations\/waiting-count","status":401}
2026-09-28T11:03:25+00:00 WARNING Laravel returned an error status {"path":"\/api\/v1\/conversations\/waiting-count","status":401}
2026-09-28T11:03:55+00:00 WARNING Laravel returned an error status {"path":"\/api\/v1\/conversations\/waiting-count","status":401}
2026-09-28T11:04:25+00:00 WARNING Laravel returned an error status {"path":"\/api\/v1\/conversations\/waiting-count","status":401}
2026-09-28T11:04:55+00:00 WARNING Laravel returned an error status {"path":"\/api\/v1\/conversations\/waiting-count","status":401}
2026-09-28T11:05:25+00:00 WARNING Laravel returned an error status {"path":"\/api\/v1\/conversations\/waiting-count","status":401}
2026-09-28T11:05:55+00:00 WARNING Laravel returned an error status {"path":"\/api\/v1\/conversations\/waiting-count","status":401}
2026-09-28T11:06:25+00:00 WARNING Laravel returned an error status {"path":"\/api\/v1\/conversations\/waiting-count","status":401}
2026-09-28T11:06:55+00:00 WARNING Laravel returned an error status {"path":"\/api\/v1\/conversations\/waiting-count","status":401}
2026-09-28T11:07:25+00:00 WARNING Laravel returned an error status {"path":"\/api\/v1\/conversations\/waiting-count","status":401}
2026-09-28T11:07:55+00:00 WARNING Laravel returned an error status {"path":"\/api\/v1\/conversations\/waiting-count","status":401}
2026-09-28T11:08:25+00:00 WARNING Laravel returned an error status {"path":"\/api\/v1\/conversations\/waiting-count","status":401}
2026-09-28T11:08:55+00:00 WARNING Laravel returned an error status {"path":"\/api\/v1\/conversations\/waiting-count","status":401}
2026-09-28T11:09:25+00:00 WARNING Laravel returned an error status {"path":"\/api\/v1\/conversations\/waiting-count","status":401}
2026-09-28T11:09:55+00:00 WARNING Laravel returned an error status {"path":"\/api\/v1\/conversations\/waiting-count","status":401}
2026-09-28T11:10:25+00:00 WARNING Laravel returned an error status {"path":"\/api\/v1\/conversations\/waiting-count","status":401}
2026-09-28T11:10:55+00:00 WARNING Laravel returned an error status {"path":"\/api\/v1\/conversations\/waiting-count","status":401}
2026-09-28T11:11:25+00:00 WARNING Laravel returned an error status {"path":"\/api\/v1\/conversations\/waiting-count","status":401}
2026-09-28T11:11:55+00:00 WARNING Laravel returned an error status {"path":"\/api\/v1\/conversations\/waiting-count","status":401}
2026-09-28T11:12:25+00:00 WARNING Laravel returned an error status {"path":"\/api\/v1\/conversations\/waiting-count","status":401}
2026-09-28T11:12:55+00:00 WARNING Laravel returned an error status {"path":"\/api\/v1\/conversations\/waiting-count","status":401}
2026-09-28T11:13:25+00:00 WARNING Laravel returned an error status {"path":"\/api\/v1\/conversations\/waiting-count","status":401}
2026-09-28T11:13:55+00:00 WARNING Laravel returned an error status {"path":"\/api\/v1\/conversations\/waiting-count","status":401}
2026-09-28T11:14:25+00:00 WARNING Laravel returned an error status {"path":"\/api\/v1\/conversations\/waiting-count","status":401}
2026-09-28T11:14:55+00:00 WARNING Laravel returned an error status {"path":"\/api\/v1\/conversations\/waiting-count","status":401}
2026-09-28T11:15:25+00:00 WARNING Laravel returned an error status {"path":"\/api\/v1\/conversations\/waiting-count","status":401}
2026-09-28T11:15:55+00:00 WARNING Laravel returned an error status {"path":"\/api\/v1\/conversations\/waiting-count","status":401}
2026-09-28T11:16:25+00:00 WARNING Laravel returned an error status {"path":"\/api\/v1\/conversations\/waiting-count","status":401}
2026-09-28T11:16:55+00:00 WARNING Laravel returned an error status {"path":"\/api\/v1\/conversations\/waiting-count","status":401}
2026-09-28T11:17:25+00:00 WARNING Laravel returned an error status {"path":"\/api\/v1\/conversations\/waiting-count","status":401}
2026-09-28T11:17:55+00:00 WARNING Laravel returned an error status {"path":"\/api\/v1\/conversations\/waiting-count","status":401}
2026-09-28T11:18:25+00:00 WARNING Laravel returned an error status {"path":"\/api\/v1\/conversations\/waiting-count","status":401}
2026-09-28T11:18:55+00:00 WARNING Laravel returned an error status {"path":"\/api\/v1\/conversations\/waiting-count","status":401}
2026-09-28T11:19:25+00:00 WARNING Laravel returned an error status {"path":"\/api\/v1\/conversations\/waiting-count","status":401}
2026-09-28T11:19:55+00:00 WARNING Laravel returned an error status {"path":"\/api\/v1\/conversations\/waiting-count","status":401}
2026-09-28T11:20:25+00:00 WARNING Laravel returned an error status {"path":"\/api\/v1\/conversations\/waiting-count","status":401}
2026-09-28T11:20:55+00:00 WARNING Laravel returned an error status {"path":"\/api\/v1\/conversations\/waiting-count","status":401}
2026-09-28T11:21:25+00:00 WARNING Laravel returned an error status {"path":"\/api\/v1\/conversations\/waiting-count","status":401}
2026-09-28T11:21:55+00:00 WARNING Laravel returned an error status {"path":"\/api\/v1\/conversations\/waiting-count","status":401}
2026-09-28T11:22:25+00:00 WARNING Laravel returned an error status {"path":"\/api\/v1\/conversations\/waiting-count","status":401}
2026-09-28T11:22:55+00:00 WARNING Laravel returned an error status {"path":"\/api\/v1\/conversations\/waiting-count","status":401}
2026-09-28T11:23:25+00:00 WARNING Laravel returned an error status {"path":"\/api\/v1\/conversations\/waiting-count","status":401}
2026-09-28T11:23:55+00:00 WARNING Laravel returned an error status {"path":"\/api\/v1\/conversations\/waiting-count","status":401}
2026-09-28T11:24:25+00:00 WARNING Laravel returned an error status {"path":"\/api\/v1\/conversations\/waiting-count","status":401}
2026-09-28T11:24:55+00:00 WARNING Laravel returned an error status {"path":"\/api\/v1\/conversations\/waiting-count","status":401}
2026-09-28T11:25:25+00:00 WARNING Laravel returned an error status {"path":"\/api\/v1\/conversations\/waiting-count","status":401}
2026-09-28T11:25:55+00:00 WARNING Laravel returned an error status {"path":"\/api\/v1\/conversations\/waiting-count","status":401}
2026-09-28T11:26:25+00:00 WARNING Laravel returned an error status {"path":"\/api\/v1\/conversations\/waiting-count","status":401}
2026-09-28T11:26:55+00:00 WARNING Laravel returned an error status {"path":"\/api\/v1\/conversations\/waiting-count","status":401}
2026-09-28T11:27:25+00:00 WARNING Laravel returned an error status {"path":"\/api\/v1\/conversations\/waiting-count","status":401}
2026-09-28T11:27:55+00:00 WARNING Laravel returned an error status {"path":"\/api\/v1\/conversations\/waiting-count","status":401}
2026-09-28T11:28:25+00:00 WARNING Laravel returned an error status {"path":"\/api\/v1\/conversations\/waiting-count","status":401}
2026-09-28T11:28:55+00:00 WARNING Laravel returned an error status {"path":"\/api\/v1\/conversations\/waiting-count","status":401}
2026-09-28T11:29:25+00:00 WARNING Laravel returned an error status {"path":"\/api\/v1\/conversations\/waiting-count","status":401}
2026-09-28T11:29:55+00:00 WARNING Laravel returned an error status {"path":"\/api\/v1\/conversations\/waiting-count","status":401}
2026-09-28T11:30:25+00:00 WARNING Laravel returned an error status {"path":"\/api\/v1\/conversations\/waiting-count","status":401}
2026-09-28T11:30:55+00:00 WARNING Laravel returned an error status {"path":"\/api\/v1\/conversations\/waiting-count","status":401}
2026-09-28T11:31:25+00:00 WARNING Laravel returned an error status {"path":"\/api\/v1\/conversations\/waiting-count","status":401}
2026-09-28T11:31:55+00:00 WARNING Laravel returned an error status {"path":"\/api\/v1\/conversations\/waiting-count","status":401}
2026-09-28T11:32:25+00:00 WARNING Laravel returned an error status {"path":"\/api\/v1\/conversations\/waiting-count","status":401}
2026-09-28T11:32:55+00:00 WARNING Laravel returned an error status {"path":"\/api\/v1\/conversations\/waiting-count","status":401}
2026-09-28T11:33:25+00:00 WARNING Laravel returned an error status {"path":"\/api\/v1\/conversations\/waiting-count","status":401}
2026-09-28T11:33:55+00:00 WARNING Laravel returned an error status {"path":"\/api\/v1\/conversations\/waiting-count","status":401}
2026-09-28T11:34:25+00:00 WARNING Laravel returned an error status {"path":"\/api\/v1\/conversations\/waiting-count","status":401}
2026-09-28T11:34:55+00:00 WARNING Laravel returned an error status {"path":"\/api\/v1\/conversations\/waiting-count","status":401}
2026-09-28T11:35:25+00:00 WARNING Laravel returned an error status {"path":"\/api\/v1\/conversations\/waiting-count","status":401}
2026-09-28T11:35:55+00:00 WARNING Laravel returned an error status {"path":"\/api\/v1\/conversations\/waiting-count","status":401}
2026-09-28T11:36:25+00:00 WARNING Laravel returned an error status {"path":"\/api\/v1\/conversations\/waiting-count","status":401}
2026-09-28T11:36:55+00:00 WARNING Laravel returned an error status {"path":"\/api\/v1\/conversations\/waiting-count","status":401}
2026-09-28T11:37:25+00:00 WARNING Laravel returned an error status {"path":"\/api\/v1\/conversations\/waiting-count","status":401}
2026-09-28T11:37:55+00:00 WARNING Laravel returned an error status {"path":"\/api\/v1\/conversations\/waiting-count","status":401}
2026-09-28T11:38:25+00:00 WARNING Laravel returned an error status {"path":"\/api\/v1\/conversations\/waiting-count","status":401}
2026-09-28T11:38:55+00:00 WARNING Laravel returned an error status {"path":"\/api\/v1\/conversations\/waiting-count","status":401}
2026-09-28T11:39:25+00:00 WARNING Laravel returned an error status {"path":"\/api\/v1\/conversations\/waiting-count","status":401}
2026-09-28T11:39:55+00:00 WARNING Laravel returned an error status {"path":"\/api\/v1\/conversations\/waiting-count","status":401}
2026-09-28T11:40:25+00:00 WARNING Laravel returned an error status {"path":"\/api\/v1\/conversations\/waiting-count","status":401}
2026-09-28T11:40:55+00:00 WARNING Laravel returned an error status {"path":"\/api\/v1\/conversations\/waiting-count","status":401}
2026-09-28T11:41:25+00:00 WARNING Laravel returned an error status {"path":"\/api\/v1\/conversations\/waiting-count","status":401}
2026-09-28T11:41:55+00:00 WARNING Laravel returned an error status {"path":"\/api\/v1\/conversations\/waiting-count","status":401}
2026-09-28T11:42:25+00:00 WARNING Laravel returned an error status {"path":"\/api\/v1\/conversations\/waiting-count","status":401}
2026-09-28T11:42:55+00:00 WARNING Laravel returned an error status {"path":"\/api\/v1\/conversations\/waiting-count","status":401}
2026-09-28T11:43:25+00:00 WARNING Laravel returned an error status {"path":"\/api\/v1\/conversations\/waiting-count","status":401}
2026-09-28T11:43:55+00:00 WARNING Laravel returned an error status {"path":"\/api\/v1\/conversations\/waiting-count","status":401}
2026-09-28T11:44:25+00:00 WARNING Laravel returned an error status {"path":"\/api\/v1\/conversations\/waiting-count","status":401}
2026-09-28T11:44:55+00:00 WARNING Laravel returned an error status {"path":"\/api\/v1\/conversations\/waiting-count","status":401}
2026-09-28T11:45:25+00:00 WARNING Laravel returned an error status {"path":"\/api\/v1\/conversations\/waiting-count","status":401}
2026-09-28T11:45:55+00:00 WARNING Laravel returned an error status {"path":"\/api\/v1\/conversations\/waiting-count","status":401}
2026-09-28T11:46:25+00:00 WARNING Laravel returned an error status {"path":"\/api\/v1\/conversations\/waiting-count","status":401}
2026-09-28T11:46:55+00:00 WARNING Laravel returned an error status {"path":"\/api\/v1\/conversations\/waiting-count","status":401}
2026-09-28T11:47:25+00:00 WARNING Laravel returned an error status {"path":"\/api\/v1\/conversations\/waiting-count","status":401}
2026-09-28T11:47:55+00:00 WARNING Laravel returned an error status {"path":"\/api\/v1\/conversations\/waiting-count","status":401}
2026-09-28T11:48:25+00:00 WARNING Laravel returned an error status {"path":"\/api\/v1\/conversations\/waiting-count","status":401}
2026-09-28T11:48:55+00:00 WARNING Laravel returned an error status {"path":"\/api\/v1\/conversations\/waiting-count","status":401}
2026-09-28T11:49:25+00:00 WARNING Laravel returned an error status {"path":"\/api\/v1\/conversations\/waiting-count","status":401}
2026-09-28T11:49:55+00:00 WARNING Laravel returned an error status {"path":"\/api\/v1\/conversations\/waiting-count","status":401}
2026-09-28T11:50:25+00:00 WARNING Laravel returned an error status {"path":"\/api\/v1\/conversations\/waiting-count","status":401}
2026-09-28T11:50:55+00:00 WARNING Laravel returned an error status {"path":"\/api\/v1\/conversations\/waiting-count","status":401}
2026-09-28T11:51:25+00:00 WARNING Laravel returned an error status {"path":"\/api\/v1\/conversations\/waiting-count","status":401}
2026-09-28T11:51:55+00:00 WARNING Laravel returned an error status {"path":"\/api\/v1\/conversations\/waiting-count","status":401}
2026-09-28T11:52:25+00:00 WARNING Laravel returned an error status {"path":"\/api\/v1\/conversations\/waiting-count","status":401}
2026-09-28T11:52:55+00:00 WARNING Laravel returned an error status {"path":"\/api\/v1\/conversations\/waiting-count","status":401}
2026-09-28T11:53:25+00:00 WARNING Laravel returned an error status {"path":"\/api\/v1\/conversations\/waiting-count","status":401}
2026-09-28T11:53:55+00:00 WARNING Laravel returned an error status {"path":"\/api\/v1\/conversations\/waiting-count","status":401}
2026-09-28T11:54:25+00:00 WARNING Laravel returned an error status {"path":"\/api\/v1\/conversations\/waiting-count","status":401}
2026-09-28T11:54:55+00:00 WARNING Laravel returned an error status {"path":"\/api\/v1\/conversations\/waiting-count","status":401}
2026-09-28T11:55:25+00:00 WARNING Laravel returned an error status {"path":"\/api\/v1\/conversations\/waiting-count","status":401}
2026-09-28T11:55:55+00:00 WARNING Laravel returned an error status {"path":"\/api\/v1\/conversations\/waiting-count","status":401}
2026-09-28T11:56:25+00:00 WARNING Laravel returned an error status {"path":"\/api\/v1\/conversations\/waiting-count","status":401}
2026-09-28T11:56:55+00:00 WARNING Laravel returned an error status {"path":"\/api\/v1\/conversations\/waiting-count","status":401}
2026-09-28T11:57:25+00:00 WARNING Laravel returned an error status {"path":"\/api\/v1\/conversations\/waiting-count","status":401}
2026-09-28T11:57:55+00:00 WARNING Laravel returned an error status {"path":"\/api\/v1\/conversations\/waiting-count","status":401}
2026-09-28T11:58:25+00:00 WARNING Laravel returned an error status {"path":"\/api\/v1\/conversations\/waiting-count","status":401}
2026-09-28T11:58:55+00:00 WARNING Laravel returned an error status {"path":"\/api\/v1\/conversations\/waiting-count","status":401}
2026-09-28T11:59:25+00:00 WARNING Laravel returned an error status {"path":"\/api\/v1\/conversations\/waiting-count","status":401}
2026-09-28T11:59:55+00:00 WARNING Laravel returned an error status {"path":"\/api\/v1\/conversations\/waiting-count","status":401}
2026-09-28T12:00:25+00:00 WARNING Laravel returned an error status {"path":"\/api\/v1\/conversations\/waiting-count","status":401}
2026-09-28T12:00:55+00:00 WARNING Laravel returned an error status {"path":"\/api\/v1\/conversations\/waiting-count","status":401}
2026-09-28T12:01:25+00:00 WARNING Laravel returned an error status {"path":"\/api\/v1\/conversations\/waiting-count","status":401}
2026-09-28T12:01:55+00:00 WARNING Laravel returned an error status {"path":"\/api\/v1\/conversations\/waiting-count","status":401}
2026-09-28T12:02:25+00:00 WARNING Laravel returned an error status {"path":"\/api\/v1\/conversations\/waiting-count","status":401}
2026-09-28T12:02:55+00:00 WARNING Laravel returned an error status {"path":"\/api\/v1\/conversations\/waiting-count","status":401}
2026-09-28T12:03:25+00:00 WARNING Laravel returned an error status {"path":"\/api\/v1\/conversations\/waiting-count","status":401}
2026-09-28T12:03:55+00:00 WARNING Laravel returned an error status {"path":"\/api\/v1\/conversations\/waiting-count","status":401}
2026-09-28T12:04:25+00:00 WARNING Laravel returned an error status {"path":"\/api\/v1\/conversations\/waiting-count","status":401}
2026-09-28T12:04:55+00:00 WARNING Laravel returned an error status {"path":"\/api\/v1\/conversations\/waiting-count","status":401}
2026-09-28T12:05:25+00:00 WARNING Laravel returned an error status {"path":"\/api\/v1\/conversations\/waiting-count","status":401}
2026-09-28T12:05:55+00:00 WARNING Laravel returned an error status {"path":"\/api\/v1\/conversations\/waiting-count","status":401}
2026-09-28T12:06:25+00:00 WARNING Laravel returned an error status {"path":"\/api\/v1\/conversations\/waiting-count","status":401}
2026-09-28T12:06:55+00:00 WARNING Laravel returned an error status {"path":"\/api\/v1\/conversations\/waiting-count","status":401}
2026-09-28T12:07:25+00:00 WARNING Laravel returned an error status {"path":"\/api\/v1\/conversations\/waiting-count","status":401}
2026-09-28T12:07:55+00:00 WARNING Laravel returned an error status {"path":"\/api\/v1\/conversations\/waiting-count","status":401}
2026-09-28T12:08:25+00:00 WARNING Laravel returned an error status {"path":"\/api\/v1\/conversations\/waiting-count","status":401}
2026-09-28T12:08:55+00:00 WARNING Laravel returned an error status {"path":"\/api\/v1\/conversations\/waiting-count","status":401}
2026-09-28T12:09:11+00:00 WARNING Laravel returned an error status {"path":"\/api\/v1\/conversations\/6eaa76f5-b636-404b-b7aa-3968cc5665eb\/messages?visitor_id=8d311587-10b1-497c-8b88-9498c906da5f","status":401}
2026-09-28T12:09:16+00:00 WARNING Laravel returned an error status {"path":"\/api\/v1\/conversations\/6eaa76f5-b636-404b-b7aa-3968cc5665eb\/messages?visitor_id=8d311587-10b1-497c-8b88-9498c906da5f","status":401}
2026-09-28T12:09:21+00:00 WARNING Laravel returned an error status {"path":"\/api\/v1\/conversations\/6eaa76f5-b636-404b-b7aa-3968cc5665eb\/messages?visitor_id=8d311587-10b1-497c-8b88-9498c906da5f","status":401}
2026-09-28T12:09:23+00:00 WARNING Laravel returned an error status {"path":"\/api\/v1\/chat","status":401}
2026-09-28T12:09:25+00:00 WARNING Laravel returned an error status {"path":"\/api\/v1\/chat","status":401}
2026-09-28T12:09:26+00:00 WARNING Laravel returned an error status {"path":"\/api\/v1\/conversations\/6eaa76f5-b636-404b-b7aa-3968cc5665eb\/messages?visitor_id=8d311587-10b1-497c-8b88-9498c906da5f","status":401}
2026-09-28T12:09:31+00:00 WARNING Laravel returned an error status {"path":"\/api\/v1\/conversations\/6eaa76f5-b636-404b-b7aa-3968cc5665eb\/messages?visitor_id=8d311587-10b1-497c-8b88-9498c906da5f","status":401}
